Archive member included because of file (symbol)

.\ARM_GCC_473\Debug\Bootloader_RPiSoC.a(cyfitter_cfg.o)
                              .\ARM_GCC_473\Debug\Cm3Start.o (cyfitter_cfg)
.\ARM_GCC_473\Debug\Bootloader_RPiSoC.a(Bootloader_1.o)
                              .\ARM_GCC_473\Debug\main.o (Bootloader_1_Start)
.\ARM_GCC_473\Debug\Bootloader_RPiSoC.a(CyBootAsmGnu.o)
                              .\ARM_GCC_473\Debug\Bootloader_RPiSoC.a(cyfitter_cfg.o) (CyDelayCycles)
.\ARM_GCC_473\Debug\Bootloader_RPiSoC.a(CyFlash.o)
                              .\ARM_GCC_473\Debug\Bootloader_RPiSoC.a(Bootloader_1.o) (CySetTemp)
.\ARM_GCC_473\Debug\Bootloader_RPiSoC.a(CyLib.o)
                              .\ARM_GCC_473\Debug\Cm3Start.o (CyResetStatus)
.\ARM_GCC_473\Debug\Bootloader_RPiSoC.a(cyPm.o)
                              .\ARM_GCC_473\Debug\Bootloader_RPiSoC.a(CyLib.o) (CyPmReadStatus)
.\ARM_GCC_473\Debug\Bootloader_RPiSoC.a(CySpc.o)
                              .\ARM_GCC_473\Debug\Bootloader_RPiSoC.a(CyFlash.o) (CySpcStart)
.\ARM_GCC_473\Debug\Bootloader_RPiSoC.a(BL_wait.o)
                              .\ARM_GCC_473\Debug\main.o (BL_wait_Read)
.\ARM_GCC_473\Debug\Bootloader_RPiSoC.a(USBFS_boot.o)
                              .\ARM_GCC_473\Debug\Bootloader_RPiSoC.a(Bootloader_1.o) (USBFS_CyBtldrCommStart)
.\ARM_GCC_473\Debug\Bootloader_RPiSoC.a(USBFS.o)
                              .\ARM_GCC_473\Debug\Bootloader_RPiSoC.a(USBFS_boot.o) (USBFS_Start)
.\ARM_GCC_473\Debug\Bootloader_RPiSoC.a(USBFS_drv.o)
                              .\ARM_GCC_473\Debug\Bootloader_RPiSoC.a(USBFS.o) (USBFS_EP)
.\ARM_GCC_473\Debug\Bootloader_RPiSoC.a(USBFS_episr.o)
                              .\ARM_GCC_473\Debug\Bootloader_RPiSoC.a(USBFS.o) (USBFS_EP_1_ISR)
.\ARM_GCC_473\Debug\Bootloader_RPiSoC.a(USBFS_hid.o)
                              .\ARM_GCC_473\Debug\Bootloader_RPiSoC.a(USBFS.o) (USBFS_hidProtocol)
.\ARM_GCC_473\Debug\Bootloader_RPiSoC.a(USBFS_std.o)
                              .\ARM_GCC_473\Debug\Bootloader_RPiSoC.a(USBFS_drv.o) (USBFS_HandleStandardRqst)
.\ARM_GCC_473\Debug\Bootloader_RPiSoC.a(USBFS_vnd.o)
                              .\ARM_GCC_473\Debug\Bootloader_RPiSoC.a(USBFS_drv.o) (USBFS_HandleVendorRqst)
.\ARM_GCC_473\Debug\Bootloader_RPiSoC.a(USBFS_cls.o)
                              .\ARM_GCC_473\Debug\Bootloader_RPiSoC.a(USBFS_drv.o) (USBFS_DispatchClassRqst)
.\ARM_GCC_473\Debug\Bootloader_RPiSoC.a(USBFS_descr.o)
                              .\ARM_GCC_473\Debug\Bootloader_RPiSoC.a(USBFS_std.o) (USBFS_DEVICE0_DESCR)
c:/program files (x86)/cypress/psoc creator/3.0/psoc creator/import/gnu_cs/arm/4.7.3/bin/../lib/gcc/arm-none-eabi/4.7.3/../../../../arm-none-eabi/lib/armv7-m\libc_s.a(lib_a-__atexit2.o)
                              c:/program files (x86)/cypress/psoc creator/3.0/psoc creator/import/gnu_cs/arm/4.7.3/bin/../lib/gcc/arm-none-eabi/4.7.3/../../../../arm-none-eabi/lib/armv7-m/crt0.o (__register_exitproc)
c:/program files (x86)/cypress/psoc creator/3.0/psoc creator/import/gnu_cs/arm/4.7.3/bin/../lib/gcc/arm-none-eabi/4.7.3/../../../../arm-none-eabi/lib/armv7-m\libc_s.a(lib_a-exit.o)
                              c:/program files (x86)/cypress/psoc creator/3.0/psoc creator/import/gnu_cs/arm/4.7.3/bin/../lib/gcc/arm-none-eabi/4.7.3/../../../../arm-none-eabi/lib/armv7-m/crt0.o (exit)
c:/program files (x86)/cypress/psoc creator/3.0/psoc creator/import/gnu_cs/arm/4.7.3/bin/../lib/gcc/arm-none-eabi/4.7.3/../../../../arm-none-eabi/lib/armv7-m\libc_s.a(lib_a-fini.o)
                              c:/program files (x86)/cypress/psoc creator/3.0/psoc creator/import/gnu_cs/arm/4.7.3/bin/../lib/gcc/arm-none-eabi/4.7.3/../../../../arm-none-eabi/lib/armv7-m/crt0.o (__libc_fini_array)
c:/program files (x86)/cypress/psoc creator/3.0/psoc creator/import/gnu_cs/arm/4.7.3/bin/../lib/gcc/arm-none-eabi/4.7.3/../../../../arm-none-eabi/lib/armv7-m\libc_s.a(lib_a-impure.o)
                              c:/program files (x86)/cypress/psoc creator/3.0/psoc creator/import/gnu_cs/arm/4.7.3/bin/../lib/gcc/arm-none-eabi/4.7.3/../../../../arm-none-eabi/lib/armv7-m\libc_s.a(lib_a-exit.o) (_global_impure_ptr)
c:/program files (x86)/cypress/psoc creator/3.0/psoc creator/import/gnu_cs/arm/4.7.3/bin/../lib/gcc/arm-none-eabi/4.7.3/../../../../arm-none-eabi/lib/armv7-m\libc_s.a(lib_a-init.o)
                              c:/program files (x86)/cypress/psoc creator/3.0/psoc creator/import/gnu_cs/arm/4.7.3/bin/../lib/gcc/arm-none-eabi/4.7.3/../../../../arm-none-eabi/lib/armv7-m/crt0.o (__libc_init_array)
c:/program files (x86)/cypress/psoc creator/3.0/psoc creator/import/gnu_cs/arm/4.7.3/bin/../lib/gcc/arm-none-eabi/4.7.3/../../../../arm-none-eabi/lib/armv7-m\libc_s.a(lib_a-memcpy.o)
                              .\ARM_GCC_473\Debug\Bootloader_RPiSoC.a(cyfitter_cfg.o) (memcpy)
c:/program files (x86)/cypress/psoc creator/3.0/psoc creator/import/gnu_cs/arm/4.7.3/bin/../lib/gcc/arm-none-eabi/4.7.3/../../../../arm-none-eabi/lib/armv7-m\libc_s.a(lib_a-memset.o)
                              c:/program files (x86)/cypress/psoc creator/3.0/psoc creator/import/gnu_cs/arm/4.7.3/bin/../lib/gcc/arm-none-eabi/4.7.3/../../../../arm-none-eabi/lib/armv7-m/crt0.o (memset)

Allocating common symbols
Common symbol       size              file

USBFS_deviceAddress
                    0x1               .\ARM_GCC_473\Debug\Bootloader_RPiSoC.a(USBFS_drv.o)
USBFS_ep0Mode       0x1               .\ARM_GCC_473\Debug\Bootloader_RPiSoC.a(USBFS_drv.o)
USBFS_interfaceSetting
                    0x1               .\ARM_GCC_473\Debug\Bootloader_RPiSoC.a(USBFS_drv.o)
USBFS_DEVICE0_CONFIGURATION0_INTERFACE0_ALTERNATE0_HID_IN_RPT_SCB
                    0x4               .\ARM_GCC_473\Debug\Bootloader_RPiSoC.a(USBFS_descr.o)
USBFS_hidIdleRate   0x1               .\ARM_GCC_473\Debug\Bootloader_RPiSoC.a(USBFS_hid.o)
USBFS_currentTD     0xc               .\ARM_GCC_473\Debug\Bootloader_RPiSoC.a(USBFS_drv.o)
USBFS_device        0x1               .\ARM_GCC_473\Debug\Bootloader_RPiSoC.a(USBFS_drv.o)
USBFS_interfaceNumber
                    0x1               .\ARM_GCC_473\Debug\Bootloader_RPiSoC.a(USBFS_drv.o)
USBFS_ep0Toggle     0x1               .\ARM_GCC_473\Debug\Bootloader_RPiSoC.a(USBFS_drv.o)
USBFS_deviceStatus  0x1               .\ARM_GCC_473\Debug\Bootloader_RPiSoC.a(USBFS_drv.o)
USBFS_DEVICE0_CONFIGURATION0_INTERFACE0_ALTERNATE0_HID_IN_BUF
                    0x41              .\ARM_GCC_473\Debug\Bootloader_RPiSoC.a(USBFS_descr.o)
USBFS_configurationChanged
                    0x1               .\ARM_GCC_473\Debug\Bootloader_RPiSoC.a(USBFS_drv.o)
USBFS_configuration
                    0x1               .\ARM_GCC_473\Debug\Bootloader_RPiSoC.a(USBFS_drv.o)
USBFS_transferState
                    0x1               .\ARM_GCC_473\Debug\Bootloader_RPiSoC.a(USBFS_drv.o)
USBFS_interfaceStatus
                    0x1               .\ARM_GCC_473\Debug\Bootloader_RPiSoC.a(USBFS_drv.o)
USBFS_interfaceClass
                    0x4               .\ARM_GCC_473\Debug\Bootloader_RPiSoC.a(USBFS_drv.o)
USBFS_EP            0x6c              .\ARM_GCC_473\Debug\Bootloader_RPiSoC.a(USBFS_drv.o)
USBFS_DEVICE0_CONFIGURATION0_INTERFACE0_ALTERNATE0_HID_OUT_BUF
                    0x41              .\ARM_GCC_473\Debug\Bootloader_RPiSoC.a(USBFS_descr.o)
USBFS_interfaceSetting_last
                    0x1               .\ARM_GCC_473\Debug\Bootloader_RPiSoC.a(USBFS_drv.o)
USBFS_hidIdleTimer  0x1               .\ARM_GCC_473\Debug\Bootloader_RPiSoC.a(USBFS_hid.o)
USBFS_lastPacketSize
                    0x1               .\ARM_GCC_473\Debug\Bootloader_RPiSoC.a(USBFS_drv.o)
USBFS_hidProtocol   0x1               .\ARM_GCC_473\Debug\Bootloader_RPiSoC.a(USBFS_hid.o)
USBFS_DEVICE0_CONFIGURATION0_INTERFACE0_ALTERNATE0_HID_OUT_RPT_SCB
                    0x4               .\ARM_GCC_473\Debug\Bootloader_RPiSoC.a(USBFS_descr.o)
dieTemperature      0x2               .\ARM_GCC_473\Debug\Bootloader_RPiSoC.a(CyFlash.o)
USBFS_ep0Count      0x1               .\ARM_GCC_473\Debug\Bootloader_RPiSoC.a(USBFS_drv.o)
USBFS_transferByteCount
                    0x2               .\ARM_GCC_473\Debug\Bootloader_RPiSoC.a(USBFS_drv.o)

Discarded input sections

 .text          0x00000000        0x0 c:/program files (x86)/cypress/psoc creator/3.0/psoc creator/import/gnu_cs/arm/4.7.3/bin/../lib/gcc/arm-none-eabi/4.7.3/armv7-m/crti.o
 .data          0x00000000        0x0 c:/program files (x86)/cypress/psoc creator/3.0/psoc creator/import/gnu_cs/arm/4.7.3/bin/../lib/gcc/arm-none-eabi/4.7.3/armv7-m/crti.o
 .bss           0x00000000        0x0 c:/program files (x86)/cypress/psoc creator/3.0/psoc creator/import/gnu_cs/arm/4.7.3/bin/../lib/gcc/arm-none-eabi/4.7.3/armv7-m/crti.o
 .data          0x00000000        0x4 c:/program files (x86)/cypress/psoc creator/3.0/psoc creator/import/gnu_cs/arm/4.7.3/bin/../lib/gcc/arm-none-eabi/4.7.3/armv7-m/crtbegin.o
 .text          0x00000000       0x70 c:/program files (x86)/cypress/psoc creator/3.0/psoc creator/import/gnu_cs/arm/4.7.3/bin/../lib/gcc/arm-none-eabi/4.7.3/../../../../arm-none-eabi/lib/armv7-m/crt0.o
 .data          0x00000000        0x0 c:/program files (x86)/cypress/psoc creator/3.0/psoc creator/import/gnu_cs/arm/4.7.3/bin/../lib/gcc/arm-none-eabi/4.7.3/../../../../arm-none-eabi/lib/armv7-m/crt0.o
 .bss           0x00000000        0x0 c:/program files (x86)/cypress/psoc creator/3.0/psoc creator/import/gnu_cs/arm/4.7.3/bin/../lib/gcc/arm-none-eabi/4.7.3/../../../../arm-none-eabi/lib/armv7-m/crt0.o
 .ARM.extab     0x00000000        0x0 c:/program files (x86)/cypress/psoc creator/3.0/psoc creator/import/gnu_cs/arm/4.7.3/bin/../lib/gcc/arm-none-eabi/4.7.3/../../../../arm-none-eabi/lib/armv7-m/crt0.o
 .ARM.exidx     0x00000000        0x8 c:/program files (x86)/cypress/psoc creator/3.0/psoc creator/import/gnu_cs/arm/4.7.3/bin/../lib/gcc/arm-none-eabi/4.7.3/../../../../arm-none-eabi/lib/armv7-m/crt0.o
 .text          0x00000000        0x0 .\ARM_GCC_473\Debug\main.o
 .data          0x00000000        0x0 .\ARM_GCC_473\Debug\main.o
 .bss           0x00000000        0x0 .\ARM_GCC_473\Debug\main.o
 .text          0x00000000        0x0 .\ARM_GCC_473\Debug\cymetadata.o
 .data          0x00000000        0x0 .\ARM_GCC_473\Debug\cymetadata.o
 .bss           0x00000000        0x0 .\ARM_GCC_473\Debug\cymetadata.o
 .text          0x00000000        0x0 .\ARM_GCC_473\Debug\Cm3Start.o
 .data          0x00000000        0x0 .\ARM_GCC_473\Debug\Cm3Start.o
 .bss           0x00000000        0x0 .\ARM_GCC_473\Debug\Cm3Start.o
 .text._exit    0x00000000       0x30 .\ARM_GCC_473\Debug\Cm3Start.o
 .text          0x00000000        0x0 .\ARM_GCC_473\Debug\Bootloader_RPiSoC.a(cyfitter_cfg.o)
 .data          0x00000000        0x0 .\ARM_GCC_473\Debug\Bootloader_RPiSoC.a(cyfitter_cfg.o)
 .bss           0x00000000        0x0 .\ARM_GCC_473\Debug\Bootloader_RPiSoC.a(cyfitter_cfg.o)
 .text.SetAnalogRoutingPumps
                0x00000000       0x34 .\ARM_GCC_473\Debug\Bootloader_RPiSoC.a(cyfitter_cfg.o)
 .text          0x00000000        0x0 .\ARM_GCC_473\Debug\Bootloader_RPiSoC.a(Bootloader_1.o)
 .bss           0x00000000        0x0 .\ARM_GCC_473\Debug\Bootloader_RPiSoC.a(Bootloader_1.o)
 .text.Bootloader_1_SetFlashByte
                0x00000000       0xb4 .\ARM_GCC_473\Debug\Bootloader_RPiSoC.a(Bootloader_1.o)
 .data          0x00000000        0x0 .\ARM_GCC_473\Debug\Bootloader_RPiSoC.a(CyBootAsmGnu.o)
 .bss           0x00000000        0x0 .\ARM_GCC_473\Debug\Bootloader_RPiSoC.a(CyBootAsmGnu.o)
 .text          0x00000000        0x0 .\ARM_GCC_473\Debug\Bootloader_RPiSoC.a(CyFlash.o)
 .data          0x00000000        0x0 .\ARM_GCC_473\Debug\Bootloader_RPiSoC.a(CyFlash.o)
 .text.CyFlash_Start
                0x00000000       0x48 .\ARM_GCC_473\Debug\Bootloader_RPiSoC.a(CyFlash.o)
 .text.CyFlash_Stop
                0x00000000       0x44 .\ARM_GCC_473\Debug\Bootloader_RPiSoC.a(CyFlash.o)
 .text.CyWriteRowData
                0x00000000       0xbc .\ARM_GCC_473\Debug\Bootloader_RPiSoC.a(CyFlash.o)
 .text.CyFlash_SetWaitCycles
                0x00000000       0xc0 .\ARM_GCC_473\Debug\Bootloader_RPiSoC.a(CyFlash.o)
 .text.CyEEPROM_Stop
                0x00000000       0x44 .\ARM_GCC_473\Debug\Bootloader_RPiSoC.a(CyFlash.o)
 .text.CyEEPROM_ReadReserve
                0x00000000       0x3c .\ARM_GCC_473\Debug\Bootloader_RPiSoC.a(CyFlash.o)
 .text.CyEEPROM_ReadRelease
                0x00000000       0x28 .\ARM_GCC_473\Debug\Bootloader_RPiSoC.a(CyFlash.o)
 .text          0x00000000        0x0 .\ARM_GCC_473\Debug\Bootloader_RPiSoC.a(CyLib.o)
 .bss           0x00000000        0x0 .\ARM_GCC_473\Debug\Bootloader_RPiSoC.a(CyLib.o)
 .text.CyPLL_OUT_Start
                0x00000000       0xe0 .\ARM_GCC_473\Debug\Bootloader_RPiSoC.a(CyLib.o)
 .text.CyPLL_OUT_Stop
                0x00000000       0x28 .\ARM_GCC_473\Debug\Bootloader_RPiSoC.a(CyLib.o)
 .text.CyPLL_OUT_SetPQ
                0x00000000       0xac .\ARM_GCC_473\Debug\Bootloader_RPiSoC.a(CyLib.o)
 .text.CyPLL_OUT_SetSource
                0x00000000       0x60 .\ARM_GCC_473\Debug\Bootloader_RPiSoC.a(CyLib.o)
 .text.CyIMO_Start
                0x00000000       0xbc .\ARM_GCC_473\Debug\Bootloader_RPiSoC.a(CyLib.o)
 .text.CyIMO_Stop
                0x00000000       0x44 .\ARM_GCC_473\Debug\Bootloader_RPiSoC.a(CyLib.o)
 .text.CyUSB_PowerOnCheck
                0x00000000       0x70 .\ARM_GCC_473\Debug\Bootloader_RPiSoC.a(CyLib.o)
 .text.CyIMO_SetTrimValue
                0x00000000      0x160 .\ARM_GCC_473\Debug\Bootloader_RPiSoC.a(CyLib.o)
 .text.CyIMO_SetFreq
                0x00000000      0x224 .\ARM_GCC_473\Debug\Bootloader_RPiSoC.a(CyLib.o)
 .text.CyIMO_SetSource
                0x00000000       0xb0 .\ARM_GCC_473\Debug\Bootloader_RPiSoC.a(CyLib.o)
 .text.CyIMO_EnableDoubler
                0x00000000       0x28 .\ARM_GCC_473\Debug\Bootloader_RPiSoC.a(CyLib.o)
 .text.CyIMO_DisableDoubler
                0x00000000       0x28 .\ARM_GCC_473\Debug\Bootloader_RPiSoC.a(CyLib.o)
 .text.CyMasterClk_SetSource
                0x00000000       0x3c .\ARM_GCC_473\Debug\Bootloader_RPiSoC.a(CyLib.o)
 .text.CyMasterClk_SetDivider
                0x00000000       0x20 .\ARM_GCC_473\Debug\Bootloader_RPiSoC.a(CyLib.o)
 .text.CyBusClk_Internal_SetDivider
                0x00000000       0x98 .\ARM_GCC_473\Debug\Bootloader_RPiSoC.a(CyLib.o)
 .text.CyBusClk_SetDivider
                0x00000000       0xd0 .\ARM_GCC_473\Debug\Bootloader_RPiSoC.a(CyLib.o)
 .text.CyUsbClk_SetSource
                0x00000000       0x3c .\ARM_GCC_473\Debug\Bootloader_RPiSoC.a(CyLib.o)
 .text.CyILO_Start1K
                0x00000000       0x28 .\ARM_GCC_473\Debug\Bootloader_RPiSoC.a(CyLib.o)
 .text.CyILO_Stop1K
                0x00000000       0x28 .\ARM_GCC_473\Debug\Bootloader_RPiSoC.a(CyLib.o)
 .text.CyILO_Start100K
                0x00000000       0x28 .\ARM_GCC_473\Debug\Bootloader_RPiSoC.a(CyLib.o)
 .text.CyILO_Stop100K
                0x00000000       0x28 .\ARM_GCC_473\Debug\Bootloader_RPiSoC.a(CyLib.o)
 .text.CyILO_Enable33K
                0x00000000       0x28 .\ARM_GCC_473\Debug\Bootloader_RPiSoC.a(CyLib.o)
 .text.CyILO_Disable33K
                0x00000000       0x28 .\ARM_GCC_473\Debug\Bootloader_RPiSoC.a(CyLib.o)
 .text.CyILO_SetSource
                0x00000000       0x3c .\ARM_GCC_473\Debug\Bootloader_RPiSoC.a(CyLib.o)
 .text.CyILO_SetPowerMode
                0x00000000       0x5c .\ARM_GCC_473\Debug\Bootloader_RPiSoC.a(CyLib.o)
 .text.CyXTAL_32KHZ_Start
                0x00000000       0xa4 .\ARM_GCC_473\Debug\Bootloader_RPiSoC.a(CyLib.o)
 .text.CyXTAL_32KHZ_Stop
                0x00000000       0x64 .\ARM_GCC_473\Debug\Bootloader_RPiSoC.a(CyLib.o)
 .text.CyXTAL_32KHZ_ReadStatus
                0x00000000       0x20 .\ARM_GCC_473\Debug\Bootloader_RPiSoC.a(CyLib.o)
 .text.CyXTAL_32KHZ_SetPowerMode
                0x00000000       0xfc .\ARM_GCC_473\Debug\Bootloader_RPiSoC.a(CyLib.o)
 .text.CyXTAL_Start
                0x00000000      0x108 .\ARM_GCC_473\Debug\Bootloader_RPiSoC.a(CyLib.o)
 .text.CyXTAL_Stop
                0x00000000       0x28 .\ARM_GCC_473\Debug\Bootloader_RPiSoC.a(CyLib.o)
 .text.CyXTAL_EnableErrStatus
                0x00000000       0x28 .\ARM_GCC_473\Debug\Bootloader_RPiSoC.a(CyLib.o)
 .text.CyXTAL_DisableErrStatus
                0x00000000       0x28 .\ARM_GCC_473\Debug\Bootloader_RPiSoC.a(CyLib.o)
 .text.CyXTAL_ReadStatus
                0x00000000       0x2c .\ARM_GCC_473\Debug\Bootloader_RPiSoC.a(CyLib.o)
 .text.CyXTAL_EnableFaultRecovery
                0x00000000       0x28 .\ARM_GCC_473\Debug\Bootloader_RPiSoC.a(CyLib.o)
 .text.CyXTAL_DisableFaultRecovery
                0x00000000       0x28 .\ARM_GCC_473\Debug\Bootloader_RPiSoC.a(CyLib.o)
 .text.CyXTAL_SetStartup
                0x00000000       0x3c .\ARM_GCC_473\Debug\Bootloader_RPiSoC.a(CyLib.o)
 .text.CyXTAL_SetFbVoltage
                0x00000000       0x3c .\ARM_GCC_473\Debug\Bootloader_RPiSoC.a(CyLib.o)
 .text.CyXTAL_SetWdVoltage
                0x00000000       0x44 .\ARM_GCC_473\Debug\Bootloader_RPiSoC.a(CyLib.o)
 .text.CyDelayFreq
                0x00000000       0xa8 .\ARM_GCC_473\Debug\Bootloader_RPiSoC.a(CyLib.o)
 .text.CyWdtStart
                0x00000000       0xc4 .\ARM_GCC_473\Debug\Bootloader_RPiSoC.a(CyLib.o)
 .text.CyWdtClear
                0x00000000       0x18 .\ARM_GCC_473\Debug\Bootloader_RPiSoC.a(CyLib.o)
 .text.CyVdLvDigitEnable
                0x00000000       0xf4 .\ARM_GCC_473\Debug\Bootloader_RPiSoC.a(CyLib.o)
 .text.CyVdLvAnalogEnable
                0x00000000       0xf4 .\ARM_GCC_473\Debug\Bootloader_RPiSoC.a(CyLib.o)
 .text.CyVdLvDigitDisable
                0x00000000       0x58 .\ARM_GCC_473\Debug\Bootloader_RPiSoC.a(CyLib.o)
 .text.CyVdLvAnalogDisable
                0x00000000       0x58 .\ARM_GCC_473\Debug\Bootloader_RPiSoC.a(CyLib.o)
 .text.CyVdHvAnalogEnable
                0x00000000       0x7c .\ARM_GCC_473\Debug\Bootloader_RPiSoC.a(CyLib.o)
 .text.CyVdHvAnalogDisable
                0x00000000       0x28 .\ARM_GCC_473\Debug\Bootloader_RPiSoC.a(CyLib.o)
 .text.CyVdStickyStatus
                0x00000000       0x48 .\ARM_GCC_473\Debug\Bootloader_RPiSoC.a(CyLib.o)
 .text.CyVdRealTimeStatus
                0x00000000       0x30 .\ARM_GCC_473\Debug\Bootloader_RPiSoC.a(CyLib.o)
 .text.CyDisableInts
                0x00000000       0x3c .\ARM_GCC_473\Debug\Bootloader_RPiSoC.a(CyLib.o)
 .text.CyEnableInts
                0x00000000       0x2c .\ARM_GCC_473\Debug\Bootloader_RPiSoC.a(CyLib.o)
 .text.CyFlushCache
                0x00000000       0x7c .\ARM_GCC_473\Debug\Bootloader_RPiSoC.a(CyLib.o)
 .text.CyIntSetSysVector
                0x00000000       0x58 .\ARM_GCC_473\Debug\Bootloader_RPiSoC.a(CyLib.o)
 .text.CyIntGetSysVector
                0x00000000       0x40 .\ARM_GCC_473\Debug\Bootloader_RPiSoC.a(CyLib.o)
 .text.CyIntGetVector
                0x00000000       0x44 .\ARM_GCC_473\Debug\Bootloader_RPiSoC.a(CyLib.o)
 .text.CyIntGetPriority
                0x00000000       0x3c .\ARM_GCC_473\Debug\Bootloader_RPiSoC.a(CyLib.o)
 .text.CyIntGetState
                0x00000000       0x48 .\ARM_GCC_473\Debug\Bootloader_RPiSoC.a(CyLib.o)
 .text          0x00000000        0x0 .\ARM_GCC_473\Debug\Bootloader_RPiSoC.a(cyPm.o)
 .data          0x00000000        0x0 .\ARM_GCC_473\Debug\Bootloader_RPiSoC.a(cyPm.o)
 .bss           0x00000000       0x44 .\ARM_GCC_473\Debug\Bootloader_RPiSoC.a(cyPm.o)
 .rodata        0x00000000       0x10 .\ARM_GCC_473\Debug\Bootloader_RPiSoC.a(cyPm.o)
 .text.CyPmSaveClocks
                0x00000000      0x3ac .\ARM_GCC_473\Debug\Bootloader_RPiSoC.a(cyPm.o)
 .text.CyPmRestoreClocks
                0x00000000      0x424 .\ARM_GCC_473\Debug\Bootloader_RPiSoC.a(cyPm.o)
 .text.CyPmAltAct
                0x00000000      0x118 .\ARM_GCC_473\Debug\Bootloader_RPiSoC.a(cyPm.o)
 .text.CyPmSleep
                0x00000000      0x21c .\ARM_GCC_473\Debug\Bootloader_RPiSoC.a(cyPm.o)
 .text.CyPmHibernate
                0x00000000      0x1f0 .\ARM_GCC_473\Debug\Bootloader_RPiSoC.a(cyPm.o)
 .text.CyPmReadStatus
                0x00000000       0x78 .\ARM_GCC_473\Debug\Bootloader_RPiSoC.a(cyPm.o)
 .text.CyPmHibSaveSet
                0x00000000      0x138 .\ARM_GCC_473\Debug\Bootloader_RPiSoC.a(cyPm.o)
 .text.CyPmHibRestore
                0x00000000       0x94 .\ARM_GCC_473\Debug\Bootloader_RPiSoC.a(cyPm.o)
 .text.CyPmCtwSetInterval
                0x00000000       0xd8 .\ARM_GCC_473\Debug\Bootloader_RPiSoC.a(cyPm.o)
 .text.CyPmOppsSet
                0x00000000       0x58 .\ARM_GCC_473\Debug\Bootloader_RPiSoC.a(cyPm.o)
 .text.CyPmFtwSetInterval
                0x00000000       0xd8 .\ARM_GCC_473\Debug\Bootloader_RPiSoC.a(cyPm.o)
 .text.CyPmHibSlpSaveSet
                0x00000000      0x458 .\ARM_GCC_473\Debug\Bootloader_RPiSoC.a(cyPm.o)
 .text.CyPmHibSlpRestore
                0x00000000      0x270 .\ARM_GCC_473\Debug\Bootloader_RPiSoC.a(cyPm.o)
 .text.CyPmHviLviSaveDisable
                0x00000000      0x13c .\ARM_GCC_473\Debug\Bootloader_RPiSoC.a(cyPm.o)
 .text.CyPmHviLviRestore
                0x00000000       0x7c .\ARM_GCC_473\Debug\Bootloader_RPiSoC.a(cyPm.o)
 .text          0x00000000        0x0 .\ARM_GCC_473\Debug\Bootloader_RPiSoC.a(CySpc.o)
 .data          0x00000000        0x0 .\ARM_GCC_473\Debug\Bootloader_RPiSoC.a(CySpc.o)
 .text.CySpcStop
                0x00000000       0x58 .\ARM_GCC_473\Debug\Bootloader_RPiSoC.a(CySpc.o)
 .text.CySpcLoadMultiByte
                0x00000000      0x11c .\ARM_GCC_473\Debug\Bootloader_RPiSoC.a(CySpc.o)
 .text.CySpcEraseSector
                0x00000000       0x9c .\ARM_GCC_473\Debug\Bootloader_RPiSoC.a(CySpc.o)
 .text          0x00000000        0x0 .\ARM_GCC_473\Debug\Bootloader_RPiSoC.a(BL_wait.o)
 .data          0x00000000        0x0 .\ARM_GCC_473\Debug\Bootloader_RPiSoC.a(BL_wait.o)
 .bss           0x00000000        0x0 .\ARM_GCC_473\Debug\Bootloader_RPiSoC.a(BL_wait.o)
 .text.BL_wait_Write
                0x00000000       0x40 .\ARM_GCC_473\Debug\Bootloader_RPiSoC.a(BL_wait.o)
 .text.BL_wait_SetDriveMode
                0x00000000       0x40 .\ARM_GCC_473\Debug\Bootloader_RPiSoC.a(BL_wait.o)
 .text.BL_wait_ReadDataReg
                0x00000000       0x20 .\ARM_GCC_473\Debug\Bootloader_RPiSoC.a(BL_wait.o)
 .text          0x00000000        0x0 .\ARM_GCC_473\Debug\Bootloader_RPiSoC.a(USBFS_boot.o)
 .data          0x00000000        0x0 .\ARM_GCC_473\Debug\Bootloader_RPiSoC.a(USBFS_boot.o)
 .text.USBFS_CyBtldrCommStop
                0x00000000        0xc .\ARM_GCC_473\Debug\Bootloader_RPiSoC.a(USBFS_boot.o)
 .text          0x00000000        0x0 .\ARM_GCC_473\Debug\Bootloader_RPiSoC.a(USBFS.o)
 .data          0x00000000        0x0 .\ARM_GCC_473\Debug\Bootloader_RPiSoC.a(USBFS.o)
 .text.USBFS_Stop
                0x00000000      0x108 .\ARM_GCC_473\Debug\Bootloader_RPiSoC.a(USBFS.o)
 .text.USBFS_CheckActivity
                0x00000000       0x3c .\ARM_GCC_473\Debug\Bootloader_RPiSoC.a(USBFS.o)
 .text.USBFS_GetInterfaceSetting
                0x00000000       0x24 .\ARM_GCC_473\Debug\Bootloader_RPiSoC.a(USBFS.o)
 .text.USBFS_DisableOutEP
                0x00000000       0x40 .\ARM_GCC_473\Debug\Bootloader_RPiSoC.a(USBFS.o)
 .text.USBFS_Force
                0x00000000       0x20 .\ARM_GCC_473\Debug\Bootloader_RPiSoC.a(USBFS.o)
 .text.USBFS_GetEPAckState
                0x00000000       0x50 .\ARM_GCC_473\Debug\Bootloader_RPiSoC.a(USBFS.o)
 .text.USBFS_SetPowerStatus
                0x00000000       0x54 .\ARM_GCC_473\Debug\Bootloader_RPiSoC.a(USBFS.o)
 .text.USBFS_RWUEnabled
                0x00000000       0x34 .\ARM_GCC_473\Debug\Bootloader_RPiSoC.a(USBFS.o)
 .text          0x00000000        0x0 .\ARM_GCC_473\Debug\Bootloader_RPiSoC.a(USBFS_drv.o)
 .data          0x00000000        0x0 .\ARM_GCC_473\Debug\Bootloader_RPiSoC.a(USBFS_drv.o)
 .bss           0x00000000        0x0 .\ARM_GCC_473\Debug\Bootloader_RPiSoC.a(USBFS_drv.o)
 .text          0x00000000        0x0 .\ARM_GCC_473\Debug\Bootloader_RPiSoC.a(USBFS_episr.o)
 .data          0x00000000        0x0 .\ARM_GCC_473\Debug\Bootloader_RPiSoC.a(USBFS_episr.o)
 .bss           0x00000000        0x0 .\ARM_GCC_473\Debug\Bootloader_RPiSoC.a(USBFS_episr.o)
 .text          0x00000000        0x0 .\ARM_GCC_473\Debug\Bootloader_RPiSoC.a(USBFS_hid.o)
 .data          0x00000000        0x0 .\ARM_GCC_473\Debug\Bootloader_RPiSoC.a(USBFS_hid.o)
 .bss           0x00000000        0x0 .\ARM_GCC_473\Debug\Bootloader_RPiSoC.a(USBFS_hid.o)
 .text.USBFS_UpdateHIDTimer
                0x00000000       0x88 .\ARM_GCC_473\Debug\Bootloader_RPiSoC.a(USBFS_hid.o)
 .text.USBFS_GetProtocol
                0x00000000       0x24 .\ARM_GCC_473\Debug\Bootloader_RPiSoC.a(USBFS_hid.o)
 .text          0x00000000        0x0 .\ARM_GCC_473\Debug\Bootloader_RPiSoC.a(USBFS_std.o)
 .data          0x00000000        0x0 .\ARM_GCC_473\Debug\Bootloader_RPiSoC.a(USBFS_std.o)
 .text.USBFS_TerminateEP
                0x00000000       0xfc .\ARM_GCC_473\Debug\Bootloader_RPiSoC.a(USBFS_std.o)
 .text          0x00000000        0x0 .\ARM_GCC_473\Debug\Bootloader_RPiSoC.a(USBFS_vnd.o)
 .data          0x00000000        0x0 .\ARM_GCC_473\Debug\Bootloader_RPiSoC.a(USBFS_vnd.o)
 .bss           0x00000000        0x0 .\ARM_GCC_473\Debug\Bootloader_RPiSoC.a(USBFS_vnd.o)
 .text          0x00000000        0x0 .\ARM_GCC_473\Debug\Bootloader_RPiSoC.a(USBFS_cls.o)
 .data          0x00000000        0x0 .\ARM_GCC_473\Debug\Bootloader_RPiSoC.a(USBFS_cls.o)
 .bss           0x00000000        0x0 .\ARM_GCC_473\Debug\Bootloader_RPiSoC.a(USBFS_cls.o)
 .text          0x00000000        0x0 .\ARM_GCC_473\Debug\Bootloader_RPiSoC.a(USBFS_descr.o)
 .data          0x00000000        0x0 .\ARM_GCC_473\Debug\Bootloader_RPiSoC.a(USBFS_descr.o)
 .bss           0x00000000        0x0 .\ARM_GCC_473\Debug\Bootloader_RPiSoC.a(USBFS_descr.o)
 .text          0x00000000        0x0 c:/program files (x86)/cypress/psoc creator/3.0/psoc creator/import/gnu_cs/arm/4.7.3/bin/../lib/gcc/arm-none-eabi/4.7.3/../../../../arm-none-eabi/lib/armv7-m\libc_s.a(lib_a-__atexit2.o)
 .data          0x00000000        0x0 c:/program files (x86)/cypress/psoc creator/3.0/psoc creator/import/gnu_cs/arm/4.7.3/bin/../lib/gcc/arm-none-eabi/4.7.3/../../../../arm-none-eabi/lib/armv7-m\libc_s.a(lib_a-__atexit2.o)
 .bss           0x00000000        0x0 c:/program files (x86)/cypress/psoc creator/3.0/psoc creator/import/gnu_cs/arm/4.7.3/bin/../lib/gcc/arm-none-eabi/4.7.3/../../../../arm-none-eabi/lib/armv7-m\libc_s.a(lib_a-__atexit2.o)
 .text.__register_exitproc
                0x00000000       0x14 c:/program files (x86)/cypress/psoc creator/3.0/psoc creator/import/gnu_cs/arm/4.7.3/bin/../lib/gcc/arm-none-eabi/4.7.3/../../../../arm-none-eabi/lib/armv7-m\libc_s.a(lib_a-__atexit2.o)
 .text          0x00000000        0x0 c:/program files (x86)/cypress/psoc creator/3.0/psoc creator/import/gnu_cs/arm/4.7.3/bin/../lib/gcc/arm-none-eabi/4.7.3/../../../../arm-none-eabi/lib/armv7-m\libc_s.a(lib_a-exit.o)
 .data          0x00000000        0x0 c:/program files (x86)/cypress/psoc creator/3.0/psoc creator/import/gnu_cs/arm/4.7.3/bin/../lib/gcc/arm-none-eabi/4.7.3/../../../../arm-none-eabi/lib/armv7-m\libc_s.a(lib_a-exit.o)
 .bss           0x00000000        0x0 c:/program files (x86)/cypress/psoc creator/3.0/psoc creator/import/gnu_cs/arm/4.7.3/bin/../lib/gcc/arm-none-eabi/4.7.3/../../../../arm-none-eabi/lib/armv7-m\libc_s.a(lib_a-exit.o)
 .text.exit     0x00000000       0x2c c:/program files (x86)/cypress/psoc creator/3.0/psoc creator/import/gnu_cs/arm/4.7.3/bin/../lib/gcc/arm-none-eabi/4.7.3/../../../../arm-none-eabi/lib/armv7-m\libc_s.a(lib_a-exit.o)
 .text          0x00000000        0x0 c:/program files (x86)/cypress/psoc creator/3.0/psoc creator/import/gnu_cs/arm/4.7.3/bin/../lib/gcc/arm-none-eabi/4.7.3/../../../../arm-none-eabi/lib/armv7-m\libc_s.a(lib_a-fini.o)
 .data          0x00000000        0x0 c:/program files (x86)/cypress/psoc creator/3.0/psoc creator/import/gnu_cs/arm/4.7.3/bin/../lib/gcc/arm-none-eabi/4.7.3/../../../../arm-none-eabi/lib/armv7-m\libc_s.a(lib_a-fini.o)
 .bss           0x00000000        0x0 c:/program files (x86)/cypress/psoc creator/3.0/psoc creator/import/gnu_cs/arm/4.7.3/bin/../lib/gcc/arm-none-eabi/4.7.3/../../../../arm-none-eabi/lib/armv7-m\libc_s.a(lib_a-fini.o)
 .text.__libc_fini_array
                0x00000000       0x2c c:/program files (x86)/cypress/psoc creator/3.0/psoc creator/import/gnu_cs/arm/4.7.3/bin/../lib/gcc/arm-none-eabi/4.7.3/../../../../arm-none-eabi/lib/armv7-m\libc_s.a(lib_a-fini.o)
 .text          0x00000000        0x0 c:/program files (x86)/cypress/psoc creator/3.0/psoc creator/import/gnu_cs/arm/4.7.3/bin/../lib/gcc/arm-none-eabi/4.7.3/../../../../arm-none-eabi/lib/armv7-m\libc_s.a(lib_a-impure.o)
 .data          0x00000000        0x0 c:/program files (x86)/cypress/psoc creator/3.0/psoc creator/import/gnu_cs/arm/4.7.3/bin/../lib/gcc/arm-none-eabi/4.7.3/../../../../arm-none-eabi/lib/armv7-m\libc_s.a(lib_a-impure.o)
 .bss           0x00000000        0x0 c:/program files (x86)/cypress/psoc creator/3.0/psoc creator/import/gnu_cs/arm/4.7.3/bin/../lib/gcc/arm-none-eabi/4.7.3/../../../../arm-none-eabi/lib/armv7-m\libc_s.a(lib_a-impure.o)
 .data.impure_data
                0x00000000       0x64 c:/program files (x86)/cypress/psoc creator/3.0/psoc creator/import/gnu_cs/arm/4.7.3/bin/../lib/gcc/arm-none-eabi/4.7.3/../../../../arm-none-eabi/lib/armv7-m\libc_s.a(lib_a-impure.o)
 .data._impure_ptr
                0x00000000        0x4 c:/program files (x86)/cypress/psoc creator/3.0/psoc creator/import/gnu_cs/arm/4.7.3/bin/../lib/gcc/arm-none-eabi/4.7.3/../../../../arm-none-eabi/lib/armv7-m\libc_s.a(lib_a-impure.o)
 .rodata.str1.1
                0x00000000        0x2 c:/program files (x86)/cypress/psoc creator/3.0/psoc creator/import/gnu_cs/arm/4.7.3/bin/../lib/gcc/arm-none-eabi/4.7.3/../../../../arm-none-eabi/lib/armv7-m\libc_s.a(lib_a-impure.o)
 .rodata._global_impure_ptr
                0x00000000        0x4 c:/program files (x86)/cypress/psoc creator/3.0/psoc creator/import/gnu_cs/arm/4.7.3/bin/../lib/gcc/arm-none-eabi/4.7.3/../../../../arm-none-eabi/lib/armv7-m\libc_s.a(lib_a-impure.o)
 .text          0x00000000        0x0 c:/program files (x86)/cypress/psoc creator/3.0/psoc creator/import/gnu_cs/arm/4.7.3/bin/../lib/gcc/arm-none-eabi/4.7.3/../../../../arm-none-eabi/lib/armv7-m\libc_s.a(lib_a-init.o)
 .data          0x00000000        0x0 c:/program files (x86)/cypress/psoc creator/3.0/psoc creator/import/gnu_cs/arm/4.7.3/bin/../lib/gcc/arm-none-eabi/4.7.3/../../../../arm-none-eabi/lib/armv7-m\libc_s.a(lib_a-init.o)
 .bss           0x00000000        0x0 c:/program files (x86)/cypress/psoc creator/3.0/psoc creator/import/gnu_cs/arm/4.7.3/bin/../lib/gcc/arm-none-eabi/4.7.3/../../../../arm-none-eabi/lib/armv7-m\libc_s.a(lib_a-init.o)
 .text          0x00000000        0x0 c:/program files (x86)/cypress/psoc creator/3.0/psoc creator/import/gnu_cs/arm/4.7.3/bin/../lib/gcc/arm-none-eabi/4.7.3/../../../../arm-none-eabi/lib/armv7-m\libc_s.a(lib_a-memcpy.o)
 .data          0x00000000        0x0 c:/program files (x86)/cypress/psoc creator/3.0/psoc creator/import/gnu_cs/arm/4.7.3/bin/../lib/gcc/arm-none-eabi/4.7.3/../../../../arm-none-eabi/lib/armv7-m\libc_s.a(lib_a-memcpy.o)
 .bss           0x00000000        0x0 c:/program files (x86)/cypress/psoc creator/3.0/psoc creator/import/gnu_cs/arm/4.7.3/bin/../lib/gcc/arm-none-eabi/4.7.3/../../../../arm-none-eabi/lib/armv7-m\libc_s.a(lib_a-memcpy.o)
 .text          0x00000000        0x0 c:/program files (x86)/cypress/psoc creator/3.0/psoc creator/import/gnu_cs/arm/4.7.3/bin/../lib/gcc/arm-none-eabi/4.7.3/../../../../arm-none-eabi/lib/armv7-m\libc_s.a(lib_a-memset.o)
 .data          0x00000000        0x0 c:/program files (x86)/cypress/psoc creator/3.0/psoc creator/import/gnu_cs/arm/4.7.3/bin/../lib/gcc/arm-none-eabi/4.7.3/../../../../arm-none-eabi/lib/armv7-m\libc_s.a(lib_a-memset.o)
 .bss           0x00000000        0x0 c:/program files (x86)/cypress/psoc creator/3.0/psoc creator/import/gnu_cs/arm/4.7.3/bin/../lib/gcc/arm-none-eabi/4.7.3/../../../../arm-none-eabi/lib/armv7-m\libc_s.a(lib_a-memset.o)
 .text          0x00000000        0x0 c:/program files (x86)/cypress/psoc creator/3.0/psoc creator/import/gnu_cs/arm/4.7.3/bin/../lib/gcc/arm-none-eabi/4.7.3/armv7-m/crtend.o
 .data          0x00000000        0x0 c:/program files (x86)/cypress/psoc creator/3.0/psoc creator/import/gnu_cs/arm/4.7.3/bin/../lib/gcc/arm-none-eabi/4.7.3/armv7-m/crtend.o
 .bss           0x00000000        0x0 c:/program files (x86)/cypress/psoc creator/3.0/psoc creator/import/gnu_cs/arm/4.7.3/bin/../lib/gcc/arm-none-eabi/4.7.3/armv7-m/crtend.o
 .text          0x00000000        0x0 c:/program files (x86)/cypress/psoc creator/3.0/psoc creator/import/gnu_cs/arm/4.7.3/bin/../lib/gcc/arm-none-eabi/4.7.3/armv7-m/crtn.o
 .data          0x00000000        0x0 c:/program files (x86)/cypress/psoc creator/3.0/psoc creator/import/gnu_cs/arm/4.7.3/bin/../lib/gcc/arm-none-eabi/4.7.3/armv7-m/crtn.o
 .bss           0x00000000        0x0 c:/program files (x86)/cypress/psoc creator/3.0/psoc creator/import/gnu_cs/arm/4.7.3/bin/../lib/gcc/arm-none-eabi/4.7.3/armv7-m/crtn.o

Memory Configuration

Name             Origin             Length             Attributes
rom              0x00000000         0x00040000         xr
ram              0x1fff8000         0x00010000         xrw
*default*        0x00000000         0xffffffff

Linker script and memory map

LOAD c:/program files (x86)/cypress/psoc creator/3.0/psoc creator/import/gnu_cs/arm/4.7.3/bin/../lib/gcc/arm-none-eabi/4.7.3/armv7-m/crti.o
LOAD c:/program files (x86)/cypress/psoc creator/3.0/psoc creator/import/gnu_cs/arm/4.7.3/bin/../lib/gcc/arm-none-eabi/4.7.3/armv7-m/crtbegin.o
LOAD c:/program files (x86)/cypress/psoc creator/3.0/psoc creator/import/gnu_cs/arm/4.7.3/bin/../lib/gcc/arm-none-eabi/4.7.3/../../../../arm-none-eabi/lib/armv7-m/crt0.o
START GROUP
LOAD .\ARM_GCC_473\Debug\main.o
LOAD .\ARM_GCC_473\Debug\cymetadata.o
LOAD .\ARM_GCC_473\Debug\Cm3Start.o
LOAD .\ARM_GCC_473\Debug\Bootloader_RPiSoC.a
LOAD C:\Program Files (x86)\Cypress\PSoC Creator\3.0\PSoC Creator\psoc\content\cycomponentlibrary\CyComponentLibrary.cylib\CortexM3\ARM_GCC_473\Debug\CyComponentLibrary.a
END GROUP
START GROUP
LOAD c:/program files (x86)/cypress/psoc creator/3.0/psoc creator/import/gnu_cs/arm/4.7.3/bin/../lib/gcc/arm-none-eabi/4.7.3/armv7-m\libgcc.a
LOAD c:/program files (x86)/cypress/psoc creator/3.0/psoc creator/import/gnu_cs/arm/4.7.3/bin/../lib/gcc/arm-none-eabi/4.7.3/../../../../arm-none-eabi/lib/armv7-m\libc_s.a
END GROUP
LOAD c:/program files (x86)/cypress/psoc creator/3.0/psoc creator/import/gnu_cs/arm/4.7.3/bin/../lib/gcc/arm-none-eabi/4.7.3/armv7-m/crtend.o
LOAD c:/program files (x86)/cypress/psoc creator/3.0/psoc creator/import/gnu_cs/arm/4.7.3/bin/../lib/gcc/arm-none-eabi/4.7.3/armv7-m/crtn.o
START GROUP
LOAD c:/program files (x86)/cypress/psoc creator/3.0/psoc creator/import/gnu_cs/arm/4.7.3/bin/../lib/gcc/arm-none-eabi/4.7.3/armv7-m\libgcc.a
LOAD c:/program files (x86)/cypress/psoc creator/3.0/psoc creator/import/gnu_cs/arm/4.7.3/bin/../lib/gcc/arm-none-eabi/4.7.3/../../../../arm-none-eabi/lib/armv7-m\libc.a
LOAD c:/program files (x86)/cypress/psoc creator/3.0/psoc creator/import/gnu_cs/arm/4.7.3/bin/../lib/gcc/arm-none-eabi/4.7.3/../../../../arm-none-eabi/lib/armv7-m\libnosys.a
END GROUP
                0x00000000                CY_APPL_ORIGIN = 0x0
                0x00000100                CY_FLASH_ROW_SIZE = 0x100
                0x00000020                CY_ECC_ROW_SIZE = 0x20
                0x00000000                CY_EE_IN_BTLDR = 0x0
                0x00000000                CY_APPL_LOADABLE = 0x0
                0x00000800                CY_EE_SIZE = 0x800
                0x00000001                CY_APPL_NUM = 0x1
                0x00000001                CY_APPL_MAX = 0x1
                0x00000040                CY_METADATA_SIZE = 0x40
                0x1fff8290                PROVIDE (__cy_heap_start, _end)
                0x00000001                PROVIDE (__cy_region_num, ((__cy_regions_end - __cy_regions) / 0x10))
                0x20008000                PROVIDE (__cy_stack, (ORIGIN (ram) + 0x10000))
                0x20004000                PROVIDE (__cy_heap_end, (__cy_stack - 0x4000))

.cybootloader   0x00000000        0x0
 *(.cybootloader)
                0x00000000                appl1_start = CY_APPL_ORIGIN?CY_APPL_ORIGIN:ALIGN (CY_FLASH_ROW_SIZE)
                0x0001ff00                appl2_start = (appl1_start + ALIGN ((((0x40000 - appl1_start) - (0x2 * CY_FLASH_ROW_SIZE)) / 0x2), CY_FLASH_ROW_SIZE))
                0x00000000                appl_start = (CY_APPL_NUM == 0x1)?appl1_start:appl2_start
                0x00000000                ecc_offset = ((appl_start / CY_FLASH_ROW_SIZE) * CY_ECC_ROW_SIZE)
                0x00000000                ee_offset = (CY_APPL_LOADABLE && ! (CY_EE_IN_BTLDR))?((CY_EE_SIZE / CY_APPL_MAX) * (CY_APPL_NUM - 0x1)):0x0
                0x00000800                ee_size = (CY_APPL_LOADABLE && ! (CY_EE_IN_BTLDR))?(CY_EE_SIZE / CY_APPL_MAX):CY_EE_SIZE
                0x00000000                PROVIDE (CY_ECC_OFFSET, ecc_offset)

.text           0x00000000     0x47d0
 CREATE_OBJECT_SYMBOLS
                0x00000000                PROVIDE (__cy_interrupt_vector, RomVectors)
 *(.romvectors)
 .romvectors    0x00000000       0x10 .\ARM_GCC_473\Debug\Cm3Start.o
                0x00000000                RomVectors
                0x00000001                ASSERT ((. != __cy_interrupt_vector), No interrupt vector)
                0x00000001                ASSERT (CY_APPL_ORIGIN?(SIZEOF (.cybootloader) <= CY_APPL_ORIGIN):0x1, Wrong image location)
                0x00000010                PROVIDE (__cy_reset, Reset)
 *(.text.Reset)
 .text.Reset    0x00000010       0x20 .\ARM_GCC_473\Debug\Cm3Start.o
                0x00000010                Reset
                0x00000001                ASSERT ((. != __cy_reset), No reset code)
 *(.dma_init)
                0x00000001                ASSERT ((((appl_start + .) <= 0x10000) || 0x1), DMA Init must be within the first 64k of flash)
 *(.text .text.* .gnu.linkonce.t.*)
 .text          0x00000030       0x54 c:/program files (x86)/cypress/psoc creator/3.0/psoc creator/import/gnu_cs/arm/4.7.3/bin/../lib/gcc/arm-none-eabi/4.7.3/armv7-m/crtbegin.o
 .text.main     0x00000084       0x38 .\ARM_GCC_473\Debug\main.o
                0x00000084                main
 .text.IntDefaultHandler
                0x000000bc        0x8 .\ARM_GCC_473\Debug\Cm3Start.o
                0x000000bc                IntDefaultHandler
 .text.Start_c  0x000000c4       0xcc .\ARM_GCC_473\Debug\Cm3Start.o
                0x000000c4                Start_c
 .text.initialize_psoc
                0x00000190       0xb4 .\ARM_GCC_473\Debug\Cm3Start.o
                0x00000190                initialize_psoc
 .text.CYMEMZERO
                0x00000244       0x20 .\ARM_GCC_473\Debug\Bootloader_RPiSoC.a(cyfitter_cfg.o)
 .text.CYCONFIGCPY
                0x00000264       0x20 .\ARM_GCC_473\Debug\Bootloader_RPiSoC.a(cyfitter_cfg.o)
 .text.CYCONFIGCPYCODE
                0x00000284       0x20 .\ARM_GCC_473\Debug\Bootloader_RPiSoC.a(cyfitter_cfg.o)
 .text.CyClockStartupError
                0x000002a4        0xc .\ARM_GCC_473\Debug\Bootloader_RPiSoC.a(cyfitter_cfg.o)
 .text.cfg_write_bytes32
                0x000002b0       0x84 .\ARM_GCC_473\Debug\Bootloader_RPiSoC.a(cyfitter_cfg.o)
 .text.ClockSetup
                0x00000334      0x11c .\ARM_GCC_473\Debug\Bootloader_RPiSoC.a(cyfitter_cfg.o)
 .text.AnalogSetDefault
                0x00000450       0x50 .\ARM_GCC_473\Debug\Bootloader_RPiSoC.a(cyfitter_cfg.o)
 .text.cyfitter_cfg
                0x000004a0      0x178 .\ARM_GCC_473\Debug\Bootloader_RPiSoC.a(cyfitter_cfg.o)
                0x000004a0                cyfitter_cfg
 .text.Bootloader_1_CalcPacketChecksum
                0x00000618       0xbc .\ARM_GCC_473\Debug\Bootloader_RPiSoC.a(Bootloader_1.o)
 .text.Bootloader_1_Calc8BitFlashSum
                0x000006d4       0x3c .\ARM_GCC_473\Debug\Bootloader_RPiSoC.a(Bootloader_1.o)
 .text.Bootloader_1_Calc8BitEepromSum
                0x00000710       0x44 .\ARM_GCC_473\Debug\Bootloader_RPiSoC.a(Bootloader_1.o)
 .text.Bootloader_1_Start
                0x00000754       0xec .\ARM_GCC_473\Debug\Bootloader_RPiSoC.a(Bootloader_1.o)
                0x00000754                Bootloader_1_Start
 .text.Bootloader_1_LaunchApplication
                0x00000840       0x18 .\ARM_GCC_473\Debug\Bootloader_RPiSoC.a(Bootloader_1.o)
 .text.CyBtldr_CheckLaunch
                0x00000858       0x50 .\ARM_GCC_473\Debug\Bootloader_RPiSoC.a(Bootloader_1.o)
                0x00000858                CyBtldr_CheckLaunch
 .text.Bootloader_1_LaunchBootloadable
                0x000008a8        0x4 .\ARM_GCC_473\Debug\Bootloader_RPiSoC.a(Bootloader_1.o)
 .text.Bootloader_1_ValidateBootloadable
                0x000008ac      0x124 .\ARM_GCC_473\Debug\Bootloader_RPiSoC.a(Bootloader_1.o)
 .text.Bootloader_1_HostLink
                0x000009d0      0x658 .\ARM_GCC_473\Debug\Bootloader_RPiSoC.a(Bootloader_1.o)
 .text.Bootloader_1_WritePacket
                0x00001028       0xb0 .\ARM_GCC_473\Debug\Bootloader_RPiSoC.a(Bootloader_1.o)
 .text.Bootloader_1_GetMetadata
                0x000010d8      0x1e4 .\ARM_GCC_473\Debug\Bootloader_RPiSoC.a(Bootloader_1.o)
 *fill*         0x000012bc        0x4 00
 .text          0x000012c0       0x28 .\ARM_GCC_473\Debug\Bootloader_RPiSoC.a(CyBootAsmGnu.o)
                0x000012c0                CyDelayCycles
                0x000012d4                CyEnterCriticalSection
                0x000012dc                CyExitCriticalSection
 .text.CySetTempInt
                0x000012e8       0x90 .\ARM_GCC_473\Debug\Bootloader_RPiSoC.a(CyFlash.o)
 .text.CySetTemp
                0x00001378       0x24 .\ARM_GCC_473\Debug\Bootloader_RPiSoC.a(CyFlash.o)
                0x00001378                CySetTemp
 .text.CySetFlashEEBuffer
                0x0000139c       0x78 .\ARM_GCC_473\Debug\Bootloader_RPiSoC.a(CyFlash.o)
                0x0000139c                CySetFlashEEBuffer
 .text.CyWriteRowFull
                0x00001414      0x120 .\ARM_GCC_473\Debug\Bootloader_RPiSoC.a(CyFlash.o)
                0x00001414                CyWriteRowFull
 .text.CyEEPROM_Start
                0x00001534       0x44 .\ARM_GCC_473\Debug\Bootloader_RPiSoC.a(CyFlash.o)
                0x00001534                CyEEPROM_Start
 .text.CyHalt   0x00001578       0x18 .\ARM_GCC_473\Debug\Bootloader_RPiSoC.a(CyLib.o)
                0x00001578                CyHalt
 .text.CySoftwareReset
                0x00001590       0x28 .\ARM_GCC_473\Debug\Bootloader_RPiSoC.a(CyLib.o)
                0x00001590                CySoftwareReset
 .text.CyDelay  0x000015b8       0x48 .\ARM_GCC_473\Debug\Bootloader_RPiSoC.a(CyLib.o)
                0x000015b8                CyDelay
 .text.CyDelayUs
                0x00001600       0x28 .\ARM_GCC_473\Debug\Bootloader_RPiSoC.a(CyLib.o)
                0x00001600                CyDelayUs
 .text.CyIntSetVector
                0x00001628       0x60 .\ARM_GCC_473\Debug\Bootloader_RPiSoC.a(CyLib.o)
                0x00001628                CyIntSetVector
 .text.CyIntSetPriority
                0x00001688       0x4c .\ARM_GCC_473\Debug\Bootloader_RPiSoC.a(CyLib.o)
                0x00001688                CyIntSetPriority
 .text.CySpcStart
                0x000016d4       0x58 .\ARM_GCC_473\Debug\Bootloader_RPiSoC.a(CySpc.o)
                0x000016d4                CySpcStart
 .text.CySpcReadData
                0x0000172c       0x64 .\ARM_GCC_473\Debug\Bootloader_RPiSoC.a(CySpc.o)
                0x0000172c                CySpcReadData
 .text.CySpcLoadRow
                0x00001790       0xbc .\ARM_GCC_473\Debug\Bootloader_RPiSoC.a(CySpc.o)
                0x00001790                CySpcLoadRow
 .text.CySpcWriteRow
                0x0000184c       0xcc .\ARM_GCC_473\Debug\Bootloader_RPiSoC.a(CySpc.o)
                0x0000184c                CySpcWriteRow
 .text.CySpcGetTemp
                0x00001918       0x8c .\ARM_GCC_473\Debug\Bootloader_RPiSoC.a(CySpc.o)
                0x00001918                CySpcGetTemp
 .text.CySpcLock
                0x000019a4       0x88 .\ARM_GCC_473\Debug\Bootloader_RPiSoC.a(CySpc.o)
                0x000019a4                CySpcLock
 .text.CySpcUnlock
                0x00001a2c       0x68 .\ARM_GCC_473\Debug\Bootloader_RPiSoC.a(CySpc.o)
                0x00001a2c                CySpcUnlock
 .text.BL_wait_Read
                0x00001a94       0x20 .\ARM_GCC_473\Debug\Bootloader_RPiSoC.a(BL_wait.o)
                0x00001a94                BL_wait_Read
 .text.USBFS_CyBtldrCommStart
                0x00001ab4       0x24 .\ARM_GCC_473\Debug\Bootloader_RPiSoC.a(USBFS_boot.o)
                0x00001ab4                USBFS_CyBtldrCommStart
 .text.USBFS_CyBtldrCommReset
                0x00001ad8       0x10 .\ARM_GCC_473\Debug\Bootloader_RPiSoC.a(USBFS_boot.o)
                0x00001ad8                USBFS_CyBtldrCommReset
 .text.USBFS_CyBtldrCommWrite
                0x00001ae8       0x84 .\ARM_GCC_473\Debug\Bootloader_RPiSoC.a(USBFS_boot.o)
                0x00001ae8                USBFS_CyBtldrCommWrite
 .text.USBFS_CyBtldrCommRead
                0x00001b6c      0x118 .\ARM_GCC_473\Debug\Bootloader_RPiSoC.a(USBFS_boot.o)
                0x00001b6c                USBFS_CyBtldrCommRead
 .text.USBFS_Start
                0x00001c84       0x44 .\ARM_GCC_473\Debug\Bootloader_RPiSoC.a(USBFS.o)
                0x00001c84                USBFS_Start
 .text.USBFS_Init
                0x00001cc8      0x21c .\ARM_GCC_473\Debug\Bootloader_RPiSoC.a(USBFS.o)
                0x00001cc8                USBFS_Init
 .text.USBFS_InitComponent
                0x00001ee4      0x150 .\ARM_GCC_473\Debug\Bootloader_RPiSoC.a(USBFS.o)
                0x00001ee4                USBFS_InitComponent
 .text.USBFS_ReInitComponent
                0x00002034       0xb4 .\ARM_GCC_473\Debug\Bootloader_RPiSoC.a(USBFS.o)
                0x00002034                USBFS_ReInitComponent
 .text.USBFS_GetConfiguration
                0x000020e8       0x18 .\ARM_GCC_473\Debug\Bootloader_RPiSoC.a(USBFS.o)
                0x000020e8                USBFS_GetConfiguration
 .text.USBFS_IsConfigurationChanged
                0x00002100       0x44 .\ARM_GCC_473\Debug\Bootloader_RPiSoC.a(USBFS.o)
                0x00002100                USBFS_IsConfigurationChanged
 .text.USBFS_GetEPState
                0x00002144       0x34 .\ARM_GCC_473\Debug\Bootloader_RPiSoC.a(USBFS.o)
                0x00002144                USBFS_GetEPState
 .text.USBFS_GetEPCount
                0x00002178       0x74 .\ARM_GCC_473\Debug\Bootloader_RPiSoC.a(USBFS.o)
                0x00002178                USBFS_GetEPCount
 .text.USBFS_LoadInEP
                0x000021ec      0x150 .\ARM_GCC_473\Debug\Bootloader_RPiSoC.a(USBFS.o)
                0x000021ec                USBFS_LoadInEP
 .text.USBFS_ReadOutEP
                0x0000233c       0x98 .\ARM_GCC_473\Debug\Bootloader_RPiSoC.a(USBFS.o)
                0x0000233c                USBFS_ReadOutEP
 .text.USBFS_EnableOutEP
                0x000023d4       0x78 .\ARM_GCC_473\Debug\Bootloader_RPiSoC.a(USBFS.o)
                0x000023d4                USBFS_EnableOutEP
 .text.USBFS_EP_0_ISR
                0x0000244c      0x140 .\ARM_GCC_473\Debug\Bootloader_RPiSoC.a(USBFS_drv.o)
                0x0000244c                USBFS_EP_0_ISR
 .text.USBFS_HandleSetup
                0x0000258c       0xa8 .\ARM_GCC_473\Debug\Bootloader_RPiSoC.a(USBFS_drv.o)
                0x0000258c                USBFS_HandleSetup
 .text.USBFS_HandleIN
                0x00002634       0x50 .\ARM_GCC_473\Debug\Bootloader_RPiSoC.a(USBFS_drv.o)
                0x00002634                USBFS_HandleIN
 .text.USBFS_HandleOUT
                0x00002684       0x60 .\ARM_GCC_473\Debug\Bootloader_RPiSoC.a(USBFS_drv.o)
                0x00002684                USBFS_HandleOUT
 .text.USBFS_LoadEP0
                0x000026e4      0x138 .\ARM_GCC_473\Debug\Bootloader_RPiSoC.a(USBFS_drv.o)
                0x000026e4                USBFS_LoadEP0
 .text.USBFS_InitControlRead
                0x0000281c       0x90 .\ARM_GCC_473\Debug\Bootloader_RPiSoC.a(USBFS_drv.o)
                0x0000281c                USBFS_InitControlRead
 .text.USBFS_InitZeroLengthControlTransfer
                0x000028ac       0x58 .\ARM_GCC_473\Debug\Bootloader_RPiSoC.a(USBFS_drv.o)
                0x000028ac                USBFS_InitZeroLengthControlTransfer
 .text.USBFS_ControlReadDataStage
                0x00002904        0xc .\ARM_GCC_473\Debug\Bootloader_RPiSoC.a(USBFS_drv.o)
                0x00002904                USBFS_ControlReadDataStage
 .text.USBFS_ControlReadStatusStage
                0x00002910       0x54 .\ARM_GCC_473\Debug\Bootloader_RPiSoC.a(USBFS_drv.o)
                0x00002910                USBFS_ControlReadStatusStage
 .text.USBFS_InitControlWrite
                0x00002964       0x84 .\ARM_GCC_473\Debug\Bootloader_RPiSoC.a(USBFS_drv.o)
                0x00002964                USBFS_InitControlWrite
 .text.USBFS_ControlWriteDataStage
                0x000029e8       0xfc .\ARM_GCC_473\Debug\Bootloader_RPiSoC.a(USBFS_drv.o)
                0x000029e8                USBFS_ControlWriteDataStage
 .text.USBFS_ControlWriteStatusStage
                0x00002ae4       0x2c .\ARM_GCC_473\Debug\Bootloader_RPiSoC.a(USBFS_drv.o)
                0x00002ae4                USBFS_ControlWriteStatusStage
 .text.USBFS_InitNoDataControlTransfer
                0x00002b10       0x48 .\ARM_GCC_473\Debug\Bootloader_RPiSoC.a(USBFS_drv.o)
                0x00002b10                USBFS_InitNoDataControlTransfer
 .text.USBFS_NoDataControlStatusStage
                0x00002b58       0x64 .\ARM_GCC_473\Debug\Bootloader_RPiSoC.a(USBFS_drv.o)
                0x00002b58                USBFS_NoDataControlStatusStage
 .text.USBFS_UpdateStatusBlock
                0x00002bbc       0x58 .\ARM_GCC_473\Debug\Bootloader_RPiSoC.a(USBFS_drv.o)
                0x00002bbc                USBFS_UpdateStatusBlock
 .text.USBFS_InitializeStatusBlock
                0x00002c14       0x48 .\ARM_GCC_473\Debug\Bootloader_RPiSoC.a(USBFS_drv.o)
                0x00002c14                USBFS_InitializeStatusBlock
 .text.USBFS_EP_1_ISR
                0x00002c5c       0x74 .\ARM_GCC_473\Debug\Bootloader_RPiSoC.a(USBFS_episr.o)
                0x00002c5c                USBFS_EP_1_ISR
 .text.USBFS_EP_2_ISR
                0x00002cd0       0x74 .\ARM_GCC_473\Debug\Bootloader_RPiSoC.a(USBFS_episr.o)
                0x00002cd0                USBFS_EP_2_ISR
 .text.USBFS_SOF_ISR
                0x00002d44        0xc .\ARM_GCC_473\Debug\Bootloader_RPiSoC.a(USBFS_episr.o)
                0x00002d44                USBFS_SOF_ISR
 .text.USBFS_BUS_RESET_ISR
                0x00002d50        0xc .\ARM_GCC_473\Debug\Bootloader_RPiSoC.a(USBFS_episr.o)
                0x00002d50                USBFS_BUS_RESET_ISR
 .text.USBFS_DispatchHIDClassRqst
                0x00002d5c      0x2bc .\ARM_GCC_473\Debug\Bootloader_RPiSoC.a(USBFS_hid.o)
                0x00002d5c                USBFS_DispatchHIDClassRqst
 .text.USBFS_FindHidClassDecriptor
                0x00003018       0x94 .\ARM_GCC_473\Debug\Bootloader_RPiSoC.a(USBFS_hid.o)
                0x00003018                USBFS_FindHidClassDecriptor
 .text.USBFS_FindReportDescriptor
                0x000030ac       0xac .\ARM_GCC_473\Debug\Bootloader_RPiSoC.a(USBFS_hid.o)
                0x000030ac                USBFS_FindReportDescriptor
 .text.USBFS_FindReport
                0x00003158      0x100 .\ARM_GCC_473\Debug\Bootloader_RPiSoC.a(USBFS_hid.o)
                0x00003158                USBFS_FindReport
 .text.USBFS_HandleStandardRqst
                0x00003258      0x62c .\ARM_GCC_473\Debug\Bootloader_RPiSoC.a(USBFS_std.o)
                0x00003258                USBFS_HandleStandardRqst
 .text.USBFS_ConfigReg
                0x00003884      0x204 .\ARM_GCC_473\Debug\Bootloader_RPiSoC.a(USBFS_std.o)
                0x00003884                USBFS_ConfigReg
 .text.USBFS_Config
                0x00003a88      0x42c .\ARM_GCC_473\Debug\Bootloader_RPiSoC.a(USBFS_std.o)
                0x00003a88                USBFS_Config
 .text.USBFS_ConfigAltChanged
                0x00003eb4      0x354 .\ARM_GCC_473\Debug\Bootloader_RPiSoC.a(USBFS_std.o)
                0x00003eb4                USBFS_ConfigAltChanged
 .text.USBFS_GetConfigTablePtr
                0x00004208       0x60 .\ARM_GCC_473\Debug\Bootloader_RPiSoC.a(USBFS_std.o)
                0x00004208                USBFS_GetConfigTablePtr
 .text.USBFS_GetDeviceTablePtr
                0x00004268       0x28 .\ARM_GCC_473\Debug\Bootloader_RPiSoC.a(USBFS_std.o)
                0x00004268                USBFS_GetDeviceTablePtr
 .text.USBFS_GetInterfaceClassTablePtr
                0x00004290       0x58 .\ARM_GCC_473\Debug\Bootloader_RPiSoC.a(USBFS_std.o)
                0x00004290                USBFS_GetInterfaceClassTablePtr
 .text.USBFS_SetEndpointHalt
                0x000042e8      0x130 .\ARM_GCC_473\Debug\Bootloader_RPiSoC.a(USBFS_std.o)
                0x000042e8                USBFS_SetEndpointHalt
 .text.USBFS_ClearEndpointHalt
                0x00004418      0x1c4 .\ARM_GCC_473\Debug\Bootloader_RPiSoC.a(USBFS_std.o)
                0x00004418                USBFS_ClearEndpointHalt
 .text.USBFS_ValidateAlternateSetting
                0x000045dc       0x90 .\ARM_GCC_473\Debug\Bootloader_RPiSoC.a(USBFS_std.o)
                0x000045dc                USBFS_ValidateAlternateSetting
 .text.USBFS_HandleVendorRqst
                0x0000466c       0x44 .\ARM_GCC_473\Debug\Bootloader_RPiSoC.a(USBFS_vnd.o)
                0x0000466c                USBFS_HandleVendorRqst
 .text.USBFS_DispatchClassRqst
                0x000046b0       0xa8 .\ARM_GCC_473\Debug\Bootloader_RPiSoC.a(USBFS_cls.o)
                0x000046b0                USBFS_DispatchClassRqst
 .text.__libc_init_array
                0x00004758       0x4c c:/program files (x86)/cypress/psoc creator/3.0/psoc creator/import/gnu_cs/arm/4.7.3/bin/../lib/gcc/arm-none-eabi/4.7.3/../../../../arm-none-eabi/lib/armv7-m\libc_s.a(lib_a-init.o)
                0x00004758                __libc_init_array
 .text.memcpy   0x000047a4       0x12 c:/program files (x86)/cypress/psoc creator/3.0/psoc creator/import/gnu_cs/arm/4.7.3/bin/../lib/gcc/arm-none-eabi/4.7.3/../../../../arm-none-eabi/lib/armv7-m\libc_s.a(lib_a-memcpy.o)
                0x000047a4                memcpy
 .text.memset   0x000047b6       0x10 c:/program files (x86)/cypress/psoc creator/3.0/psoc creator/import/gnu_cs/arm/4.7.3/bin/../lib/gcc/arm-none-eabi/4.7.3/../../../../arm-none-eabi/lib/armv7-m\libc_s.a(lib_a-memset.o)
                0x000047b6                memset
 *(.plt)
 *(.gnu.warning)
 *(.glue_7t)
 .glue_7t       0x00000000        0x0 linker stubs
 *(.glue_7)
 .glue_7        0x00000000        0x0 linker stubs
 *(.vfp11_veneer)
 .vfp11_veneer  0x00000000        0x0 linker stubs
 *(.bootloader)
 *fill*         0x000047c6        0x2 00
 .bootloader    0x000047c8        0x8 .\ARM_GCC_473\Debug\Bootloader_RPiSoC.a(Bootloader_1.o)
                0x000047c8                Bootloader_1_Checksum
                0x000047cc                Bootloader_1_SizeBytes
 *(.ARM.extab* .gnu.linkonce.armextab.*)
 *(.gcc_except_table)

.v4_bx          0x000047d0        0x0
 .v4_bx         0x00000000        0x0 linker stubs

.iplt           0x000047d0        0x0
 .iplt          0x00000000        0x0 c:/program files (x86)/cypress/psoc creator/3.0/psoc creator/import/gnu_cs/arm/4.7.3/bin/../lib/gcc/arm-none-eabi/4.7.3/armv7-m/crtbegin.o

.eh_frame_hdr
 *(.eh_frame_hdr)

.eh_frame       0x000047d0        0x4
 *(.eh_frame)
 .eh_frame      0x000047d0        0x0 c:/program files (x86)/cypress/psoc creator/3.0/psoc creator/import/gnu_cs/arm/4.7.3/bin/../lib/gcc/arm-none-eabi/4.7.3/armv7-m/crtbegin.o
 .eh_frame      0x000047d0        0x4 c:/program files (x86)/cypress/psoc creator/3.0/psoc creator/import/gnu_cs/arm/4.7.3/bin/../lib/gcc/arm-none-eabi/4.7.3/armv7-m/crtend.o
                0x000047d4                PROVIDE (__exidx_start, .)

.ARM.exidx
 *(.ARM.exidx* .gnu.linkonce.armexidx.*)
                0x000047d4                __exidx_end = .

.rodata         0x000047d4      0x274
 *(.rodata .rodata.* .gnu.linkonce.r.*)
 .rodata        0x000047d4       0xd8 .\ARM_GCC_473\Debug\Bootloader_RPiSoC.a(cyfitter_cfg.o)
 .rodata        0x000048ac        0x8 .\ARM_GCC_473\Debug\Bootloader_RPiSoC.a(Bootloader_1.o)
 .rodata        0x000048b4      0x160 .\ARM_GCC_473\Debug\Bootloader_RPiSoC.a(USBFS_descr.o)
                0x000048b4                USBFS_DEVICE0_DESCR
                0x000048c8                USBFS_DEVICE0_CONFIGURATION0_DESCR
                0x000048f4                USBFS_STRING_DESCRIPTORS
                0x0000494c                USBFS_SN_STRING_DESCRIPTOR
                0x00004958                USBFS_HIDREPORT_DESCRIPTOR1
                0x00004980                USBFS_DEVICE0_CONFIGURATION0_INTERFACE0_ALTERNATE0_HID_IN_RPT_TABLE
                0x0000498c                USBFS_DEVICE0_CONFIGURATION0_INTERFACE0_ALTERNATE0_HID_OUT_RPT_TABLE
                0x00004998                USBFS_DEVICE0_CONFIGURATION0_INTERFACE0_ALTERNATE0_HID_TABLE
                0x000049c0                USBFS_DEVICE0_CONFIGURATION0_INTERFACE0_TABLE
                0x000049c8                USBFS_DEVICE0_CONFIGURATION0_EP_SETTINGS_TABLE
                0x000049d8                USBFS_DEVICE0_CONFIGURATION0_INTERFACE_CLASS
                0x000049dc                USBFS_DEVICE0_CONFIGURATION0_TABLE
                0x000049fc                USBFS_DEVICE0_TABLE
                0x00004a0c                USBFS_TABLE
                0x00004a14                . = ALIGN (0x4)
 *(.init)
 .init          0x00004a14        0x4 c:/program files (x86)/cypress/psoc creator/3.0/psoc creator/import/gnu_cs/arm/4.7.3/bin/../lib/gcc/arm-none-eabi/4.7.3/armv7-m/crti.o
                0x00004a14                _init
 .init          0x00004a18        0x8 c:/program files (x86)/cypress/psoc creator/3.0/psoc creator/import/gnu_cs/arm/4.7.3/bin/../lib/gcc/arm-none-eabi/4.7.3/armv7-m/crtn.o
                0x00004a20                . = ALIGN (0x4)
                0x00004a20                __preinit_array_start = .
 *(.preinit_array)
                0x00004a20                __preinit_array_end = .
                0x00004a20                . = ALIGN (0x4)
                0x00004a20                __init_array_start = .
 *(SORT(.init_array.*))
 *(.init_array)
 .init_array    0x00004a20        0x4 c:/program files (x86)/cypress/psoc creator/3.0/psoc creator/import/gnu_cs/arm/4.7.3/bin/../lib/gcc/arm-none-eabi/4.7.3/armv7-m/crtbegin.o
 .init_array    0x00004a24        0x4 .\ARM_GCC_473\Debug\Cm3Start.o
                0x00004a28                __init_array_end = .
                0x00004a28                . = ALIGN (0x4)
 *(.fini)
 .fini          0x00004a28        0x4 c:/program files (x86)/cypress/psoc creator/3.0/psoc creator/import/gnu_cs/arm/4.7.3/bin/../lib/gcc/arm-none-eabi/4.7.3/armv7-m/crti.o
                0x00004a28                _fini
 .fini          0x00004a2c        0x8 c:/program files (x86)/cypress/psoc creator/3.0/psoc creator/import/gnu_cs/arm/4.7.3/bin/../lib/gcc/arm-none-eabi/4.7.3/armv7-m/crtn.o
                0x00004a34                . = ALIGN (0x4)
                0x00004a34                __fini_array_start = .
 *(.fini_array)
 .fini_array    0x00004a34        0x4 c:/program files (x86)/cypress/psoc creator/3.0/psoc creator/import/gnu_cs/arm/4.7.3/bin/../lib/gcc/arm-none-eabi/4.7.3/armv7-m/crtbegin.o
 *(SORT(.fini_array.*))
                0x00004a38                __fini_array_end = .
                0x00004a38                . = ALIGN (0x4)
 *crtbegin.o(.ctors)
 *(EXCLUDE_FILE(*crtend.o) .ctors)
 *(SORT(.ctors.*))
 *crtend.o(.ctors)
                0x00004a38                . = ALIGN (0x4)
 *crtbegin.o(.dtors)
 *(EXCLUDE_FILE(*crtend.o) .dtors)
 *(SORT(.dtors.*))
 *crtend.o(.dtors)
                0x00004a38                . = ALIGN (0x4)
                0x00004a38                __cy_regions = .
                0x00004a38        0x4 LONG 0x4a48 __cy_region_init_ram
                0x00004a3c        0x4 LONG 0x1fff8108 __cy_region_start_data
                0x00004a40        0x4 LONG 0x20 __cy_region_init_size_ram
                0x00004a44        0x4 LONG 0x168 __cy_region_zero_size_ram
                0x00004a48                __cy_regions_end = .
                0x00004a48                . = ALIGN (0x8)
                0x00004a48                _etext = .

.ramvectors     0x1fff8000      0x100
                0x1fff8000                __cy_region_start_ram = .
 *(.ramvectors)
 .ramvectors    0x1fff8000      0x100 .\ARM_GCC_473\Debug\Cm3Start.o
                0x1fff8000                CyRamVectors

.noinit         0x1fff8100        0x5
 *(.noinit)
 .noinit        0x1fff8100        0x4 .\ARM_GCC_473\Debug\Cm3Start.o
 .noinit        0x1fff8104        0x1 .\ARM_GCC_473\Debug\Bootloader_RPiSoC.a(CyLib.o)
                0x1fff8104                CyResetStatus

.data           0x1fff8108       0x20 load address 0x00004a48
                0x1fff8108                __cy_region_start_data = .
 *(.jcr)
 .jcr           0x1fff8108        0x0 c:/program files (x86)/cypress/psoc creator/3.0/psoc creator/import/gnu_cs/arm/4.7.3/bin/../lib/gcc/arm-none-eabi/4.7.3/armv7-m/crtbegin.o
 .jcr           0x1fff8108        0x4 c:/program files (x86)/cypress/psoc creator/3.0/psoc creator/import/gnu_cs/arm/4.7.3/bin/../lib/gcc/arm-none-eabi/4.7.3/armv7-m/crtend.o
 *(.got.plt)
 *(.got)
 *(.shdata)
 *(.data .data.* .gnu.linkonce.d.*)
 .data          0x1fff810c        0x8 .\ARM_GCC_473\Debug\Bootloader_RPiSoC.a(Bootloader_1.o)
                0x1fff810c                Bootloader_1_ChecksumAccess
                0x1fff8110                Bootloader_1_SizeBytesAccess
 .data          0x1fff8114       0x10 .\ARM_GCC_473\Debug\Bootloader_RPiSoC.a(CyLib.o)
                0x1fff8114                cydelay_freq_hz
                0x1fff8118                cydelay_freq_khz
                0x1fff811c                cydelay_freq_mhz
                0x1fff8120                cydelay_32k_ms
                0x1fff8128                . = ALIGN (0x8)
 *fill*         0x1fff8124        0x4 00
 *(.ram)
                0x1fff8128                _edata = .

.igot.plt       0x1fff8128        0x0 load address 0x00004a68
 .igot.plt      0x00000000        0x0 c:/program files (x86)/cypress/psoc creator/3.0/psoc creator/import/gnu_cs/arm/4.7.3/bin/../lib/gcc/arm-none-eabi/4.7.3/armv7-m/crtbegin.o

.bss            0x1fff8128      0x168 load address 0x00004a68
                0x1fff8128                PROVIDE (__bss_start__, .)
 *(.shbss)
 *(.bss .bss.* .gnu.linkonce.b.*)
 .bss           0x1fff8128       0x1c c:/program files (x86)/cypress/psoc creator/3.0/psoc creator/import/gnu_cs/arm/4.7.3/bin/../lib/gcc/arm-none-eabi/4.7.3/armv7-m/crtbegin.o
 .bss           0x1fff8144        0x4 .\ARM_GCC_473\Debug\Bootloader_RPiSoC.a(CyFlash.o)
 .bss           0x1fff8148        0x8 .\ARM_GCC_473\Debug\Bootloader_RPiSoC.a(CySpc.o)
                0x1fff8148                SpcLockState
 .bss           0x1fff8150        0x1 .\ARM_GCC_473\Debug\Bootloader_RPiSoC.a(USBFS_boot.o)
 .bss           0x1fff8151        0x1 .\ARM_GCC_473\Debug\Bootloader_RPiSoC.a(USBFS.o)
                0x1fff8151                USBFS_initVar
 *fill*         0x1fff8152        0x2 00
 .bss           0x1fff8154        0x4 .\ARM_GCC_473\Debug\Bootloader_RPiSoC.a(USBFS_std.o)
 *(COMMON)
 COMMON         0x1fff8158        0x2 .\ARM_GCC_473\Debug\Bootloader_RPiSoC.a(CyFlash.o)
                0x1fff8158                dieTemperature
 *fill*         0x1fff815a        0x2 00
 COMMON         0x1fff815c       0x96 .\ARM_GCC_473\Debug\Bootloader_RPiSoC.a(USBFS_drv.o)
                0x1fff815c                USBFS_deviceAddress
                0x1fff815d                USBFS_ep0Mode
                0x1fff8160                USBFS_interfaceSetting
                0x1fff8164                USBFS_currentTD
                0x1fff8170                USBFS_device
                0x1fff8171                USBFS_interfaceNumber
                0x1fff8172                USBFS_ep0Toggle
                0x1fff8173                USBFS_deviceStatus
                0x1fff8174                USBFS_configurationChanged
                0x1fff8175                USBFS_configuration
                0x1fff8176                USBFS_transferState
                0x1fff8178                USBFS_interfaceStatus
                0x1fff817c                USBFS_interfaceClass
                0x1fff8180                USBFS_EP
                0x1fff81ec                USBFS_interfaceSetting_last
                0x1fff81ed                USBFS_lastPacketSize
                0x1fff81ee                USBFS_ep0Count
                0x1fff81f0                USBFS_transferByteCount
 *fill*         0x1fff81f2        0x2 00
 COMMON         0x1fff81f4        0x9 .\ARM_GCC_473\Debug\Bootloader_RPiSoC.a(USBFS_hid.o)
                0x1fff81f4                USBFS_hidIdleRate
                0x1fff81f8                USBFS_hidIdleTimer
                0x1fff81fc                USBFS_hidProtocol
 *fill*         0x1fff81fd        0x3 00
 COMMON         0x1fff8200       0x90 .\ARM_GCC_473\Debug\Bootloader_RPiSoC.a(USBFS_descr.o)
                0x1fff8200                USBFS_DEVICE0_CONFIGURATION0_INTERFACE0_ALTERNATE0_HID_IN_RPT_SCB
                0x1fff8204                USBFS_DEVICE0_CONFIGURATION0_INTERFACE0_ALTERNATE0_HID_IN_BUF
                0x1fff8248                USBFS_DEVICE0_CONFIGURATION0_INTERFACE0_ALTERNATE0_HID_OUT_BUF
                0x1fff828c                USBFS_DEVICE0_CONFIGURATION0_INTERFACE0_ALTERNATE0_HID_OUT_RPT_SCB
                0x1fff8290                . = ALIGN (0x8)
 *(.ram.b)
                0x1fff8290                _end = .
                0x1fff8290                __end = .
                0x1fff8290                PROVIDE (end, .)
                0x1fff8290                PROVIDE (__bss_end__, .)
                0x00004a48                __cy_region_init_ram = LOADADDR (.data)
                0x00000020                __cy_region_init_size_ram = (_edata - ADDR (.data))
                0x00000168                __cy_region_zero_size_ram = (_end - _edata)

.heap           0x1fff8290     0x1000 load address 0x00004a68
                0x1fff8290                . = _end
                0x1fff9290                . = (. + 0x1000)
 *fill*         0x1fff8290     0x1000 00
                0x1fff9290                __cy_heap_limit = .

.stack          0x20004000     0x4000
                0x20004000                __cy_stack_limit = .
                0x20008000                . = (. + 0x4000)
 *fill*         0x20004000     0x4000 00
                0x00000001                ASSERT ((__cy_stack_limit >= __cy_heap_limit), region RAM overflowed with stack)

.cyloadermeta   0x0003ffc0       0x40
 *(.cyloadermeta)
 .cyloadermeta  0x0003ffc0       0x40 .\ARM_GCC_473\Debug\cymetadata.o
                0x0003ffc0                cy_meta_loader

.cyloadablemeta
 *(.cyloadablemeta)

.cyconfigecc    0x80000000        0x4
 *(.cyconfigecc)
 .cyconfigecc   0x80000000        0x4 .\ARM_GCC_473\Debug\cymetadata.o
                0x80000000                cy_meta_configecc

.cycustnvl      0x90000000        0x4
 *(.cycustnvl)
 .cycustnvl     0x90000000        0x4 .\ARM_GCC_473\Debug\cymetadata.o
                0x90000000                cy_meta_custnvl

.cywolatch      0x90100000        0x4
 *(.cywolatch)
 .cywolatch     0x90100000        0x4 .\ARM_GCC_473\Debug\cymetadata.o
                0x90100000                cy_meta_wonvl

.cyeeprom       0x90200000        0x0
 *(.cyeeprom)
                0x00000001                ASSERT ((. <= ((0x90200000 + ee_offset) + ee_size)), .cyeeprom data will not fit in EEPROM)

.cyflashprotect
                0x90400000      0x100
 *(.cyflashprotect)
 .cyflashprotect
                0x90400000      0x100 .\ARM_GCC_473\Debug\cymetadata.o
                0x90400000                cy_meta_flashprotect

.cymeta         0x90500000        0xc
 *(.cymeta)
 .cymeta        0x90500000        0xc .\ARM_GCC_473\Debug\cymetadata.o
                0x90500000                cy_metadata

.rel.dyn        0x00004a68        0x0 load address 0x9050000c
 .rel.iplt      0x00000000        0x0 c:/program files (x86)/cypress/psoc creator/3.0/psoc creator/import/gnu_cs/arm/4.7.3/bin/../lib/gcc/arm-none-eabi/4.7.3/armv7-m/crtbegin.o

.stab
 *(.stab)

.stabstr
 *(.stabstr)

.debug
 *(.debug)

.line
 *(.line)

.debug_srcinfo
 *(.debug_srcinfo)

.debug_sfnames
 *(.debug_sfnames)

.debug_aranges  0x00000000      0x800
 *(.debug_aranges)
 .debug_aranges
                0x00000000       0x20 .\ARM_GCC_473\Debug\main.o
 .debug_aranges
                0x00000020       0x18 .\ARM_GCC_473\Debug\cymetadata.o
 .debug_aranges
                0x00000038       0x40 .\ARM_GCC_473\Debug\Cm3Start.o
 .debug_aranges
                0x00000078       0x60 .\ARM_GCC_473\Debug\Bootloader_RPiSoC.a(cyfitter_cfg.o)
 .debug_aranges
                0x000000d8       0x78 .\ARM_GCC_473\Debug\Bootloader_RPiSoC.a(Bootloader_1.o)
 .debug_aranges
                0x00000150       0x20 .\ARM_GCC_473\Debug\Bootloader_RPiSoC.a(CyBootAsmGnu.o)
 .debug_aranges
                0x00000170       0x78 .\ARM_GCC_473\Debug\Bootloader_RPiSoC.a(CyFlash.o)
 .debug_aranges
                0x000001e8      0x218 .\ARM_GCC_473\Debug\Bootloader_RPiSoC.a(CyLib.o)
 .debug_aranges
                0x00000400       0x90 .\ARM_GCC_473\Debug\Bootloader_RPiSoC.a(cyPm.o)
 .debug_aranges
                0x00000490       0x68 .\ARM_GCC_473\Debug\Bootloader_RPiSoC.a(CySpc.o)
 .debug_aranges
                0x000004f8       0x38 .\ARM_GCC_473\Debug\Bootloader_RPiSoC.a(BL_wait.o)
 .debug_aranges
                0x00000530       0x40 .\ARM_GCC_473\Debug\Bootloader_RPiSoC.a(USBFS_boot.o)
 .debug_aranges
                0x00000570       0xb0 .\ARM_GCC_473\Debug\Bootloader_RPiSoC.a(USBFS.o)
 .debug_aranges
                0x00000620       0x98 .\ARM_GCC_473\Debug\Bootloader_RPiSoC.a(USBFS_drv.o)
 .debug_aranges
                0x000006b8       0x38 .\ARM_GCC_473\Debug\Bootloader_RPiSoC.a(USBFS_episr.o)
 .debug_aranges
                0x000006f0       0x48 .\ARM_GCC_473\Debug\Bootloader_RPiSoC.a(USBFS_hid.o)
 .debug_aranges
                0x00000738       0x70 .\ARM_GCC_473\Debug\Bootloader_RPiSoC.a(USBFS_std.o)
 .debug_aranges
                0x000007a8       0x20 .\ARM_GCC_473\Debug\Bootloader_RPiSoC.a(USBFS_vnd.o)
 .debug_aranges
                0x000007c8       0x20 .\ARM_GCC_473\Debug\Bootloader_RPiSoC.a(USBFS_cls.o)
 .debug_aranges
                0x000007e8       0x18 .\ARM_GCC_473\Debug\Bootloader_RPiSoC.a(USBFS_descr.o)

.debug_pubnames
 *(.debug_pubnames)

.debug_info     0x00000000     0x4da5
 *(.debug_info .gnu.linkonce.wi.*)
 .debug_info    0x00000000       0xda .\ARM_GCC_473\Debug\main.o
 .debug_info    0x000000da      0x165 .\ARM_GCC_473\Debug\cymetadata.o
 .debug_info    0x0000023f      0x2ea .\ARM_GCC_473\Debug\Cm3Start.o
 .debug_info    0x00000529      0x465 .\ARM_GCC_473\Debug\Bootloader_RPiSoC.a(cyfitter_cfg.o)
 .debug_info    0x0000098e      0x6eb .\ARM_GCC_473\Debug\Bootloader_RPiSoC.a(Bootloader_1.o)
 .debug_info    0x00001079       0xb2 .\ARM_GCC_473\Debug\Bootloader_RPiSoC.a(CyBootAsmGnu.o)
 .debug_info    0x0000112b      0x354 .\ARM_GCC_473\Debug\Bootloader_RPiSoC.a(CyFlash.o)
 .debug_info    0x0000147f      0xcd7 .\ARM_GCC_473\Debug\Bootloader_RPiSoC.a(CyLib.o)
 .debug_info    0x00002156      0x5c3 .\ARM_GCC_473\Debug\Bootloader_RPiSoC.a(cyPm.o)
 .debug_info    0x00002719      0x3d9 .\ARM_GCC_473\Debug\Bootloader_RPiSoC.a(CySpc.o)
 .debug_info    0x00002af2      0x134 .\ARM_GCC_473\Debug\Bootloader_RPiSoC.a(BL_wait.o)
 .debug_info    0x00002c26      0x1fd .\ARM_GCC_473\Debug\Bootloader_RPiSoC.a(USBFS_boot.o)
 .debug_info    0x00002e23      0x68b .\ARM_GCC_473\Debug\Bootloader_RPiSoC.a(USBFS.o)
 .debug_info    0x000034ae      0x56e .\ARM_GCC_473\Debug\Bootloader_RPiSoC.a(USBFS_drv.o)
 .debug_info    0x00003a1c      0x1c0 .\ARM_GCC_473\Debug\Bootloader_RPiSoC.a(USBFS_episr.o)
 .debug_info    0x00003bdc      0x386 .\ARM_GCC_473\Debug\Bootloader_RPiSoC.a(USBFS_hid.o)
 .debug_info    0x00003f62      0x7ac .\ARM_GCC_473\Debug\Bootloader_RPiSoC.a(USBFS_std.o)
 .debug_info    0x0000470e       0xd0 .\ARM_GCC_473\Debug\Bootloader_RPiSoC.a(USBFS_vnd.o)
 .debug_info    0x000047de      0x1b9 .\ARM_GCC_473\Debug\Bootloader_RPiSoC.a(USBFS_cls.o)
 .debug_info    0x00004997      0x40e .\ARM_GCC_473\Debug\Bootloader_RPiSoC.a(USBFS_descr.o)

.debug_abbrev   0x00000000     0x15bc
 *(.debug_abbrev)
 .debug_abbrev  0x00000000       0x67 .\ARM_GCC_473\Debug\main.o
 .debug_abbrev  0x00000067       0x5d .\ARM_GCC_473\Debug\cymetadata.o
 .debug_abbrev  0x000000c4      0x175 .\ARM_GCC_473\Debug\Cm3Start.o
 .debug_abbrev  0x00000239      0x189 .\ARM_GCC_473\Debug\Bootloader_RPiSoC.a(cyfitter_cfg.o)
 .debug_abbrev  0x000003c2      0x1c3 .\ARM_GCC_473\Debug\Bootloader_RPiSoC.a(Bootloader_1.o)
 .debug_abbrev  0x00000585       0x14 .\ARM_GCC_473\Debug\Bootloader_RPiSoC.a(CyBootAsmGnu.o)
 .debug_abbrev  0x00000599      0x172 .\ARM_GCC_473\Debug\Bootloader_RPiSoC.a(CyFlash.o)
 .debug_abbrev  0x0000070b      0x207 .\ARM_GCC_473\Debug\Bootloader_RPiSoC.a(CyLib.o)
 .debug_abbrev  0x00000912      0x170 .\ARM_GCC_473\Debug\Bootloader_RPiSoC.a(cyPm.o)
 .debug_abbrev  0x00000a82      0x15f .\ARM_GCC_473\Debug\Bootloader_RPiSoC.a(CySpc.o)
 .debug_abbrev  0x00000be1       0x92 .\ARM_GCC_473\Debug\Bootloader_RPiSoC.a(BL_wait.o)
 .debug_abbrev  0x00000c73       0x9b .\ARM_GCC_473\Debug\Bootloader_RPiSoC.a(USBFS_boot.o)
 .debug_abbrev  0x00000d0e      0x1b4 .\ARM_GCC_473\Debug\Bootloader_RPiSoC.a(USBFS.o)
 .debug_abbrev  0x00000ec2      0x16e .\ARM_GCC_473\Debug\Bootloader_RPiSoC.a(USBFS_drv.o)
 .debug_abbrev  0x00001030       0xc7 .\ARM_GCC_473\Debug\Bootloader_RPiSoC.a(USBFS_episr.o)
 .debug_abbrev  0x000010f7      0x153 .\ARM_GCC_473\Debug\Bootloader_RPiSoC.a(USBFS_hid.o)
 .debug_abbrev  0x0000124a      0x1a1 .\ARM_GCC_473\Debug\Bootloader_RPiSoC.a(USBFS_std.o)
 .debug_abbrev  0x000013eb       0x69 .\ARM_GCC_473\Debug\Bootloader_RPiSoC.a(USBFS_vnd.o)
 .debug_abbrev  0x00001454       0xba .\ARM_GCC_473\Debug\Bootloader_RPiSoC.a(USBFS_cls.o)
 .debug_abbrev  0x0000150e       0xae .\ARM_GCC_473\Debug\Bootloader_RPiSoC.a(USBFS_descr.o)

.debug_line     0x00000000     0x2583
 *(.debug_line)
 .debug_line    0x00000000      0x121 .\ARM_GCC_473\Debug\main.o
 .debug_line    0x00000121       0x53 .\ARM_GCC_473\Debug\cymetadata.o
 .debug_line    0x00000174      0x1b1 .\ARM_GCC_473\Debug\Cm3Start.o
 .debug_line    0x00000325      0x1f4 .\ARM_GCC_473\Debug\Bootloader_RPiSoC.a(cyfitter_cfg.o)
 .debug_line    0x00000519      0x448 .\ARM_GCC_473\Debug\Bootloader_RPiSoC.a(Bootloader_1.o)
 .debug_line    0x00000961       0x68 .\ARM_GCC_473\Debug\Bootloader_RPiSoC.a(CyBootAsmGnu.o)
 .debug_line    0x000009c9      0x1a9 .\ARM_GCC_473\Debug\Bootloader_RPiSoC.a(CyFlash.o)
 .debug_line    0x00000b72      0x73b .\ARM_GCC_473\Debug\Bootloader_RPiSoC.a(CyLib.o)
 .debug_line    0x000012ad      0x370 .\ARM_GCC_473\Debug\Bootloader_RPiSoC.a(cyPm.o)
 .debug_line    0x0000161d      0x1a7 .\ARM_GCC_473\Debug\Bootloader_RPiSoC.a(CySpc.o)
 .debug_line    0x000017c4       0x99 .\ARM_GCC_473\Debug\Bootloader_RPiSoC.a(BL_wait.o)
 .debug_line    0x0000185d       0xf2 .\ARM_GCC_473\Debug\Bootloader_RPiSoC.a(USBFS_boot.o)
 .debug_line    0x0000194f      0x2ba .\ARM_GCC_473\Debug\Bootloader_RPiSoC.a(USBFS.o)
 .debug_line    0x00001c09      0x21e .\ARM_GCC_473\Debug\Bootloader_RPiSoC.a(USBFS_drv.o)
 .debug_line    0x00001e27       0xc4 .\ARM_GCC_473\Debug\Bootloader_RPiSoC.a(USBFS_episr.o)
 .debug_line    0x00001eeb      0x17f .\ARM_GCC_473\Debug\Bootloader_RPiSoC.a(USBFS_hid.o)
 .debug_line    0x0000206a      0x3be .\ARM_GCC_473\Debug\Bootloader_RPiSoC.a(USBFS_std.o)
 .debug_line    0x00002428       0x6c .\ARM_GCC_473\Debug\Bootloader_RPiSoC.a(USBFS_vnd.o)
 .debug_line    0x00002494       0x90 .\ARM_GCC_473\Debug\Bootloader_RPiSoC.a(USBFS_cls.o)
 .debug_line    0x00002524       0x5f .\ARM_GCC_473\Debug\Bootloader_RPiSoC.a(USBFS_descr.o)

.debug_frame    0x00000000     0x188c
 *(.debug_frame)
 .debug_frame   0x00000000       0x2c .\ARM_GCC_473\Debug\main.o
 .debug_frame   0x0000002c       0xa4 .\ARM_GCC_473\Debug\Cm3Start.o
 .debug_frame   0x000000d0      0x120 .\ARM_GCC_473\Debug\Bootloader_RPiSoC.a(cyfitter_cfg.o)
 .debug_frame   0x000001f0      0x170 .\ARM_GCC_473\Debug\Bootloader_RPiSoC.a(Bootloader_1.o)
 .debug_frame   0x00000360      0x178 .\ARM_GCC_473\Debug\Bootloader_RPiSoC.a(CyFlash.o)
 .debug_frame   0x000004d8      0x778 .\ARM_GCC_473\Debug\Bootloader_RPiSoC.a(CyLib.o)
 .debug_frame   0x00000c50      0x1d0 .\ARM_GCC_473\Debug\Bootloader_RPiSoC.a(cyPm.o)
 .debug_frame   0x00000e20      0x13c .\ARM_GCC_473\Debug\Bootloader_RPiSoC.a(CySpc.o)
 .debug_frame   0x00000f5c       0x80 .\ARM_GCC_473\Debug\Bootloader_RPiSoC.a(BL_wait.o)
 .debug_frame   0x00000fdc       0xa4 .\ARM_GCC_473\Debug\Bootloader_RPiSoC.a(USBFS_boot.o)
 .debug_frame   0x00001080      0x238 .\ARM_GCC_473\Debug\Bootloader_RPiSoC.a(USBFS.o)
 .debug_frame   0x000012b8      0x1e0 .\ARM_GCC_473\Debug\Bootloader_RPiSoC.a(USBFS_drv.o)
 .debug_frame   0x00001498       0x80 .\ARM_GCC_473\Debug\Bootloader_RPiSoC.a(USBFS_episr.o)
 .debug_frame   0x00001518       0xc8 .\ARM_GCC_473\Debug\Bootloader_RPiSoC.a(USBFS_hid.o)
 .debug_frame   0x000015e0      0x160 .\ARM_GCC_473\Debug\Bootloader_RPiSoC.a(USBFS_std.o)
 .debug_frame   0x00001740       0x2c .\ARM_GCC_473\Debug\Bootloader_RPiSoC.a(USBFS_vnd.o)
 .debug_frame   0x0000176c       0x30 .\ARM_GCC_473\Debug\Bootloader_RPiSoC.a(USBFS_cls.o)
 .debug_frame   0x0000179c       0x28 c:/program files (x86)/cypress/psoc creator/3.0/psoc creator/import/gnu_cs/arm/4.7.3/bin/../lib/gcc/arm-none-eabi/4.7.3/../../../../arm-none-eabi/lib/armv7-m\libc_s.a(lib_a-__atexit2.o)
 .debug_frame   0x000017c4       0x28 c:/program files (x86)/cypress/psoc creator/3.0/psoc creator/import/gnu_cs/arm/4.7.3/bin/../lib/gcc/arm-none-eabi/4.7.3/../../../../arm-none-eabi/lib/armv7-m\libc_s.a(lib_a-exit.o)
 .debug_frame   0x000017ec       0x2c c:/program files (x86)/cypress/psoc creator/3.0/psoc creator/import/gnu_cs/arm/4.7.3/bin/../lib/gcc/arm-none-eabi/4.7.3/../../../../arm-none-eabi/lib/armv7-m\libc_s.a(lib_a-fini.o)
 .debug_frame   0x00001818       0x2c c:/program files (x86)/cypress/psoc creator/3.0/psoc creator/import/gnu_cs/arm/4.7.3/bin/../lib/gcc/arm-none-eabi/4.7.3/../../../../arm-none-eabi/lib/armv7-m\libc_s.a(lib_a-init.o)
 .debug_frame   0x00001844       0x28 c:/program files (x86)/cypress/psoc creator/3.0/psoc creator/import/gnu_cs/arm/4.7.3/bin/../lib/gcc/arm-none-eabi/4.7.3/../../../../arm-none-eabi/lib/armv7-m\libc_s.a(lib_a-memcpy.o)
 .debug_frame   0x0000186c       0x20 c:/program files (x86)/cypress/psoc creator/3.0/psoc creator/import/gnu_cs/arm/4.7.3/bin/../lib/gcc/arm-none-eabi/4.7.3/../../../../arm-none-eabi/lib/armv7-m\libc_s.a(lib_a-memset.o)

.debug_str      0x00000000     0x21bc
 *(.debug_str)
 .debug_str     0x00000000      0x13f .\ARM_GCC_473\Debug\main.o
                                0x178 (size before relaxing)
 .debug_str     0x0000013f       0x86 .\ARM_GCC_473\Debug\cymetadata.o
                                0x1d6 (size before relaxing)
 .debug_str     0x000001c5      0x114 .\ARM_GCC_473\Debug\Cm3Start.o
                                0x283 (size before relaxing)
 .debug_str     0x000002d9      0x19f .\ARM_GCC_473\Debug\Bootloader_RPiSoC.a(cyfitter_cfg.o)
                                0x32b (size before relaxing)
 .debug_str     0x00000478      0x38d .\ARM_GCC_473\Debug\Bootloader_RPiSoC.a(Bootloader_1.o)
                                0x522 (size before relaxing)
 .debug_str     0x00000805      0x12d .\ARM_GCC_473\Debug\Bootloader_RPiSoC.a(CyFlash.o)
                                0x2be (size before relaxing)
 .debug_str     0x00000932      0x625 .\ARM_GCC_473\Debug\Bootloader_RPiSoC.a(CyLib.o)
                                0x7e9 (size before relaxing)
 .debug_str     0x00000f57      0x367 .\ARM_GCC_473\Debug\Bootloader_RPiSoC.a(cyPm.o)
                                0x4f8 (size before relaxing)
 .debug_str     0x000012be       0xfe .\ARM_GCC_473\Debug\Bootloader_RPiSoC.a(CySpc.o)
                                0x29a (size before relaxing)
 .debug_str     0x000013bc       0x72 .\ARM_GCC_473\Debug\Bootloader_RPiSoC.a(BL_wait.o)
                                0x1c9 (size before relaxing)
 .debug_str     0x0000142e       0xbd .\ARM_GCC_473\Debug\Bootloader_RPiSoC.a(USBFS_boot.o)
                                0x230 (size before relaxing)
 .debug_str     0x000014eb      0x301 .\ARM_GCC_473\Debug\Bootloader_RPiSoC.a(USBFS.o)
                                0x493 (size before relaxing)
 .debug_str     0x000017ec      0x2b1 .\ARM_GCC_473\Debug\Bootloader_RPiSoC.a(USBFS_drv.o)
                                0x562 (size before relaxing)
 .debug_str     0x00001a9d       0x67 .\ARM_GCC_473\Debug\Bootloader_RPiSoC.a(USBFS_episr.o)
                                0x232 (size before relaxing)
 .debug_str     0x00001b04      0x10e .\ARM_GCC_473\Debug\Bootloader_RPiSoC.a(USBFS_hid.o)
                                0x32c (size before relaxing)
 .debug_str     0x00001c12      0x242 .\ARM_GCC_473\Debug\Bootloader_RPiSoC.a(USBFS_std.o)
                                0x57e (size before relaxing)
 .debug_str     0x00001e54       0x3c .\ARM_GCC_473\Debug\Bootloader_RPiSoC.a(USBFS_vnd.o)
                                0x1a0 (size before relaxing)
 .debug_str     0x00001e90       0x3d .\ARM_GCC_473\Debug\Bootloader_RPiSoC.a(USBFS_cls.o)
                                0x23c (size before relaxing)
 .debug_str     0x00001ecd      0x2ef .\ARM_GCC_473\Debug\Bootloader_RPiSoC.a(USBFS_descr.o)
                                0x549 (size before relaxing)

.debug_loc      0x00000000     0x2776
 *(.debug_loc)
 .debug_loc     0x00000000       0x2c .\ARM_GCC_473\Debug\main.o
 .debug_loc     0x0000002c      0x100 .\ARM_GCC_473\Debug\Cm3Start.o
 .debug_loc     0x0000012c      0x1f8 .\ARM_GCC_473\Debug\Bootloader_RPiSoC.a(cyfitter_cfg.o)
 .debug_loc     0x00000324      0x256 .\ARM_GCC_473\Debug\Bootloader_RPiSoC.a(Bootloader_1.o)
 .debug_loc     0x0000057a      0x258 .\ARM_GCC_473\Debug\Bootloader_RPiSoC.a(CyFlash.o)
 .debug_loc     0x000007d2      0xce0 .\ARM_GCC_473\Debug\Bootloader_RPiSoC.a(CyLib.o)
 .debug_loc     0x000014b2      0x2e8 .\ARM_GCC_473\Debug\Bootloader_RPiSoC.a(cyPm.o)
 .debug_loc     0x0000179a      0x230 .\ARM_GCC_473\Debug\Bootloader_RPiSoC.a(CySpc.o)
 .debug_loc     0x000019ca       0xc8 .\ARM_GCC_473\Debug\Bootloader_RPiSoC.a(BL_wait.o)
 .debug_loc     0x00001a92       0xf4 .\ARM_GCC_473\Debug\Bootloader_RPiSoC.a(USBFS_boot.o)
 .debug_loc     0x00001b86      0x410 .\ARM_GCC_473\Debug\Bootloader_RPiSoC.a(USBFS.o)
 .debug_loc     0x00001f96      0x314 .\ARM_GCC_473\Debug\Bootloader_RPiSoC.a(USBFS_drv.o)
 .debug_loc     0x000022aa       0xb0 .\ARM_GCC_473\Debug\Bootloader_RPiSoC.a(USBFS_episr.o)
 .debug_loc     0x0000235a      0x150 .\ARM_GCC_473\Debug\Bootloader_RPiSoC.a(USBFS_hid.o)
 .debug_loc     0x000024aa      0x25c .\ARM_GCC_473\Debug\Bootloader_RPiSoC.a(USBFS_std.o)
 .debug_loc     0x00002706       0x38 .\ARM_GCC_473\Debug\Bootloader_RPiSoC.a(USBFS_vnd.o)
 .debug_loc     0x0000273e       0x38 .\ARM_GCC_473\Debug\Bootloader_RPiSoC.a(USBFS_cls.o)

.debug_macinfo
 *(.debug_macinfo)

.debug_ranges   0x00000000      0x6a0
 *(.debug_ranges)
 .debug_ranges  0x00000000       0x10 .\ARM_GCC_473\Debug\main.o
 .debug_ranges  0x00000010       0x30 .\ARM_GCC_473\Debug\Cm3Start.o
 .debug_ranges  0x00000040       0x50 .\ARM_GCC_473\Debug\Bootloader_RPiSoC.a(cyfitter_cfg.o)
 .debug_ranges  0x00000090       0x68 .\ARM_GCC_473\Debug\Bootloader_RPiSoC.a(Bootloader_1.o)
 .debug_ranges  0x000000f8       0x68 .\ARM_GCC_473\Debug\Bootloader_RPiSoC.a(CyFlash.o)
 .debug_ranges  0x00000160      0x208 .\ARM_GCC_473\Debug\Bootloader_RPiSoC.a(CyLib.o)
 .debug_ranges  0x00000368       0x80 .\ARM_GCC_473\Debug\Bootloader_RPiSoC.a(cyPm.o)
 .debug_ranges  0x000003e8       0x58 .\ARM_GCC_473\Debug\Bootloader_RPiSoC.a(CySpc.o)
 .debug_ranges  0x00000440       0x28 .\ARM_GCC_473\Debug\Bootloader_RPiSoC.a(BL_wait.o)
 .debug_ranges  0x00000468       0x30 .\ARM_GCC_473\Debug\Bootloader_RPiSoC.a(USBFS_boot.o)
 .debug_ranges  0x00000498       0xa0 .\ARM_GCC_473\Debug\Bootloader_RPiSoC.a(USBFS.o)
 .debug_ranges  0x00000538       0x88 .\ARM_GCC_473\Debug\Bootloader_RPiSoC.a(USBFS_drv.o)
 .debug_ranges  0x000005c0       0x28 .\ARM_GCC_473\Debug\Bootloader_RPiSoC.a(USBFS_episr.o)
 .debug_ranges  0x000005e8       0x38 .\ARM_GCC_473\Debug\Bootloader_RPiSoC.a(USBFS_hid.o)
 .debug_ranges  0x00000620       0x60 .\ARM_GCC_473\Debug\Bootloader_RPiSoC.a(USBFS_std.o)
 .debug_ranges  0x00000680       0x10 .\ARM_GCC_473\Debug\Bootloader_RPiSoC.a(USBFS_vnd.o)
 .debug_ranges  0x00000690       0x10 .\ARM_GCC_473\Debug\Bootloader_RPiSoC.a(USBFS_cls.o)

.comment        0x00000000       0x70
 .comment       0x00000000       0x70 .\ARM_GCC_473\Debug\main.o
                                 0x71 (size before relaxing)
 .comment       0x00000000       0x71 .\ARM_GCC_473\Debug\cymetadata.o
 .comment       0x00000000       0x71 .\ARM_GCC_473\Debug\Cm3Start.o
 .comment       0x00000000       0x71 .\ARM_GCC_473\Debug\Bootloader_RPiSoC.a(cyfitter_cfg.o)
 .comment       0x00000000       0x71 .\ARM_GCC_473\Debug\Bootloader_RPiSoC.a(Bootloader_1.o)
 .comment       0x00000000       0x71 .\ARM_GCC_473\Debug\Bootloader_RPiSoC.a(CyFlash.o)
 .comment       0x00000000       0x71 .\ARM_GCC_473\Debug\Bootloader_RPiSoC.a(CyLib.o)
 .comment       0x00000000       0x71 .\ARM_GCC_473\Debug\Bootloader_RPiSoC.a(cyPm.o)
 .comment       0x00000000       0x71 .\ARM_GCC_473\Debug\Bootloader_RPiSoC.a(CySpc.o)
 .comment       0x00000000       0x71 .\ARM_GCC_473\Debug\Bootloader_RPiSoC.a(BL_wait.o)
 .comment       0x00000000       0x71 .\ARM_GCC_473\Debug\Bootloader_RPiSoC.a(USBFS_boot.o)
 .comment       0x00000000       0x71 .\ARM_GCC_473\Debug\Bootloader_RPiSoC.a(USBFS.o)
 .comment       0x00000000       0x71 .\ARM_GCC_473\Debug\Bootloader_RPiSoC.a(USBFS_drv.o)
 .comment       0x00000000       0x71 .\ARM_GCC_473\Debug\Bootloader_RPiSoC.a(USBFS_episr.o)
 .comment       0x00000000       0x71 .\ARM_GCC_473\Debug\Bootloader_RPiSoC.a(USBFS_hid.o)
 .comment       0x00000000       0x71 .\ARM_GCC_473\Debug\Bootloader_RPiSoC.a(USBFS_std.o)
 .comment       0x00000000       0x71 .\ARM_GCC_473\Debug\Bootloader_RPiSoC.a(USBFS_vnd.o)
 .comment       0x00000000       0x71 .\ARM_GCC_473\Debug\Bootloader_RPiSoC.a(USBFS_cls.o)
 .comment       0x00000000       0x71 .\ARM_GCC_473\Debug\Bootloader_RPiSoC.a(USBFS_descr.o)

.debug_weaknames
 *(.debug_weaknames)

.debug_funcnames
 *(.debug_funcnames)

.debug_typenames
 *(.debug_typenames)

.debug_varnames
 *(.debug_varnames)

.note.gnu.arm.ident
 *(.note.gnu.arm.ident)

.ARM.attributes
                0x00000000       0x29
 *(.ARM.attributes)
 .ARM.attributes
                0x00000000       0x1d c:/program files (x86)/cypress/psoc creator/3.0/psoc creator/import/gnu_cs/arm/4.7.3/bin/../lib/gcc/arm-none-eabi/4.7.3/armv7-m/crti.o
 .ARM.attributes
                0x0000001d       0x2d c:/program files (x86)/cypress/psoc creator/3.0/psoc creator/import/gnu_cs/arm/4.7.3/bin/../lib/gcc/arm-none-eabi/4.7.3/armv7-m/crtbegin.o
 .ARM.attributes
                0x0000004a       0x1b c:/program files (x86)/cypress/psoc creator/3.0/psoc creator/import/gnu_cs/arm/4.7.3/bin/../lib/gcc/arm-none-eabi/4.7.3/../../../../arm-none-eabi/lib/armv7-m/crt0.o
 .ARM.attributes
                0x00000065       0x33 .\ARM_GCC_473\Debug\main.o
 .ARM.attributes
                0x00000098       0x33 .\ARM_GCC_473\Debug\cymetadata.o
 .ARM.attributes
                0x000000cb       0x33 .\ARM_GCC_473\Debug\Cm3Start.o
 .ARM.attributes
                0x000000fe       0x33 .\ARM_GCC_473\Debug\Bootloader_RPiSoC.a(cyfitter_cfg.o)
 .ARM.attributes
                0x00000131       0x33 .\ARM_GCC_473\Debug\Bootloader_RPiSoC.a(Bootloader_1.o)
 .ARM.attributes
                0x00000164       0x21 .\ARM_GCC_473\Debug\Bootloader_RPiSoC.a(CyBootAsmGnu.o)
 .ARM.attributes
                0x00000185       0x33 .\ARM_GCC_473\Debug\Bootloader_RPiSoC.a(CyFlash.o)
 .ARM.attributes
                0x000001b8       0x33 .\ARM_GCC_473\Debug\Bootloader_RPiSoC.a(CyLib.o)
 .ARM.attributes
                0x000001eb       0x33 .\ARM_GCC_473\Debug\Bootloader_RPiSoC.a(cyPm.o)
 .ARM.attributes
                0x0000021e       0x33 .\ARM_GCC_473\Debug\Bootloader_RPiSoC.a(CySpc.o)
 .ARM.attributes
                0x00000251       0x33 .\ARM_GCC_473\Debug\Bootloader_RPiSoC.a(BL_wait.o)
 .ARM.attributes
                0x00000284       0x33 .\ARM_GCC_473\Debug\Bootloader_RPiSoC.a(USBFS_boot.o)
 .ARM.attributes
                0x000002b7       0x33 .\ARM_GCC_473\Debug\Bootloader_RPiSoC.a(USBFS.o)
 .ARM.attributes
                0x000002ea       0x33 .\ARM_GCC_473\Debug\Bootloader_RPiSoC.a(USBFS_drv.o)
 .ARM.attributes
                0x0000031d       0x33 .\ARM_GCC_473\Debug\Bootloader_RPiSoC.a(USBFS_episr.o)
 .ARM.attributes
                0x00000350       0x33 .\ARM_GCC_473\Debug\Bootloader_RPiSoC.a(USBFS_hid.o)
 .ARM.attributes
                0x00000383       0x33 .\ARM_GCC_473\Debug\Bootloader_RPiSoC.a(USBFS_std.o)
 .ARM.attributes
                0x000003b6       0x33 .\ARM_GCC_473\Debug\Bootloader_RPiSoC.a(USBFS_vnd.o)
 .ARM.attributes
                0x000003e9       0x33 .\ARM_GCC_473\Debug\Bootloader_RPiSoC.a(USBFS_cls.o)
 .ARM.attributes
                0x0000041c       0x33 .\ARM_GCC_473\Debug\Bootloader_RPiSoC.a(USBFS_descr.o)
 .ARM.attributes
                0x0000044f       0x2d c:/program files (x86)/cypress/psoc creator/3.0/psoc creator/import/gnu_cs/arm/4.7.3/bin/../lib/gcc/arm-none-eabi/4.7.3/../../../../arm-none-eabi/lib/armv7-m\libc_s.a(lib_a-__atexit2.o)
 .ARM.attributes
                0x0000047c       0x2d c:/program files (x86)/cypress/psoc creator/3.0/psoc creator/import/gnu_cs/arm/4.7.3/bin/../lib/gcc/arm-none-eabi/4.7.3/../../../../arm-none-eabi/lib/armv7-m\libc_s.a(lib_a-exit.o)
 .ARM.attributes
                0x000004a9       0x2d c:/program files (x86)/cypress/psoc creator/3.0/psoc creator/import/gnu_cs/arm/4.7.3/bin/../lib/gcc/arm-none-eabi/4.7.3/../../../../arm-none-eabi/lib/armv7-m\libc_s.a(lib_a-fini.o)
 .ARM.attributes
                0x000004d6       0x2d c:/program files (x86)/cypress/psoc creator/3.0/psoc creator/import/gnu_cs/arm/4.7.3/bin/../lib/gcc/arm-none-eabi/4.7.3/../../../../arm-none-eabi/lib/armv7-m\libc_s.a(lib_a-impure.o)
 .ARM.attributes
                0x00000503       0x2d c:/program files (x86)/cypress/psoc creator/3.0/psoc creator/import/gnu_cs/arm/4.7.3/bin/../lib/gcc/arm-none-eabi/4.7.3/../../../../arm-none-eabi/lib/armv7-m\libc_s.a(lib_a-init.o)
 .ARM.attributes
                0x00000530       0x2d c:/program files (x86)/cypress/psoc creator/3.0/psoc creator/import/gnu_cs/arm/4.7.3/bin/../lib/gcc/arm-none-eabi/4.7.3/../../../../arm-none-eabi/lib/armv7-m\libc_s.a(lib_a-memcpy.o)
 .ARM.attributes
                0x0000055d       0x2d c:/program files (x86)/cypress/psoc creator/3.0/psoc creator/import/gnu_cs/arm/4.7.3/bin/../lib/gcc/arm-none-eabi/4.7.3/../../../../arm-none-eabi/lib/armv7-m\libc_s.a(lib_a-memset.o)
 .ARM.attributes
                0x0000058a       0x2d c:/program files (x86)/cypress/psoc creator/3.0/psoc creator/import/gnu_cs/arm/4.7.3/bin/../lib/gcc/arm-none-eabi/4.7.3/armv7-m/crtend.o
 .ARM.attributes
                0x000005b7       0x1d c:/program files (x86)/cypress/psoc creator/3.0/psoc creator/import/gnu_cs/arm/4.7.3/bin/../lib/gcc/arm-none-eabi/4.7.3/armv7-m/crtn.o

/DISCARD/
 *(.note.GNU-stack)
OUTPUT(.\ARM_GCC_473\Debug\Bootloader_RPiSoC.elf elf32-littlearm)
