ARM GAS  C:\Users\Robert\AppData\Local\Temp\ccwQZ7yJ.s 			page 1


   1              		.syntax unified
   2              		.cpu cortex-m3
   3              		.fpu softvfp
   4              		.eabi_attribute 20, 1
   5              		.eabi_attribute 21, 1
   6              		.eabi_attribute 23, 3
   7              		.eabi_attribute 24, 1
   8              		.eabi_attribute 25, 1
   9              		.eabi_attribute 26, 1
  10              		.eabi_attribute 30, 6
  11              		.eabi_attribute 34, 1
  12              		.eabi_attribute 18, 4
  13              		.thumb
  14              		.file	"PWM_1_PM.c"
  15              		.text
  16              	.Ltext0:
  17              		.cfi_sections	.debug_frame
  18              		.bss
  19              		.align	2
  20              	PWM_1_backup:
  21 0000 00000000 		.space	5
  21      00
  22 0005 000000   		.section	.text.PWM_1_SaveConfig,"ax",%progbits
  23              		.align	2
  24              		.global	PWM_1_SaveConfig
  25              		.thumb
  26              		.thumb_func
  27              		.type	PWM_1_SaveConfig, %function
  28              	PWM_1_SaveConfig:
  29              	.LFB0:
  30              		.file 1 ".\\Generated_Source\\PSoC5\\PWM_1_PM.c"
   1:.\Generated_Source\PSoC5/PWM_1_PM.c **** /*******************************************************************************
   2:.\Generated_Source\PSoC5/PWM_1_PM.c **** * File Name: PWM_1_PM.c
   3:.\Generated_Source\PSoC5/PWM_1_PM.c **** * Version 3.0
   4:.\Generated_Source\PSoC5/PWM_1_PM.c **** *
   5:.\Generated_Source\PSoC5/PWM_1_PM.c **** * Description:
   6:.\Generated_Source\PSoC5/PWM_1_PM.c **** *  This file provides the power management source code to API for the
   7:.\Generated_Source\PSoC5/PWM_1_PM.c **** *  PWM.
   8:.\Generated_Source\PSoC5/PWM_1_PM.c **** *
   9:.\Generated_Source\PSoC5/PWM_1_PM.c **** * Note:
  10:.\Generated_Source\PSoC5/PWM_1_PM.c **** *
  11:.\Generated_Source\PSoC5/PWM_1_PM.c **** ********************************************************************************
  12:.\Generated_Source\PSoC5/PWM_1_PM.c **** * Copyright 2008-2012, Cypress Semiconductor Corporation.  All rights reserved.
  13:.\Generated_Source\PSoC5/PWM_1_PM.c **** * You may use this file only in accordance with the license, terms, conditions,
  14:.\Generated_Source\PSoC5/PWM_1_PM.c **** * disclaimers, and limitations in the end user license agreement accompanying
  15:.\Generated_Source\PSoC5/PWM_1_PM.c **** * the software package with which this file was provided.
  16:.\Generated_Source\PSoC5/PWM_1_PM.c **** *******************************************************************************/
  17:.\Generated_Source\PSoC5/PWM_1_PM.c **** #include "cytypes.h"
  18:.\Generated_Source\PSoC5/PWM_1_PM.c **** #include "PWM_1.h"
  19:.\Generated_Source\PSoC5/PWM_1_PM.c **** 
  20:.\Generated_Source\PSoC5/PWM_1_PM.c **** static PWM_1_backupStruct PWM_1_backup;
  21:.\Generated_Source\PSoC5/PWM_1_PM.c **** 
  22:.\Generated_Source\PSoC5/PWM_1_PM.c **** 
  23:.\Generated_Source\PSoC5/PWM_1_PM.c **** /*******************************************************************************
  24:.\Generated_Source\PSoC5/PWM_1_PM.c **** * Function Name: PWM_1_SaveConfig
  25:.\Generated_Source\PSoC5/PWM_1_PM.c **** ********************************************************************************
  26:.\Generated_Source\PSoC5/PWM_1_PM.c **** *
ARM GAS  C:\Users\Robert\AppData\Local\Temp\ccwQZ7yJ.s 			page 2


  27:.\Generated_Source\PSoC5/PWM_1_PM.c **** * Summary:
  28:.\Generated_Source\PSoC5/PWM_1_PM.c **** *  Saves the current user configuration of the component.
  29:.\Generated_Source\PSoC5/PWM_1_PM.c **** *  
  30:.\Generated_Source\PSoC5/PWM_1_PM.c **** * Parameters:  
  31:.\Generated_Source\PSoC5/PWM_1_PM.c **** *  None
  32:.\Generated_Source\PSoC5/PWM_1_PM.c **** *
  33:.\Generated_Source\PSoC5/PWM_1_PM.c **** * Return: 
  34:.\Generated_Source\PSoC5/PWM_1_PM.c **** *  None
  35:.\Generated_Source\PSoC5/PWM_1_PM.c **** *
  36:.\Generated_Source\PSoC5/PWM_1_PM.c **** * Global variables:
  37:.\Generated_Source\PSoC5/PWM_1_PM.c **** *  PWM_1_backup:  Variables of this global structure are modified to 
  38:.\Generated_Source\PSoC5/PWM_1_PM.c **** *  store the values of non retention configuration registers when Sleep() API is 
  39:.\Generated_Source\PSoC5/PWM_1_PM.c **** *  called.
  40:.\Generated_Source\PSoC5/PWM_1_PM.c **** *
  41:.\Generated_Source\PSoC5/PWM_1_PM.c **** *******************************************************************************/
  42:.\Generated_Source\PSoC5/PWM_1_PM.c **** void PWM_1_SaveConfig(void) 
  43:.\Generated_Source\PSoC5/PWM_1_PM.c **** {
  31              		.loc 1 43 0
  32              		.cfi_startproc
  33              		@ args = 0, pretend = 0, frame = 0
  34              		@ frame_needed = 1, uses_anonymous_args = 0
  35 0000 80B5     		push	{r7, lr}
  36              	.LCFI0:
  37              		.cfi_def_cfa_offset 8
  38              		.cfi_offset 7, -8
  39              		.cfi_offset 14, -4
  40 0002 00AF     		add	r7, sp, #0
  41              	.LCFI1:
  42              		.cfi_def_cfa_register 7
  44:.\Generated_Source\PSoC5/PWM_1_PM.c ****     
  45:.\Generated_Source\PSoC5/PWM_1_PM.c ****     #if(!PWM_1_UsingFixedFunction)
  46:.\Generated_Source\PSoC5/PWM_1_PM.c ****         #if(!PWM_1_PWMModeIsCenterAligned)
  47:.\Generated_Source\PSoC5/PWM_1_PM.c ****             PWM_1_backup.PWMPeriod = PWM_1_ReadPeriod();
  43              		.loc 1 47 0
  44 0004 FFF7FEFF 		bl	PWM_1_ReadPeriod
  45 0008 0346     		mov	r3, r0
  46 000a 1A46     		mov	r2, r3
  47 000c 40F20003 		movw	r3, #:lower16:PWM_1_backup
  48 0010 C0F20003 		movt	r3, #:upper16:PWM_1_backup
  49 0014 9A70     		strb	r2, [r3, #2]
  48:.\Generated_Source\PSoC5/PWM_1_PM.c ****         #endif /* (!PWM_1_PWMModeIsCenterAligned) */
  49:.\Generated_Source\PSoC5/PWM_1_PM.c ****         PWM_1_backup.PWMUdb = PWM_1_ReadCounter();
  50              		.loc 1 49 0
  51 0016 FFF7FEFF 		bl	PWM_1_ReadCounter
  52 001a 0346     		mov	r3, r0
  53 001c 1A46     		mov	r2, r3
  54 001e 40F20003 		movw	r3, #:lower16:PWM_1_backup
  55 0022 C0F20003 		movt	r3, #:upper16:PWM_1_backup
  56 0026 5A70     		strb	r2, [r3, #1]
  50:.\Generated_Source\PSoC5/PWM_1_PM.c ****         #if (PWM_1_UseStatus)
  51:.\Generated_Source\PSoC5/PWM_1_PM.c ****             PWM_1_backup.InterruptMaskValue = PWM_1_STATUS_MASK;
  57              		.loc 1 51 0
  58 0028 46F28553 		movw	r3, #25989
  59 002c C4F20003 		movt	r3, 16384
  60 0030 1B78     		ldrb	r3, [r3, #0]
  61 0032 DAB2     		uxtb	r2, r3
  62 0034 40F20003 		movw	r3, #:lower16:PWM_1_backup
ARM GAS  C:\Users\Robert\AppData\Local\Temp\ccwQZ7yJ.s 			page 3


  63 0038 C0F20003 		movt	r3, #:upper16:PWM_1_backup
  64 003c DA70     		strb	r2, [r3, #3]
  52:.\Generated_Source\PSoC5/PWM_1_PM.c ****         #endif /* (PWM_1_UseStatus) */
  53:.\Generated_Source\PSoC5/PWM_1_PM.c ****         
  54:.\Generated_Source\PSoC5/PWM_1_PM.c ****         #if(PWM_1_DeadBandMode == PWM_1__B_PWM__DBM_256_CLOCKS || \
  55:.\Generated_Source\PSoC5/PWM_1_PM.c ****             PWM_1_DeadBandMode == PWM_1__B_PWM__DBM_2_4_CLOCKS)
  56:.\Generated_Source\PSoC5/PWM_1_PM.c ****             PWM_1_backup.PWMdeadBandValue = PWM_1_ReadDeadTime();
  57:.\Generated_Source\PSoC5/PWM_1_PM.c ****         #endif /*  deadband count is either 2-4 clocks or 256 clocks */
  58:.\Generated_Source\PSoC5/PWM_1_PM.c ****         
  59:.\Generated_Source\PSoC5/PWM_1_PM.c ****         #if(PWM_1_KillModeMinTime)
  60:.\Generated_Source\PSoC5/PWM_1_PM.c ****              PWM_1_backup.PWMKillCounterPeriod = PWM_1_ReadKillTime();
  61:.\Generated_Source\PSoC5/PWM_1_PM.c ****         #endif /* (PWM_1_KillModeMinTime) */
  62:.\Generated_Source\PSoC5/PWM_1_PM.c ****         
  63:.\Generated_Source\PSoC5/PWM_1_PM.c ****         #if(PWM_1_UseControl)
  64:.\Generated_Source\PSoC5/PWM_1_PM.c ****             PWM_1_backup.PWMControlRegister = PWM_1_ReadControlRegister();
  65              		.loc 1 64 0
  66 003e FFF7FEFF 		bl	PWM_1_ReadControlRegister
  67 0042 0346     		mov	r3, r0
  68 0044 1A46     		mov	r2, r3
  69 0046 40F20003 		movw	r3, #:lower16:PWM_1_backup
  70 004a C0F20003 		movt	r3, #:upper16:PWM_1_backup
  71 004e 1A71     		strb	r2, [r3, #4]
  65:.\Generated_Source\PSoC5/PWM_1_PM.c ****         #endif /* (PWM_1_UseControl) */
  66:.\Generated_Source\PSoC5/PWM_1_PM.c ****     #endif  /* (!PWM_1_UsingFixedFunction) */
  67:.\Generated_Source\PSoC5/PWM_1_PM.c **** }
  72              		.loc 1 67 0
  73 0050 80BD     		pop	{r7, pc}
  74              		.cfi_endproc
  75              	.LFE0:
  76              		.size	PWM_1_SaveConfig, .-PWM_1_SaveConfig
  77 0052 00BF     		.section	.text.PWM_1_RestoreConfig,"ax",%progbits
  78              		.align	2
  79              		.global	PWM_1_RestoreConfig
  80              		.thumb
  81              		.thumb_func
  82              		.type	PWM_1_RestoreConfig, %function
  83              	PWM_1_RestoreConfig:
  84              	.LFB1:
  68:.\Generated_Source\PSoC5/PWM_1_PM.c **** 
  69:.\Generated_Source\PSoC5/PWM_1_PM.c **** 
  70:.\Generated_Source\PSoC5/PWM_1_PM.c **** /*******************************************************************************
  71:.\Generated_Source\PSoC5/PWM_1_PM.c **** * Function Name: PWM_1_RestoreConfig
  72:.\Generated_Source\PSoC5/PWM_1_PM.c **** ********************************************************************************
  73:.\Generated_Source\PSoC5/PWM_1_PM.c **** * 
  74:.\Generated_Source\PSoC5/PWM_1_PM.c **** * Summary:
  75:.\Generated_Source\PSoC5/PWM_1_PM.c **** *  Restores the current user configuration of the component.
  76:.\Generated_Source\PSoC5/PWM_1_PM.c **** *
  77:.\Generated_Source\PSoC5/PWM_1_PM.c **** * Parameters:  
  78:.\Generated_Source\PSoC5/PWM_1_PM.c **** *  None
  79:.\Generated_Source\PSoC5/PWM_1_PM.c **** *
  80:.\Generated_Source\PSoC5/PWM_1_PM.c **** * Return: 
  81:.\Generated_Source\PSoC5/PWM_1_PM.c **** *  None
  82:.\Generated_Source\PSoC5/PWM_1_PM.c **** *
  83:.\Generated_Source\PSoC5/PWM_1_PM.c **** * Global variables:
  84:.\Generated_Source\PSoC5/PWM_1_PM.c **** *  PWM_1_backup:  Variables of this global structure are used to  
  85:.\Generated_Source\PSoC5/PWM_1_PM.c **** *  restore the values of non retention registers on wakeup from sleep mode.
  86:.\Generated_Source\PSoC5/PWM_1_PM.c **** *
ARM GAS  C:\Users\Robert\AppData\Local\Temp\ccwQZ7yJ.s 			page 4


  87:.\Generated_Source\PSoC5/PWM_1_PM.c **** *******************************************************************************/
  88:.\Generated_Source\PSoC5/PWM_1_PM.c **** void PWM_1_RestoreConfig(void) 
  89:.\Generated_Source\PSoC5/PWM_1_PM.c **** {
  85              		.loc 1 89 0
  86              		.cfi_startproc
  87              		@ args = 0, pretend = 0, frame = 0
  88              		@ frame_needed = 1, uses_anonymous_args = 0
  89 0000 80B5     		push	{r7, lr}
  90              	.LCFI2:
  91              		.cfi_def_cfa_offset 8
  92              		.cfi_offset 7, -8
  93              		.cfi_offset 14, -4
  94 0002 00AF     		add	r7, sp, #0
  95              	.LCFI3:
  96              		.cfi_def_cfa_register 7
  90:.\Generated_Source\PSoC5/PWM_1_PM.c ****         #if(!PWM_1_UsingFixedFunction)
  91:.\Generated_Source\PSoC5/PWM_1_PM.c ****             #if(!PWM_1_PWMModeIsCenterAligned)
  92:.\Generated_Source\PSoC5/PWM_1_PM.c ****                 PWM_1_WritePeriod(PWM_1_backup.PWMPeriod);
  97              		.loc 1 92 0
  98 0004 40F20003 		movw	r3, #:lower16:PWM_1_backup
  99 0008 C0F20003 		movt	r3, #:upper16:PWM_1_backup
 100 000c 9B78     		ldrb	r3, [r3, #2]	@ zero_extendqisi2
 101 000e 1846     		mov	r0, r3
 102 0010 FFF7FEFF 		bl	PWM_1_WritePeriod
  93:.\Generated_Source\PSoC5/PWM_1_PM.c ****             #endif /* (!PWM_1_PWMModeIsCenterAligned) */
  94:.\Generated_Source\PSoC5/PWM_1_PM.c ****             PWM_1_WriteCounter(PWM_1_backup.PWMUdb);
 103              		.loc 1 94 0
 104 0014 40F20003 		movw	r3, #:lower16:PWM_1_backup
 105 0018 C0F20003 		movt	r3, #:upper16:PWM_1_backup
 106 001c 5B78     		ldrb	r3, [r3, #1]	@ zero_extendqisi2
 107 001e 1846     		mov	r0, r3
 108 0020 FFF7FEFF 		bl	PWM_1_WriteCounter
  95:.\Generated_Source\PSoC5/PWM_1_PM.c ****             #if (PWM_1_UseStatus)
  96:.\Generated_Source\PSoC5/PWM_1_PM.c ****                 PWM_1_STATUS_MASK = PWM_1_backup.InterruptMaskValue;
 109              		.loc 1 96 0
 110 0024 46F28553 		movw	r3, #25989
 111 0028 C4F20003 		movt	r3, 16384
 112 002c 40F20002 		movw	r2, #:lower16:PWM_1_backup
 113 0030 C0F20002 		movt	r2, #:upper16:PWM_1_backup
 114 0034 D278     		ldrb	r2, [r2, #3]	@ zero_extendqisi2
 115 0036 1A70     		strb	r2, [r3, #0]
  97:.\Generated_Source\PSoC5/PWM_1_PM.c ****             #endif /* (PWM_1_UseStatus) */
  98:.\Generated_Source\PSoC5/PWM_1_PM.c ****             
  99:.\Generated_Source\PSoC5/PWM_1_PM.c ****             #if(PWM_1_DeadBandMode == PWM_1__B_PWM__DBM_256_CLOCKS || \
 100:.\Generated_Source\PSoC5/PWM_1_PM.c ****                 PWM_1_DeadBandMode == PWM_1__B_PWM__DBM_2_4_CLOCKS)
 101:.\Generated_Source\PSoC5/PWM_1_PM.c ****                 PWM_1_WriteDeadTime(PWM_1_backup.PWMdeadBandValue);
 102:.\Generated_Source\PSoC5/PWM_1_PM.c ****             #endif /* deadband count is either 2-4 clocks or 256 clocks */
 103:.\Generated_Source\PSoC5/PWM_1_PM.c ****             
 104:.\Generated_Source\PSoC5/PWM_1_PM.c ****             #if(PWM_1_KillModeMinTime)
 105:.\Generated_Source\PSoC5/PWM_1_PM.c ****                 PWM_1_WriteKillTime(PWM_1_backup.PWMKillCounterPeriod);
 106:.\Generated_Source\PSoC5/PWM_1_PM.c ****             #endif /* (PWM_1_KillModeMinTime) */
 107:.\Generated_Source\PSoC5/PWM_1_PM.c ****             
 108:.\Generated_Source\PSoC5/PWM_1_PM.c ****             #if(PWM_1_UseControl)
 109:.\Generated_Source\PSoC5/PWM_1_PM.c ****                 PWM_1_WriteControlRegister(PWM_1_backup.PWMControlRegister); 
 116              		.loc 1 109 0
 117 0038 40F20003 		movw	r3, #:lower16:PWM_1_backup
 118 003c C0F20003 		movt	r3, #:upper16:PWM_1_backup
ARM GAS  C:\Users\Robert\AppData\Local\Temp\ccwQZ7yJ.s 			page 5


 119 0040 1B79     		ldrb	r3, [r3, #4]	@ zero_extendqisi2
 120 0042 1846     		mov	r0, r3
 121 0044 FFF7FEFF 		bl	PWM_1_WriteControlRegister
 110:.\Generated_Source\PSoC5/PWM_1_PM.c ****             #endif /* (PWM_1_UseControl) */
 111:.\Generated_Source\PSoC5/PWM_1_PM.c ****         #endif  /* (!PWM_1_UsingFixedFunction) */
 112:.\Generated_Source\PSoC5/PWM_1_PM.c ****     }
 122              		.loc 1 112 0
 123 0048 80BD     		pop	{r7, pc}
 124              		.cfi_endproc
 125              	.LFE1:
 126              		.size	PWM_1_RestoreConfig, .-PWM_1_RestoreConfig
 127 004a 00BF     		.section	.text.PWM_1_Sleep,"ax",%progbits
 128              		.align	2
 129              		.global	PWM_1_Sleep
 130              		.thumb
 131              		.thumb_func
 132              		.type	PWM_1_Sleep, %function
 133              	PWM_1_Sleep:
 134              	.LFB2:
 113:.\Generated_Source\PSoC5/PWM_1_PM.c **** 
 114:.\Generated_Source\PSoC5/PWM_1_PM.c **** 
 115:.\Generated_Source\PSoC5/PWM_1_PM.c **** /*******************************************************************************
 116:.\Generated_Source\PSoC5/PWM_1_PM.c **** * Function Name: PWM_1_Sleep
 117:.\Generated_Source\PSoC5/PWM_1_PM.c **** ********************************************************************************
 118:.\Generated_Source\PSoC5/PWM_1_PM.c **** * 
 119:.\Generated_Source\PSoC5/PWM_1_PM.c **** * Summary:
 120:.\Generated_Source\PSoC5/PWM_1_PM.c **** *  Disables block's operation and saves the user configuration. Should be called 
 121:.\Generated_Source\PSoC5/PWM_1_PM.c **** *  just prior to entering sleep.
 122:.\Generated_Source\PSoC5/PWM_1_PM.c **** *  
 123:.\Generated_Source\PSoC5/PWM_1_PM.c **** * Parameters:  
 124:.\Generated_Source\PSoC5/PWM_1_PM.c **** *  None
 125:.\Generated_Source\PSoC5/PWM_1_PM.c **** *
 126:.\Generated_Source\PSoC5/PWM_1_PM.c **** * Return: 
 127:.\Generated_Source\PSoC5/PWM_1_PM.c **** *  None
 128:.\Generated_Source\PSoC5/PWM_1_PM.c **** *
 129:.\Generated_Source\PSoC5/PWM_1_PM.c **** * Global variables:
 130:.\Generated_Source\PSoC5/PWM_1_PM.c **** *  PWM_1_backup.PWMEnableState:  Is modified depending on the enable 
 131:.\Generated_Source\PSoC5/PWM_1_PM.c **** *  state of the block before entering sleep mode.
 132:.\Generated_Source\PSoC5/PWM_1_PM.c **** *
 133:.\Generated_Source\PSoC5/PWM_1_PM.c **** *******************************************************************************/
 134:.\Generated_Source\PSoC5/PWM_1_PM.c **** void PWM_1_Sleep(void) 
 135:.\Generated_Source\PSoC5/PWM_1_PM.c **** {
 135              		.loc 1 135 0
 136              		.cfi_startproc
 137              		@ args = 0, pretend = 0, frame = 0
 138              		@ frame_needed = 1, uses_anonymous_args = 0
 139 0000 80B5     		push	{r7, lr}
 140              	.LCFI4:
 141              		.cfi_def_cfa_offset 8
 142              		.cfi_offset 7, -8
 143              		.cfi_offset 14, -4
 144 0002 00AF     		add	r7, sp, #0
 145              	.LCFI5:
 146              		.cfi_def_cfa_register 7
 136:.\Generated_Source\PSoC5/PWM_1_PM.c ****     #if(PWM_1_UseControl)
 137:.\Generated_Source\PSoC5/PWM_1_PM.c ****         if(PWM_1_CTRL_ENABLE == (PWM_1_CONTROL & PWM_1_CTRL_ENABLE))
 147              		.loc 1 137 0
ARM GAS  C:\Users\Robert\AppData\Local\Temp\ccwQZ7yJ.s 			page 6


 148 0004 46F27553 		movw	r3, #25973
 149 0008 C4F20003 		movt	r3, 16384
 150 000c 1B78     		ldrb	r3, [r3, #0]
 151 000e DBB2     		uxtb	r3, r3
 152 0010 DBB2     		uxtb	r3, r3
 153 0012 5BB2     		sxtb	r3, r3
 154 0014 002B     		cmp	r3, #0
 155 0016 07DA     		bge	.L4
 138:.\Generated_Source\PSoC5/PWM_1_PM.c ****         {
 139:.\Generated_Source\PSoC5/PWM_1_PM.c ****             /*Component is enabled */
 140:.\Generated_Source\PSoC5/PWM_1_PM.c ****             PWM_1_backup.PWMEnableState = 1u;
 156              		.loc 1 140 0
 157 0018 40F20003 		movw	r3, #:lower16:PWM_1_backup
 158 001c C0F20003 		movt	r3, #:upper16:PWM_1_backup
 159 0020 4FF00102 		mov	r2, #1
 160 0024 1A70     		strb	r2, [r3, #0]
 161 0026 06E0     		b	.L5
 162              	.L4:
 141:.\Generated_Source\PSoC5/PWM_1_PM.c ****         }
 142:.\Generated_Source\PSoC5/PWM_1_PM.c ****         else
 143:.\Generated_Source\PSoC5/PWM_1_PM.c ****         {
 144:.\Generated_Source\PSoC5/PWM_1_PM.c ****             /* Component is disabled */
 145:.\Generated_Source\PSoC5/PWM_1_PM.c ****             PWM_1_backup.PWMEnableState = 0u;
 163              		.loc 1 145 0
 164 0028 40F20003 		movw	r3, #:lower16:PWM_1_backup
 165 002c C0F20003 		movt	r3, #:upper16:PWM_1_backup
 166 0030 4FF00002 		mov	r2, #0
 167 0034 1A70     		strb	r2, [r3, #0]
 168              	.L5:
 146:.\Generated_Source\PSoC5/PWM_1_PM.c ****         }
 147:.\Generated_Source\PSoC5/PWM_1_PM.c ****     #endif /* (PWM_1_UseControl) */
 148:.\Generated_Source\PSoC5/PWM_1_PM.c **** 
 149:.\Generated_Source\PSoC5/PWM_1_PM.c ****     /* Stop component */
 150:.\Generated_Source\PSoC5/PWM_1_PM.c ****     PWM_1_Stop();
 169              		.loc 1 150 0
 170 0036 FFF7FEFF 		bl	PWM_1_Stop
 151:.\Generated_Source\PSoC5/PWM_1_PM.c ****     
 152:.\Generated_Source\PSoC5/PWM_1_PM.c ****     /* Save registers configuration */
 153:.\Generated_Source\PSoC5/PWM_1_PM.c ****     PWM_1_SaveConfig();
 171              		.loc 1 153 0
 172 003a FFF7FEFF 		bl	PWM_1_SaveConfig
 154:.\Generated_Source\PSoC5/PWM_1_PM.c **** }
 173              		.loc 1 154 0
 174 003e 80BD     		pop	{r7, pc}
 175              		.cfi_endproc
 176              	.LFE2:
 177              		.size	PWM_1_Sleep, .-PWM_1_Sleep
 178              		.section	.text.PWM_1_Wakeup,"ax",%progbits
 179              		.align	2
 180              		.global	PWM_1_Wakeup
 181              		.thumb
 182              		.thumb_func
 183              		.type	PWM_1_Wakeup, %function
 184              	PWM_1_Wakeup:
 185              	.LFB3:
 155:.\Generated_Source\PSoC5/PWM_1_PM.c **** 
 156:.\Generated_Source\PSoC5/PWM_1_PM.c **** 
ARM GAS  C:\Users\Robert\AppData\Local\Temp\ccwQZ7yJ.s 			page 7


 157:.\Generated_Source\PSoC5/PWM_1_PM.c **** /*******************************************************************************
 158:.\Generated_Source\PSoC5/PWM_1_PM.c **** * Function Name: PWM_1_Wakeup
 159:.\Generated_Source\PSoC5/PWM_1_PM.c **** ********************************************************************************
 160:.\Generated_Source\PSoC5/PWM_1_PM.c **** * 
 161:.\Generated_Source\PSoC5/PWM_1_PM.c **** * Summary:
 162:.\Generated_Source\PSoC5/PWM_1_PM.c **** *  Restores and enables the user configuration. Should be called just after 
 163:.\Generated_Source\PSoC5/PWM_1_PM.c **** *  awaking from sleep.
 164:.\Generated_Source\PSoC5/PWM_1_PM.c **** *  
 165:.\Generated_Source\PSoC5/PWM_1_PM.c **** * Parameters:  
 166:.\Generated_Source\PSoC5/PWM_1_PM.c **** *  None
 167:.\Generated_Source\PSoC5/PWM_1_PM.c **** *
 168:.\Generated_Source\PSoC5/PWM_1_PM.c **** * Return: 
 169:.\Generated_Source\PSoC5/PWM_1_PM.c **** *  None
 170:.\Generated_Source\PSoC5/PWM_1_PM.c **** *
 171:.\Generated_Source\PSoC5/PWM_1_PM.c **** * Global variables:
 172:.\Generated_Source\PSoC5/PWM_1_PM.c **** *  PWM_1_backup.pwmEnable:  Is used to restore the enable state of 
 173:.\Generated_Source\PSoC5/PWM_1_PM.c **** *  block on wakeup from sleep mode.
 174:.\Generated_Source\PSoC5/PWM_1_PM.c **** *
 175:.\Generated_Source\PSoC5/PWM_1_PM.c **** *******************************************************************************/
 176:.\Generated_Source\PSoC5/PWM_1_PM.c **** void PWM_1_Wakeup(void) 
 177:.\Generated_Source\PSoC5/PWM_1_PM.c **** {
 186              		.loc 1 177 0
 187              		.cfi_startproc
 188              		@ args = 0, pretend = 0, frame = 0
 189              		@ frame_needed = 1, uses_anonymous_args = 0
 190 0000 80B5     		push	{r7, lr}
 191              	.LCFI6:
 192              		.cfi_def_cfa_offset 8
 193              		.cfi_offset 7, -8
 194              		.cfi_offset 14, -4
 195 0002 00AF     		add	r7, sp, #0
 196              	.LCFI7:
 197              		.cfi_def_cfa_register 7
 178:.\Generated_Source\PSoC5/PWM_1_PM.c ****      /* Restore registers values */
 179:.\Generated_Source\PSoC5/PWM_1_PM.c ****     PWM_1_RestoreConfig();
 198              		.loc 1 179 0
 199 0004 FFF7FEFF 		bl	PWM_1_RestoreConfig
 180:.\Generated_Source\PSoC5/PWM_1_PM.c ****     
 181:.\Generated_Source\PSoC5/PWM_1_PM.c ****     if(PWM_1_backup.PWMEnableState != 0u)
 200              		.loc 1 181 0
 201 0008 40F20003 		movw	r3, #:lower16:PWM_1_backup
 202 000c C0F20003 		movt	r3, #:upper16:PWM_1_backup
 203 0010 1B78     		ldrb	r3, [r3, #0]	@ zero_extendqisi2
 204 0012 002B     		cmp	r3, #0
 205 0014 01D0     		beq	.L6
 182:.\Generated_Source\PSoC5/PWM_1_PM.c ****     {
 183:.\Generated_Source\PSoC5/PWM_1_PM.c ****         /* Enable component's operation */
 184:.\Generated_Source\PSoC5/PWM_1_PM.c ****         PWM_1_Enable();
 206              		.loc 1 184 0
 207 0016 FFF7FEFF 		bl	PWM_1_Enable
 208              	.L6:
 185:.\Generated_Source\PSoC5/PWM_1_PM.c ****     } /* Do nothing if component's block was disabled before */
 186:.\Generated_Source\PSoC5/PWM_1_PM.c ****     
 187:.\Generated_Source\PSoC5/PWM_1_PM.c **** }
 209              		.loc 1 187 0
 210 001a 80BD     		pop	{r7, pc}
 211              		.cfi_endproc
ARM GAS  C:\Users\Robert\AppData\Local\Temp\ccwQZ7yJ.s 			page 8


 212              	.LFE3:
 213              		.size	PWM_1_Wakeup, .-PWM_1_Wakeup
 214              		.text
 215              	.Letext0:
 216              		.file 2 ".\\Generated_Source\\PSoC5\\cytypes.h"
 217              		.file 3 ".\\Generated_Source\\PSoC5\\PWM_1.h"
 218              		.section	.debug_info,"",%progbits
 219              	.Ldebug_info0:
 220 0000 66010000 		.4byte	0x166
 221 0004 0200     		.2byte	0x2
 222 0006 00000000 		.4byte	.Ldebug_abbrev0
 223 000a 04       		.byte	0x4
 224 000b 01       		.uleb128 0x1
 225 000c 49000000 		.4byte	.LASF25
 226 0010 01       		.byte	0x1
 227 0011 CE000000 		.4byte	.LASF26
 228 0015 06010000 		.4byte	.LASF27
 229 0019 00000000 		.4byte	.Ldebug_ranges0+0
 230 001d 00000000 		.4byte	0
 231 0021 00000000 		.4byte	0
 232 0025 00000000 		.4byte	.Ldebug_line0
 233 0029 02       		.uleb128 0x2
 234 002a 01       		.byte	0x1
 235 002b 06       		.byte	0x6
 236 002c B7010000 		.4byte	.LASF0
 237 0030 02       		.uleb128 0x2
 238 0031 01       		.byte	0x1
 239 0032 08       		.byte	0x8
 240 0033 2A000000 		.4byte	.LASF1
 241 0037 02       		.uleb128 0x2
 242 0038 02       		.byte	0x2
 243 0039 05       		.byte	0x5
 244 003a E2010000 		.4byte	.LASF2
 245 003e 02       		.uleb128 0x2
 246 003f 02       		.byte	0x2
 247 0040 07       		.byte	0x7
 248 0041 A4010000 		.4byte	.LASF3
 249 0045 02       		.uleb128 0x2
 250 0046 04       		.byte	0x4
 251 0047 05       		.byte	0x5
 252 0048 94010000 		.4byte	.LASF4
 253 004c 02       		.uleb128 0x2
 254 004d 04       		.byte	0x4
 255 004e 07       		.byte	0x7
 256 004f 98000000 		.4byte	.LASF5
 257 0053 02       		.uleb128 0x2
 258 0054 08       		.byte	0x8
 259 0055 05       		.byte	0x5
 260 0056 00000000 		.4byte	.LASF6
 261 005a 02       		.uleb128 0x2
 262 005b 08       		.byte	0x8
 263 005c 07       		.byte	0x7
 264 005d AA000000 		.4byte	.LASF7
 265 0061 03       		.uleb128 0x3
 266 0062 04       		.byte	0x4
 267 0063 05       		.byte	0x5
 268 0064 696E7400 		.ascii	"int\000"
ARM GAS  C:\Users\Robert\AppData\Local\Temp\ccwQZ7yJ.s 			page 9


 269 0068 02       		.uleb128 0x2
 270 0069 04       		.byte	0x4
 271 006a 07       		.byte	0x7
 272 006b 0E000000 		.4byte	.LASF8
 273 006f 04       		.uleb128 0x4
 274 0070 92000000 		.4byte	.LASF12
 275 0074 02       		.byte	0x2
 276 0075 5B       		.byte	0x5b
 277 0076 30000000 		.4byte	0x30
 278 007a 02       		.uleb128 0x2
 279 007b 04       		.byte	0x4
 280 007c 04       		.byte	0x4
 281 007d D0010000 		.4byte	.LASF9
 282 0081 02       		.uleb128 0x2
 283 0082 08       		.byte	0x8
 284 0083 04       		.byte	0x4
 285 0084 8D010000 		.4byte	.LASF10
 286 0088 02       		.uleb128 0x2
 287 0089 01       		.byte	0x1
 288 008a 08       		.byte	0x8
 289 008b 62010000 		.4byte	.LASF11
 290 008f 04       		.uleb128 0x4
 291 0090 EC010000 		.4byte	.LASF13
 292 0094 02       		.byte	0x2
 293 0095 F0       		.byte	0xf0
 294 0096 9A000000 		.4byte	0x9a
 295 009a 05       		.uleb128 0x5
 296 009b 6F000000 		.4byte	0x6f
 297 009f 02       		.uleb128 0x2
 298 00a0 04       		.byte	0x4
 299 00a1 07       		.byte	0x7
 300 00a2 0E020000 		.4byte	.LASF14
 301 00a6 06       		.uleb128 0x6
 302 00a7 05       		.byte	0x5
 303 00a8 03       		.byte	0x3
 304 00a9 6A       		.byte	0x6a
 305 00aa F5000000 		.4byte	0xf5
 306 00ae 07       		.uleb128 0x7
 307 00af 1B000000 		.4byte	.LASF15
 308 00b3 03       		.byte	0x3
 309 00b4 6D       		.byte	0x6d
 310 00b5 6F000000 		.4byte	0x6f
 311 00b9 02       		.byte	0x2
 312 00ba 23       		.byte	0x23
 313 00bb 00       		.uleb128 0
 314 00bc 07       		.uleb128 0x7
 315 00bd 9D010000 		.4byte	.LASF16
 316 00c1 03       		.byte	0x3
 317 00c2 70       		.byte	0x70
 318 00c3 6F000000 		.4byte	0x6f
 319 00c7 02       		.byte	0x2
 320 00c8 23       		.byte	0x23
 321 00c9 01       		.uleb128 0x1
 322 00ca 07       		.uleb128 0x7
 323 00cb 04020000 		.4byte	.LASF17
 324 00cf 03       		.byte	0x3
 325 00d0 72       		.byte	0x72
ARM GAS  C:\Users\Robert\AppData\Local\Temp\ccwQZ7yJ.s 			page 10


 326 00d1 6F000000 		.4byte	0x6f
 327 00d5 02       		.byte	0x2
 328 00d6 23       		.byte	0x23
 329 00d7 02       		.uleb128 0x2
 330 00d8 07       		.uleb128 0x7
 331 00d9 F1010000 		.4byte	.LASF18
 332 00dd 03       		.byte	0x3
 333 00de 75       		.byte	0x75
 334 00df 6F000000 		.4byte	0x6f
 335 00e3 02       		.byte	0x2
 336 00e4 23       		.byte	0x23
 337 00e5 03       		.uleb128 0x3
 338 00e6 07       		.uleb128 0x7
 339 00e7 67010000 		.4byte	.LASF19
 340 00eb 03       		.byte	0x3
 341 00ec 85       		.byte	0x85
 342 00ed 6F000000 		.4byte	0x6f
 343 00f1 02       		.byte	0x2
 344 00f2 23       		.byte	0x23
 345 00f3 04       		.uleb128 0x4
 346 00f4 00       		.byte	0
 347 00f5 04       		.uleb128 0x4
 348 00f6 7A010000 		.4byte	.LASF20
 349 00fa 03       		.byte	0x3
 350 00fb 8A       		.byte	0x8a
 351 00fc A6000000 		.4byte	0xa6
 352 0100 08       		.uleb128 0x8
 353 0101 01       		.byte	0x1
 354 0102 38000000 		.4byte	.LASF21
 355 0106 01       		.byte	0x1
 356 0107 2A       		.byte	0x2a
 357 0108 01       		.byte	0x1
 358 0109 00000000 		.4byte	.LFB0
 359 010d 52000000 		.4byte	.LFE0
 360 0111 00000000 		.4byte	.LLST0
 361 0115 01       		.byte	0x1
 362 0116 08       		.uleb128 0x8
 363 0117 01       		.byte	0x1
 364 0118 F2000000 		.4byte	.LASF22
 365 011c 01       		.byte	0x1
 366 011d 58       		.byte	0x58
 367 011e 01       		.byte	0x1
 368 011f 00000000 		.4byte	.LFB1
 369 0123 4A000000 		.4byte	.LFE1
 370 0127 2C000000 		.4byte	.LLST1
 371 012b 01       		.byte	0x1
 372 012c 08       		.uleb128 0x8
 373 012d 01       		.byte	0x1
 374 012e D6010000 		.4byte	.LASF23
 375 0132 01       		.byte	0x1
 376 0133 86       		.byte	0x86
 377 0134 01       		.byte	0x1
 378 0135 00000000 		.4byte	.LFB2
 379 0139 40000000 		.4byte	.LFE2
 380 013d 58000000 		.4byte	.LLST2
 381 0141 01       		.byte	0x1
 382 0142 08       		.uleb128 0x8
ARM GAS  C:\Users\Robert\AppData\Local\Temp\ccwQZ7yJ.s 			page 11


 383 0143 01       		.byte	0x1
 384 0144 C3010000 		.4byte	.LASF24
 385 0148 01       		.byte	0x1
 386 0149 B0       		.byte	0xb0
 387 014a 01       		.byte	0x1
 388 014b 00000000 		.4byte	.LFB3
 389 014f 1C000000 		.4byte	.LFE3
 390 0153 84000000 		.4byte	.LLST3
 391 0157 01       		.byte	0x1
 392 0158 09       		.uleb128 0x9
 393 0159 C1000000 		.4byte	.LASF28
 394 015d 01       		.byte	0x1
 395 015e 14       		.byte	0x14
 396 015f F5000000 		.4byte	0xf5
 397 0163 05       		.byte	0x5
 398 0164 03       		.byte	0x3
 399 0165 00000000 		.4byte	PWM_1_backup
 400 0169 00       		.byte	0
 401              		.section	.debug_abbrev,"",%progbits
 402              	.Ldebug_abbrev0:
 403 0000 01       		.uleb128 0x1
 404 0001 11       		.uleb128 0x11
 405 0002 01       		.byte	0x1
 406 0003 25       		.uleb128 0x25
 407 0004 0E       		.uleb128 0xe
 408 0005 13       		.uleb128 0x13
 409 0006 0B       		.uleb128 0xb
 410 0007 03       		.uleb128 0x3
 411 0008 0E       		.uleb128 0xe
 412 0009 1B       		.uleb128 0x1b
 413 000a 0E       		.uleb128 0xe
 414 000b 55       		.uleb128 0x55
 415 000c 06       		.uleb128 0x6
 416 000d 11       		.uleb128 0x11
 417 000e 01       		.uleb128 0x1
 418 000f 52       		.uleb128 0x52
 419 0010 01       		.uleb128 0x1
 420 0011 10       		.uleb128 0x10
 421 0012 06       		.uleb128 0x6
 422 0013 00       		.byte	0
 423 0014 00       		.byte	0
 424 0015 02       		.uleb128 0x2
 425 0016 24       		.uleb128 0x24
 426 0017 00       		.byte	0
 427 0018 0B       		.uleb128 0xb
 428 0019 0B       		.uleb128 0xb
 429 001a 3E       		.uleb128 0x3e
 430 001b 0B       		.uleb128 0xb
 431 001c 03       		.uleb128 0x3
 432 001d 0E       		.uleb128 0xe
 433 001e 00       		.byte	0
 434 001f 00       		.byte	0
 435 0020 03       		.uleb128 0x3
 436 0021 24       		.uleb128 0x24
 437 0022 00       		.byte	0
 438 0023 0B       		.uleb128 0xb
 439 0024 0B       		.uleb128 0xb
ARM GAS  C:\Users\Robert\AppData\Local\Temp\ccwQZ7yJ.s 			page 12


 440 0025 3E       		.uleb128 0x3e
 441 0026 0B       		.uleb128 0xb
 442 0027 03       		.uleb128 0x3
 443 0028 08       		.uleb128 0x8
 444 0029 00       		.byte	0
 445 002a 00       		.byte	0
 446 002b 04       		.uleb128 0x4
 447 002c 16       		.uleb128 0x16
 448 002d 00       		.byte	0
 449 002e 03       		.uleb128 0x3
 450 002f 0E       		.uleb128 0xe
 451 0030 3A       		.uleb128 0x3a
 452 0031 0B       		.uleb128 0xb
 453 0032 3B       		.uleb128 0x3b
 454 0033 0B       		.uleb128 0xb
 455 0034 49       		.uleb128 0x49
 456 0035 13       		.uleb128 0x13
 457 0036 00       		.byte	0
 458 0037 00       		.byte	0
 459 0038 05       		.uleb128 0x5
 460 0039 35       		.uleb128 0x35
 461 003a 00       		.byte	0
 462 003b 49       		.uleb128 0x49
 463 003c 13       		.uleb128 0x13
 464 003d 00       		.byte	0
 465 003e 00       		.byte	0
 466 003f 06       		.uleb128 0x6
 467 0040 13       		.uleb128 0x13
 468 0041 01       		.byte	0x1
 469 0042 0B       		.uleb128 0xb
 470 0043 0B       		.uleb128 0xb
 471 0044 3A       		.uleb128 0x3a
 472 0045 0B       		.uleb128 0xb
 473 0046 3B       		.uleb128 0x3b
 474 0047 0B       		.uleb128 0xb
 475 0048 01       		.uleb128 0x1
 476 0049 13       		.uleb128 0x13
 477 004a 00       		.byte	0
 478 004b 00       		.byte	0
 479 004c 07       		.uleb128 0x7
 480 004d 0D       		.uleb128 0xd
 481 004e 00       		.byte	0
 482 004f 03       		.uleb128 0x3
 483 0050 0E       		.uleb128 0xe
 484 0051 3A       		.uleb128 0x3a
 485 0052 0B       		.uleb128 0xb
 486 0053 3B       		.uleb128 0x3b
 487 0054 0B       		.uleb128 0xb
 488 0055 49       		.uleb128 0x49
 489 0056 13       		.uleb128 0x13
 490 0057 38       		.uleb128 0x38
 491 0058 0A       		.uleb128 0xa
 492 0059 00       		.byte	0
 493 005a 00       		.byte	0
 494 005b 08       		.uleb128 0x8
 495 005c 2E       		.uleb128 0x2e
 496 005d 00       		.byte	0
ARM GAS  C:\Users\Robert\AppData\Local\Temp\ccwQZ7yJ.s 			page 13


 497 005e 3F       		.uleb128 0x3f
 498 005f 0C       		.uleb128 0xc
 499 0060 03       		.uleb128 0x3
 500 0061 0E       		.uleb128 0xe
 501 0062 3A       		.uleb128 0x3a
 502 0063 0B       		.uleb128 0xb
 503 0064 3B       		.uleb128 0x3b
 504 0065 0B       		.uleb128 0xb
 505 0066 27       		.uleb128 0x27
 506 0067 0C       		.uleb128 0xc
 507 0068 11       		.uleb128 0x11
 508 0069 01       		.uleb128 0x1
 509 006a 12       		.uleb128 0x12
 510 006b 01       		.uleb128 0x1
 511 006c 40       		.uleb128 0x40
 512 006d 06       		.uleb128 0x6
 513 006e 9642     		.uleb128 0x2116
 514 0070 0C       		.uleb128 0xc
 515 0071 00       		.byte	0
 516 0072 00       		.byte	0
 517 0073 09       		.uleb128 0x9
 518 0074 34       		.uleb128 0x34
 519 0075 00       		.byte	0
 520 0076 03       		.uleb128 0x3
 521 0077 0E       		.uleb128 0xe
 522 0078 3A       		.uleb128 0x3a
 523 0079 0B       		.uleb128 0xb
 524 007a 3B       		.uleb128 0x3b
 525 007b 0B       		.uleb128 0xb
 526 007c 49       		.uleb128 0x49
 527 007d 13       		.uleb128 0x13
 528 007e 02       		.uleb128 0x2
 529 007f 0A       		.uleb128 0xa
 530 0080 00       		.byte	0
 531 0081 00       		.byte	0
 532 0082 00       		.byte	0
 533              		.section	.debug_loc,"",%progbits
 534              	.Ldebug_loc0:
 535              	.LLST0:
 536 0000 00000000 		.4byte	.LFB0
 537 0004 02000000 		.4byte	.LCFI0
 538 0008 0200     		.2byte	0x2
 539 000a 7D       		.byte	0x7d
 540 000b 00       		.sleb128 0
 541 000c 02000000 		.4byte	.LCFI0
 542 0010 04000000 		.4byte	.LCFI1
 543 0014 0200     		.2byte	0x2
 544 0016 7D       		.byte	0x7d
 545 0017 08       		.sleb128 8
 546 0018 04000000 		.4byte	.LCFI1
 547 001c 52000000 		.4byte	.LFE0
 548 0020 0200     		.2byte	0x2
 549 0022 77       		.byte	0x77
 550 0023 08       		.sleb128 8
 551 0024 00000000 		.4byte	0
 552 0028 00000000 		.4byte	0
 553              	.LLST1:
ARM GAS  C:\Users\Robert\AppData\Local\Temp\ccwQZ7yJ.s 			page 14


 554 002c 00000000 		.4byte	.LFB1
 555 0030 02000000 		.4byte	.LCFI2
 556 0034 0200     		.2byte	0x2
 557 0036 7D       		.byte	0x7d
 558 0037 00       		.sleb128 0
 559 0038 02000000 		.4byte	.LCFI2
 560 003c 04000000 		.4byte	.LCFI3
 561 0040 0200     		.2byte	0x2
 562 0042 7D       		.byte	0x7d
 563 0043 08       		.sleb128 8
 564 0044 04000000 		.4byte	.LCFI3
 565 0048 4A000000 		.4byte	.LFE1
 566 004c 0200     		.2byte	0x2
 567 004e 77       		.byte	0x77
 568 004f 08       		.sleb128 8
 569 0050 00000000 		.4byte	0
 570 0054 00000000 		.4byte	0
 571              	.LLST2:
 572 0058 00000000 		.4byte	.LFB2
 573 005c 02000000 		.4byte	.LCFI4
 574 0060 0200     		.2byte	0x2
 575 0062 7D       		.byte	0x7d
 576 0063 00       		.sleb128 0
 577 0064 02000000 		.4byte	.LCFI4
 578 0068 04000000 		.4byte	.LCFI5
 579 006c 0200     		.2byte	0x2
 580 006e 7D       		.byte	0x7d
 581 006f 08       		.sleb128 8
 582 0070 04000000 		.4byte	.LCFI5
 583 0074 40000000 		.4byte	.LFE2
 584 0078 0200     		.2byte	0x2
 585 007a 77       		.byte	0x77
 586 007b 08       		.sleb128 8
 587 007c 00000000 		.4byte	0
 588 0080 00000000 		.4byte	0
 589              	.LLST3:
 590 0084 00000000 		.4byte	.LFB3
 591 0088 02000000 		.4byte	.LCFI6
 592 008c 0200     		.2byte	0x2
 593 008e 7D       		.byte	0x7d
 594 008f 00       		.sleb128 0
 595 0090 02000000 		.4byte	.LCFI6
 596 0094 04000000 		.4byte	.LCFI7
 597 0098 0200     		.2byte	0x2
 598 009a 7D       		.byte	0x7d
 599 009b 08       		.sleb128 8
 600 009c 04000000 		.4byte	.LCFI7
 601 00a0 1C000000 		.4byte	.LFE3
 602 00a4 0200     		.2byte	0x2
 603 00a6 77       		.byte	0x77
 604 00a7 08       		.sleb128 8
 605 00a8 00000000 		.4byte	0
 606 00ac 00000000 		.4byte	0
 607              		.section	.debug_aranges,"",%progbits
 608 0000 34000000 		.4byte	0x34
 609 0004 0200     		.2byte	0x2
 610 0006 00000000 		.4byte	.Ldebug_info0
ARM GAS  C:\Users\Robert\AppData\Local\Temp\ccwQZ7yJ.s 			page 15


 611 000a 04       		.byte	0x4
 612 000b 00       		.byte	0
 613 000c 0000     		.2byte	0
 614 000e 0000     		.2byte	0
 615 0010 00000000 		.4byte	.LFB0
 616 0014 52000000 		.4byte	.LFE0-.LFB0
 617 0018 00000000 		.4byte	.LFB1
 618 001c 4A000000 		.4byte	.LFE1-.LFB1
 619 0020 00000000 		.4byte	.LFB2
 620 0024 40000000 		.4byte	.LFE2-.LFB2
 621 0028 00000000 		.4byte	.LFB3
 622 002c 1C000000 		.4byte	.LFE3-.LFB3
 623 0030 00000000 		.4byte	0
 624 0034 00000000 		.4byte	0
 625              		.section	.debug_ranges,"",%progbits
 626              	.Ldebug_ranges0:
 627 0000 00000000 		.4byte	.LFB0
 628 0004 52000000 		.4byte	.LFE0
 629 0008 00000000 		.4byte	.LFB1
 630 000c 4A000000 		.4byte	.LFE1
 631 0010 00000000 		.4byte	.LFB2
 632 0014 40000000 		.4byte	.LFE2
 633 0018 00000000 		.4byte	.LFB3
 634 001c 1C000000 		.4byte	.LFE3
 635 0020 00000000 		.4byte	0
 636 0024 00000000 		.4byte	0
 637              		.section	.debug_line,"",%progbits
 638              	.Ldebug_line0:
 639 0000 AF000000 		.section	.debug_str,"MS",%progbits,1
 639      02005200 
 639      00000201 
 639      FB0E0D00 
 639      01010101 
 640              	.LASF6:
 641 0000 6C6F6E67 		.ascii	"long long int\000"
 641      206C6F6E 
 641      6720696E 
 641      7400
 642              	.LASF8:
 643 000e 756E7369 		.ascii	"unsigned int\000"
 643      676E6564 
 643      20696E74 
 643      00
 644              	.LASF15:
 645 001b 50574D45 		.ascii	"PWMEnableState\000"
 645      6E61626C 
 645      65537461 
 645      746500
 646              	.LASF1:
 647 002a 756E7369 		.ascii	"unsigned char\000"
 647      676E6564 
 647      20636861 
 647      7200
 648              	.LASF21:
 649 0038 50574D5F 		.ascii	"PWM_1_SaveConfig\000"
 649      315F5361 
 649      7665436F 
ARM GAS  C:\Users\Robert\AppData\Local\Temp\ccwQZ7yJ.s 			page 16


 649      6E666967 
 649      00
 650              	.LASF25:
 651 0049 474E5520 		.ascii	"GNU C 4.7.3 20130312 (release) [ARM/embedded-4_7-br"
 651      4320342E 
 651      372E3320 
 651      32303133 
 651      30333132 
 652 007c 616E6368 		.ascii	"anch revision 196615]\000"
 652      20726576 
 652      6973696F 
 652      6E203139 
 652      36363135 
 653              	.LASF12:
 654 0092 75696E74 		.ascii	"uint8\000"
 654      3800
 655              	.LASF5:
 656 0098 6C6F6E67 		.ascii	"long unsigned int\000"
 656      20756E73 
 656      69676E65 
 656      6420696E 
 656      7400
 657              	.LASF7:
 658 00aa 6C6F6E67 		.ascii	"long long unsigned int\000"
 658      206C6F6E 
 658      6720756E 
 658      7369676E 
 658      65642069 
 659              	.LASF28:
 660 00c1 50574D5F 		.ascii	"PWM_1_backup\000"
 660      315F6261 
 660      636B7570 
 660      00
 661              	.LASF26:
 662 00ce 2E5C4765 		.ascii	".\\Generated_Source\\PSoC5\\PWM_1_PM.c\000"
 662      6E657261 
 662      7465645F 
 662      536F7572 
 662      63655C50 
 663              	.LASF22:
 664 00f2 50574D5F 		.ascii	"PWM_1_RestoreConfig\000"
 664      315F5265 
 664      73746F72 
 664      65436F6E 
 664      66696700 
 665              	.LASF27:
 666 0106 433A5C55 		.ascii	"C:\\Users\\Robert\\Dropbox\\RPiSoC\\Projects\\Bootl"
 666      73657273 
 666      5C526F62 
 666      6572745C 
 666      44726F70 
 667 0133 6F616465 		.ascii	"oader_RPiSoC\\Bootloadable_RPiSoC_example.cydsn\000"
 667      725F5250 
 667      69536F43 
 667      5C426F6F 
 667      746C6F61 
 668              	.LASF11:
ARM GAS  C:\Users\Robert\AppData\Local\Temp\ccwQZ7yJ.s 			page 17


 669 0162 63686172 		.ascii	"char\000"
 669      00
 670              	.LASF19:
 671 0167 50574D43 		.ascii	"PWMControlRegister\000"
 671      6F6E7472 
 671      6F6C5265 
 671      67697374 
 671      657200
 672              	.LASF20:
 673 017a 50574D5F 		.ascii	"PWM_1_backupStruct\000"
 673      315F6261 
 673      636B7570 
 673      53747275 
 673      637400
 674              	.LASF10:
 675 018d 646F7562 		.ascii	"double\000"
 675      6C6500
 676              	.LASF4:
 677 0194 6C6F6E67 		.ascii	"long int\000"
 677      20696E74 
 677      00
 678              	.LASF16:
 679 019d 50574D55 		.ascii	"PWMUdb\000"
 679      646200
 680              	.LASF3:
 681 01a4 73686F72 		.ascii	"short unsigned int\000"
 681      7420756E 
 681      7369676E 
 681      65642069 
 681      6E7400
 682              	.LASF0:
 683 01b7 7369676E 		.ascii	"signed char\000"
 683      65642063 
 683      68617200 
 684              	.LASF24:
 685 01c3 50574D5F 		.ascii	"PWM_1_Wakeup\000"
 685      315F5761 
 685      6B657570 
 685      00
 686              	.LASF9:
 687 01d0 666C6F61 		.ascii	"float\000"
 687      7400
 688              	.LASF23:
 689 01d6 50574D5F 		.ascii	"PWM_1_Sleep\000"
 689      315F536C 
 689      65657000 
 690              	.LASF2:
 691 01e2 73686F72 		.ascii	"short int\000"
 691      7420696E 
 691      7400
 692              	.LASF13:
 693 01ec 72656738 		.ascii	"reg8\000"
 693      00
 694              	.LASF18:
 695 01f1 496E7465 		.ascii	"InterruptMaskValue\000"
 695      72727570 
 695      744D6173 
ARM GAS  C:\Users\Robert\AppData\Local\Temp\ccwQZ7yJ.s 			page 18


 695      6B56616C 
 695      756500
 696              	.LASF17:
 697 0204 50574D50 		.ascii	"PWMPeriod\000"
 697      6572696F 
 697      6400
 698              	.LASF14:
 699 020e 73697A65 		.ascii	"sizetype\000"
 699      74797065 
 699      00
 700              		.ident	"GCC: (GNU Tools for ARM Embedded Processors) 4.7.3 20130312 (release) [ARM/embedded-4_7-br
