Archive member included because of file (symbol)

.\ARM_GCC_493\Debug\pisoc_bootloader.a(cyfitter_cfg.o)
                              .\ARM_GCC_493\Debug\Cm3Start.o (cyfitter_cfg)
.\ARM_GCC_493\Debug\pisoc_bootloader.a(Bootloader.o)
                              .\ARM_GCC_493\Debug\Cm3Start.o (CyBtldr_CheckLaunch)
.\ARM_GCC_493\Debug\pisoc_bootloader.a(USB_Bootloader_boot.o)
                              .\ARM_GCC_493\Debug\pisoc_bootloader.a(Bootloader.o) (USB_Bootloader_CyBtldrCommStart)
.\ARM_GCC_493\Debug\pisoc_bootloader.a(BOOT_MODE.o)
                              .\ARM_GCC_493\Debug\main.o (BOOT_MODE_Read)
.\ARM_GCC_493\Debug\pisoc_bootloader.a(CyBootAsmGnu.o)
                              .\ARM_GCC_493\Debug\pisoc_bootloader.a(cyfitter_cfg.o) (CyDelayCycles)
.\ARM_GCC_493\Debug\pisoc_bootloader.a(CyFlash.o)
                              .\ARM_GCC_493\Debug\pisoc_bootloader.a(Bootloader.o) (CySetTemp)
.\ARM_GCC_493\Debug\pisoc_bootloader.a(CyLib.o)
                              .\ARM_GCC_493\Debug\Cm3Start.o (CyHalt)
.\ARM_GCC_493\Debug\pisoc_bootloader.a(cyPm.o)
                              .\ARM_GCC_493\Debug\pisoc_bootloader.a(CyLib.o) (CyPmReadStatus)
.\ARM_GCC_493\Debug\pisoc_bootloader.a(CySpc.o)
                              .\ARM_GCC_493\Debug\pisoc_bootloader.a(CyFlash.o) (CySpcStart)
.\ARM_GCC_493\Debug\pisoc_bootloader.a(USB_Bootloader.o)
                              .\ARM_GCC_493\Debug\pisoc_bootloader.a(USB_Bootloader_boot.o) (USB_Bootloader_Start)
.\ARM_GCC_493\Debug\pisoc_bootloader.a(USB_Bootloader_drv.o)
                              .\ARM_GCC_493\Debug\pisoc_bootloader.a(USB_Bootloader.o) (USB_Bootloader_lastPacketSize)
.\ARM_GCC_493\Debug\pisoc_bootloader.a(USB_Bootloader_episr.o)
                              .\ARM_GCC_493\Debug\pisoc_bootloader.a(USB_Bootloader.o) (USB_Bootloader_EP_1_ISR)
.\ARM_GCC_493\Debug\pisoc_bootloader.a(USB_Bootloader_hid.o)
                              .\ARM_GCC_493\Debug\pisoc_bootloader.a(USB_Bootloader.o) (USB_Bootloader_hidProtocol)
.\ARM_GCC_493\Debug\pisoc_bootloader.a(USB_Bootloader_std.o)
                              .\ARM_GCC_493\Debug\pisoc_bootloader.a(USB_Bootloader_hid.o) (USB_Bootloader_GetConfigTablePtr)
.\ARM_GCC_493\Debug\pisoc_bootloader.a(USB_Bootloader_vnd.o)
                              .\ARM_GCC_493\Debug\pisoc_bootloader.a(USB_Bootloader_drv.o) (USB_Bootloader_HandleVendorRqst)
.\ARM_GCC_493\Debug\pisoc_bootloader.a(USB_Bootloader_cls.o)
                              .\ARM_GCC_493\Debug\pisoc_bootloader.a(USB_Bootloader_drv.o) (USB_Bootloader_DispatchClassRqst)
.\ARM_GCC_493\Debug\pisoc_bootloader.a(USB_Bootloader_descr.o)
                              .\ARM_GCC_493\Debug\pisoc_bootloader.a(USB_Bootloader_vnd.o) (USB_Bootloader_MSOS_CONFIGURATION_DESCR)
c:/program files (x86)/cypress/psoc creator/3.3/psoc creator/import/gnu/arm/4.9.3/bin/../lib/gcc/arm-none-eabi/4.9.3/../../../../arm-none-eabi/lib/armv7-m\libg_nano.a(lib_a-errno.o)
                              .\ARM_GCC_493\Debug\Cm3Start.o (__errno)
c:/program files (x86)/cypress/psoc creator/3.3/psoc creator/import/gnu/arm/4.9.3/bin/../lib/gcc/arm-none-eabi/4.9.3/../../../../arm-none-eabi/lib/armv7-m\libg_nano.a(lib_a-exit.o)
                              c:/program files (x86)/cypress/psoc creator/3.3/psoc creator/import/gnu/arm/4.9.3/bin/../lib/gcc/arm-none-eabi/4.9.3/../../../../arm-none-eabi/lib/armv7-m/crt0.o (exit)
c:/program files (x86)/cypress/psoc creator/3.3/psoc creator/import/gnu/arm/4.9.3/bin/../lib/gcc/arm-none-eabi/4.9.3/../../../../arm-none-eabi/lib/armv7-m\libg_nano.a(lib_a-impure.o)
                              c:/program files (x86)/cypress/psoc creator/3.3/psoc creator/import/gnu/arm/4.9.3/bin/../lib/gcc/arm-none-eabi/4.9.3/../../../../arm-none-eabi/lib/armv7-m\libg_nano.a(lib_a-exit.o) (_global_impure_ptr)
c:/program files (x86)/cypress/psoc creator/3.3/psoc creator/import/gnu/arm/4.9.3/bin/../lib/gcc/arm-none-eabi/4.9.3/../../../../arm-none-eabi/lib/armv7-m\libg_nano.a(lib_a-init.o)
                              c:/program files (x86)/cypress/psoc creator/3.3/psoc creator/import/gnu/arm/4.9.3/bin/../lib/gcc/arm-none-eabi/4.9.3/../../../../arm-none-eabi/lib/armv7-m/crt0.o (__libc_init_array)
c:/program files (x86)/cypress/psoc creator/3.3/psoc creator/import/gnu/arm/4.9.3/bin/../lib/gcc/arm-none-eabi/4.9.3/../../../../arm-none-eabi/lib/armv7-m\libg_nano.a(lib_a-memcpy.o)
                              .\ARM_GCC_493\Debug\pisoc_bootloader.a(cyfitter_cfg.o) (memcpy)
c:/program files (x86)/cypress/psoc creator/3.3/psoc creator/import/gnu/arm/4.9.3/bin/../lib/gcc/arm-none-eabi/4.9.3/../../../../arm-none-eabi/lib/armv7-m\libg_nano.a(lib_a-memset.o)
                              c:/program files (x86)/cypress/psoc creator/3.3/psoc creator/import/gnu/arm/4.9.3/bin/../lib/gcc/arm-none-eabi/4.9.3/../../../../arm-none-eabi/lib/armv7-m/crt0.o (memset)

Allocating common symbols
Common symbol       size              file

USB_Bootloader_configuration
                    0x1               .\ARM_GCC_493\Debug\pisoc_bootloader.a(USB_Bootloader_drv.o)
USB_Bootloader_deviceStatus
                    0x1               .\ARM_GCC_493\Debug\pisoc_bootloader.a(USB_Bootloader_drv.o)
USB_Bootloader_configurationChanged
                    0x1               .\ARM_GCC_493\Debug\pisoc_bootloader.a(USB_Bootloader_drv.o)
USB_Bootloader_transferState
                    0x1               .\ARM_GCC_493\Debug\pisoc_bootloader.a(USB_Bootloader_drv.o)
USB_Bootloader_interfaceSetting_last
                    0x1               .\ARM_GCC_493\Debug\pisoc_bootloader.a(USB_Bootloader_drv.o)
USB_Bootloader_ep0Toggle
                    0x1               .\ARM_GCC_493\Debug\pisoc_bootloader.a(USB_Bootloader_drv.o)
USB_Bootloader_EP   0x6c              .\ARM_GCC_493\Debug\pisoc_bootloader.a(USB_Bootloader_drv.o)
USB_Bootloader_hidProtocol
                    0x1               .\ARM_GCC_493\Debug\pisoc_bootloader.a(USB_Bootloader_hid.o)
USB_Bootloader_DEVICE0_CONFIGURATION0_INTERFACE0_ALTERNATE0_HID_IN_RPT_SCB
                    0x4               .\ARM_GCC_493\Debug\pisoc_bootloader.a(USB_Bootloader_descr.o)
USB_Bootloader_DEVICE0_CONFIGURATION0_INTERFACE0_ALTERNATE0_HID_OUT_RPT_SCB
                    0x4               .\ARM_GCC_493\Debug\pisoc_bootloader.a(USB_Bootloader_descr.o)
USB_Bootloader_DEVICE0_CONFIGURATION0_INTERFACE0_ALTERNATE0_HID_OUT_BUF
                    0x41              .\ARM_GCC_493\Debug\pisoc_bootloader.a(USB_Bootloader_descr.o)
USB_Bootloader_lastPacketSize
                    0x1               .\ARM_GCC_493\Debug\pisoc_bootloader.a(USB_Bootloader_drv.o)
USB_Bootloader_interfaceSetting
                    0x1               .\ARM_GCC_493\Debug\pisoc_bootloader.a(USB_Bootloader_drv.o)
USB_Bootloader_device
                    0x1               .\ARM_GCC_493\Debug\pisoc_bootloader.a(USB_Bootloader_drv.o)
USB_Bootloader_transferByteCount
                    0x2               .\ARM_GCC_493\Debug\pisoc_bootloader.a(USB_Bootloader_drv.o)
USB_Bootloader_hidIdleTimer
                    0x1               .\ARM_GCC_493\Debug\pisoc_bootloader.a(USB_Bootloader_hid.o)
USB_Bootloader_ep0Count
                    0x1               .\ARM_GCC_493\Debug\pisoc_bootloader.a(USB_Bootloader_drv.o)
USB_Bootloader_currentTD
                    0xc               .\ARM_GCC_493\Debug\pisoc_bootloader.a(USB_Bootloader_drv.o)
USB_Bootloader_deviceAddress
                    0x1               .\ARM_GCC_493\Debug\pisoc_bootloader.a(USB_Bootloader_drv.o)
USB_Bootloader_interfaceStatus
                    0x1               .\ARM_GCC_493\Debug\pisoc_bootloader.a(USB_Bootloader_drv.o)
dieTemperature      0x2               .\ARM_GCC_493\Debug\pisoc_bootloader.a(CyFlash.o)
USB_Bootloader_interfaceNumber
                    0x1               .\ARM_GCC_493\Debug\pisoc_bootloader.a(USB_Bootloader_drv.o)
USB_Bootloader_interfaceClass
                    0x4               .\ARM_GCC_493\Debug\pisoc_bootloader.a(USB_Bootloader_drv.o)
USB_Bootloader_hidIdleRate
                    0x1               .\ARM_GCC_493\Debug\pisoc_bootloader.a(USB_Bootloader_hid.o)
USB_Bootloader_DEVICE0_CONFIGURATION0_INTERFACE0_ALTERNATE0_HID_IN_BUF
                    0x41              .\ARM_GCC_493\Debug\pisoc_bootloader.a(USB_Bootloader_descr.o)
USB_Bootloader_ep0Mode
                    0x1               .\ARM_GCC_493\Debug\pisoc_bootloader.a(USB_Bootloader_drv.o)

Discarded input sections

 .text          0x00000000        0x0 c:/program files (x86)/cypress/psoc creator/3.3/psoc creator/import/gnu/arm/4.9.3/bin/../lib/gcc/arm-none-eabi/4.9.3/armv7-m/crti.o
 .data          0x00000000        0x0 c:/program files (x86)/cypress/psoc creator/3.3/psoc creator/import/gnu/arm/4.9.3/bin/../lib/gcc/arm-none-eabi/4.9.3/armv7-m/crti.o
 .bss           0x00000000        0x0 c:/program files (x86)/cypress/psoc creator/3.3/psoc creator/import/gnu/arm/4.9.3/bin/../lib/gcc/arm-none-eabi/4.9.3/armv7-m/crti.o
 .data          0x00000000        0x4 c:/program files (x86)/cypress/psoc creator/3.3/psoc creator/import/gnu/arm/4.9.3/bin/../lib/gcc/arm-none-eabi/4.9.3/armv7-m/crtbegin.o
 .text          0x00000000       0x74 c:/program files (x86)/cypress/psoc creator/3.3/psoc creator/import/gnu/arm/4.9.3/bin/../lib/gcc/arm-none-eabi/4.9.3/../../../../arm-none-eabi/lib/armv7-m/crt0.o
 .data          0x00000000        0x0 c:/program files (x86)/cypress/psoc creator/3.3/psoc creator/import/gnu/arm/4.9.3/bin/../lib/gcc/arm-none-eabi/4.9.3/../../../../arm-none-eabi/lib/armv7-m/crt0.o
 .bss           0x00000000        0x0 c:/program files (x86)/cypress/psoc creator/3.3/psoc creator/import/gnu/arm/4.9.3/bin/../lib/gcc/arm-none-eabi/4.9.3/../../../../arm-none-eabi/lib/armv7-m/crt0.o
 .ARM.extab     0x00000000        0x0 c:/program files (x86)/cypress/psoc creator/3.3/psoc creator/import/gnu/arm/4.9.3/bin/../lib/gcc/arm-none-eabi/4.9.3/../../../../arm-none-eabi/lib/armv7-m/crt0.o
 .ARM.exidx     0x00000000        0x8 c:/program files (x86)/cypress/psoc creator/3.3/psoc creator/import/gnu/arm/4.9.3/bin/../lib/gcc/arm-none-eabi/4.9.3/../../../../arm-none-eabi/lib/armv7-m/crt0.o
 .text          0x00000000        0x0 .\ARM_GCC_493\Debug\main.o
 .data          0x00000000        0x0 .\ARM_GCC_493\Debug\main.o
 .bss           0x00000000        0x0 .\ARM_GCC_493\Debug\main.o
 .text          0x00000000        0x0 .\ARM_GCC_493\Debug\cymetadata.o
 .data          0x00000000        0x0 .\ARM_GCC_493\Debug\cymetadata.o
 .bss           0x00000000        0x0 .\ARM_GCC_493\Debug\cymetadata.o
 .text          0x00000000        0x0 .\ARM_GCC_493\Debug\Cm3Start.o
 .data          0x00000000        0x4 .\ARM_GCC_493\Debug\Cm3Start.o
 .bss           0x00000000        0x0 .\ARM_GCC_493\Debug\Cm3Start.o
 .text._exit    0x00000000        0xc .\ARM_GCC_493\Debug\Cm3Start.o
 .text._sbrk    0x00000000       0x30 .\ARM_GCC_493\Debug\Cm3Start.o
 .text          0x00000000        0x0 .\ARM_GCC_493\Debug\pisoc_bootloader.a(cyfitter_cfg.o)
 .data          0x00000000        0x0 .\ARM_GCC_493\Debug\pisoc_bootloader.a(cyfitter_cfg.o)
 .bss           0x00000000        0x0 .\ARM_GCC_493\Debug\pisoc_bootloader.a(cyfitter_cfg.o)
 .text.SetAnalogRoutingPumps
                0x00000000       0x10 .\ARM_GCC_493\Debug\pisoc_bootloader.a(cyfitter_cfg.o)
 .text          0x00000000        0x0 .\ARM_GCC_493\Debug\pisoc_bootloader.a(Bootloader.o)
 .text.Bootloader_InitCallback
                0x00000000        0xc .\ARM_GCC_493\Debug\pisoc_bootloader.a(Bootloader.o)
 .text.Bootloader_SetFlashByte
                0x00000000       0x3c .\ARM_GCC_493\Debug\pisoc_bootloader.a(Bootloader.o)
 .text.Bootloader_Exit
                0x00000000       0x54 .\ARM_GCC_493\Debug\pisoc_bootloader.a(Bootloader.o)
 .text          0x00000000        0x0 .\ARM_GCC_493\Debug\pisoc_bootloader.a(USB_Bootloader_boot.o)
 .data          0x00000000        0x0 .\ARM_GCC_493\Debug\pisoc_bootloader.a(USB_Bootloader_boot.o)
 .text.USB_Bootloader_CyBtldrCommStop
                0x00000000        0x8 .\ARM_GCC_493\Debug\pisoc_bootloader.a(USB_Bootloader_boot.o)
 .text          0x00000000        0x0 .\ARM_GCC_493\Debug\pisoc_bootloader.a(BOOT_MODE.o)
 .data          0x00000000        0x0 .\ARM_GCC_493\Debug\pisoc_bootloader.a(BOOT_MODE.o)
 .bss           0x00000000        0x0 .\ARM_GCC_493\Debug\pisoc_bootloader.a(BOOT_MODE.o)
 .text.BOOT_MODE_Write
                0x00000000       0x18 .\ARM_GCC_493\Debug\pisoc_bootloader.a(BOOT_MODE.o)
 .text.BOOT_MODE_SetDriveMode
                0x00000000       0x18 .\ARM_GCC_493\Debug\pisoc_bootloader.a(BOOT_MODE.o)
 .text.BOOT_MODE_ReadDataReg
                0x00000000       0x10 .\ARM_GCC_493\Debug\pisoc_bootloader.a(BOOT_MODE.o)
 .data          0x00000000        0x0 .\ARM_GCC_493\Debug\pisoc_bootloader.a(CyBootAsmGnu.o)
 .bss           0x00000000        0x0 .\ARM_GCC_493\Debug\pisoc_bootloader.a(CyBootAsmGnu.o)
 .text          0x00000000        0x0 .\ARM_GCC_493\Debug\pisoc_bootloader.a(CyFlash.o)
 .data          0x00000000        0x0 .\ARM_GCC_493\Debug\pisoc_bootloader.a(CyFlash.o)
 .bss           0x00000000        0x4 .\ARM_GCC_493\Debug\pisoc_bootloader.a(CyFlash.o)
 .text.CyFlash_Start
                0x00000000       0x54 .\ARM_GCC_493\Debug\pisoc_bootloader.a(CyFlash.o)
 .text.CyFlash_Stop
                0x00000000       0x24 .\ARM_GCC_493\Debug\pisoc_bootloader.a(CyFlash.o)
 .text.CySetFlashEEBuffer
                0x00000000       0x28 .\ARM_GCC_493\Debug\pisoc_bootloader.a(CyFlash.o)
 .text.CyWriteRowData
                0x00000000       0x14 .\ARM_GCC_493\Debug\pisoc_bootloader.a(CyFlash.o)
 .text.CyFlash_SetWaitCycles
                0x00000000       0x7c .\ARM_GCC_493\Debug\pisoc_bootloader.a(CyFlash.o)
 .text.CyEEPROM_Stop
                0x00000000       0x24 .\ARM_GCC_493\Debug\pisoc_bootloader.a(CyFlash.o)
 .text.CyEEPROM_ReadReserve
                0x00000000       0x1c .\ARM_GCC_493\Debug\pisoc_bootloader.a(CyFlash.o)
 .text.CyEEPROM_ReadRelease
                0x00000000       0x10 .\ARM_GCC_493\Debug\pisoc_bootloader.a(CyFlash.o)
 .text          0x00000000        0x0 .\ARM_GCC_493\Debug\pisoc_bootloader.a(CyLib.o)
 .bss           0x00000000       0x1c .\ARM_GCC_493\Debug\pisoc_bootloader.a(CyLib.o)
 .text.CyUSB_PowerOnCheck
                0x00000000       0x48 .\ARM_GCC_493\Debug\pisoc_bootloader.a(CyLib.o)
 .text.CyBusClk_Internal_SetDivider
                0x00000000       0x48 .\ARM_GCC_493\Debug\pisoc_bootloader.a(CyLib.o)
 .text.CyPLL_OUT_Stop
                0x00000000       0x10 .\ARM_GCC_493\Debug\pisoc_bootloader.a(CyLib.o)
 .text.CyIMO_Stop
                0x00000000       0x1c .\ARM_GCC_493\Debug\pisoc_bootloader.a(CyLib.o)
 .text.CyIMO_EnableDoubler
                0x00000000       0x10 .\ARM_GCC_493\Debug\pisoc_bootloader.a(CyLib.o)
 .text.CyIMO_DisableDoubler
                0x00000000       0x10 .\ARM_GCC_493\Debug\pisoc_bootloader.a(CyLib.o)
 .text.CyMasterClk_SetSource
                0x00000000       0x18 .\ARM_GCC_493\Debug\pisoc_bootloader.a(CyLib.o)
 .text.CyMasterClk_SetDivider
                0x00000000        0xc .\ARM_GCC_493\Debug\pisoc_bootloader.a(CyLib.o)
 .text.CyBusClk_SetDivider
                0x00000000       0x70 .\ARM_GCC_493\Debug\pisoc_bootloader.a(CyLib.o)
 .text.CyUsbClk_SetSource
                0x00000000       0x18 .\ARM_GCC_493\Debug\pisoc_bootloader.a(CyLib.o)
 .text.CyILO_Start1K
                0x00000000       0x10 .\ARM_GCC_493\Debug\pisoc_bootloader.a(CyLib.o)
 .text.CyILO_Stop1K
                0x00000000       0x10 .\ARM_GCC_493\Debug\pisoc_bootloader.a(CyLib.o)
 .text.CyILO_Start100K
                0x00000000       0x10 .\ARM_GCC_493\Debug\pisoc_bootloader.a(CyLib.o)
 .text.CyILO_Stop100K
                0x00000000       0x10 .\ARM_GCC_493\Debug\pisoc_bootloader.a(CyLib.o)
 .text.CyPLL_OUT_Start
                0x00000000       0x78 .\ARM_GCC_493\Debug\pisoc_bootloader.a(CyLib.o)
 .text.CyIMO_Start
                0x00000000       0x60 .\ARM_GCC_493\Debug\pisoc_bootloader.a(CyLib.o)
 .text.CyILO_Enable33K
                0x00000000       0x10 .\ARM_GCC_493\Debug\pisoc_bootloader.a(CyLib.o)
 .text.CyILO_Disable33K
                0x00000000       0x10 .\ARM_GCC_493\Debug\pisoc_bootloader.a(CyLib.o)
 .text.CyILO_SetSource
                0x00000000       0x18 .\ARM_GCC_493\Debug\pisoc_bootloader.a(CyLib.o)
 .text.CyILO_SetPowerMode
                0x00000000       0x24 .\ARM_GCC_493\Debug\pisoc_bootloader.a(CyLib.o)
 .text.CyXTAL_32KHZ_Stop
                0x00000000       0x30 .\ARM_GCC_493\Debug\pisoc_bootloader.a(CyLib.o)
 .text.CyXTAL_32KHZ_ReadStatus
                0x00000000       0x10 .\ARM_GCC_493\Debug\pisoc_bootloader.a(CyLib.o)
 .text.CyXTAL_Start
                0x00000000       0xac .\ARM_GCC_493\Debug\pisoc_bootloader.a(CyLib.o)
 .text.CyXTAL_Stop
                0x00000000       0x10 .\ARM_GCC_493\Debug\pisoc_bootloader.a(CyLib.o)
 .text.CyXTAL_EnableErrStatus
                0x00000000       0x10 .\ARM_GCC_493\Debug\pisoc_bootloader.a(CyLib.o)
 .text.CyXTAL_DisableErrStatus
                0x00000000       0x10 .\ARM_GCC_493\Debug\pisoc_bootloader.a(CyLib.o)
 .text.CyXTAL_ReadStatus
                0x00000000       0x18 .\ARM_GCC_493\Debug\pisoc_bootloader.a(CyLib.o)
 .text.CyXTAL_EnableFaultRecovery
                0x00000000       0x10 .\ARM_GCC_493\Debug\pisoc_bootloader.a(CyLib.o)
 .text.CyXTAL_DisableFaultRecovery
                0x00000000       0x10 .\ARM_GCC_493\Debug\pisoc_bootloader.a(CyLib.o)
 .text.CyXTAL_SetStartup
                0x00000000       0x18 .\ARM_GCC_493\Debug\pisoc_bootloader.a(CyLib.o)
 .text.CyXTAL_SetFbVoltage
                0x00000000       0x18 .\ARM_GCC_493\Debug\pisoc_bootloader.a(CyLib.o)
 .text.CyXTAL_SetWdVoltage
                0x00000000       0x18 .\ARM_GCC_493\Debug\pisoc_bootloader.a(CyLib.o)
 .text.CyPLL_OUT_SetPQ
                0x00000000       0x60 .\ARM_GCC_493\Debug\pisoc_bootloader.a(CyLib.o)
 .text.CyPLL_OUT_SetSource
                0x00000000       0x34 .\ARM_GCC_493\Debug\pisoc_bootloader.a(CyLib.o)
 .text.CyIMO_SetTrimValue
                0x00000000       0xcc .\ARM_GCC_493\Debug\pisoc_bootloader.a(CyLib.o)
 .text.CyIMO_SetFreq
                0x00000000       0xf4 .\ARM_GCC_493\Debug\pisoc_bootloader.a(CyLib.o)
 .text.CyIMO_SetSource
                0x00000000       0x58 .\ARM_GCC_493\Debug\pisoc_bootloader.a(CyLib.o)
 .text.CyXTAL_32KHZ_SetPowerMode
                0x00000000       0x84 .\ARM_GCC_493\Debug\pisoc_bootloader.a(CyLib.o)
 .text.CyXTAL_32KHZ_Start
                0x00000000       0x70 .\ARM_GCC_493\Debug\pisoc_bootloader.a(CyLib.o)
 .text.CyDelayFreq
                0x00000000       0x4c .\ARM_GCC_493\Debug\pisoc_bootloader.a(CyLib.o)
 .text.CyWdtStart
                0x00000000       0x40 .\ARM_GCC_493\Debug\pisoc_bootloader.a(CyLib.o)
 .text.CyWdtClear
                0x00000000        0xc .\ARM_GCC_493\Debug\pisoc_bootloader.a(CyLib.o)
 .text.CyVdStickyStatus
                0x00000000       0x2c .\ARM_GCC_493\Debug\pisoc_bootloader.a(CyLib.o)
 .text.CyVdLvDigitEnable
                0x00000000       0x84 .\ARM_GCC_493\Debug\pisoc_bootloader.a(CyLib.o)
 .text.CyVdLvAnalogEnable
                0x00000000       0x80 .\ARM_GCC_493\Debug\pisoc_bootloader.a(CyLib.o)
 .text.CyVdLvDigitDisable
                0x00000000       0x30 .\ARM_GCC_493\Debug\pisoc_bootloader.a(CyLib.o)
 .text.CyVdLvAnalogDisable
                0x00000000       0x28 .\ARM_GCC_493\Debug\pisoc_bootloader.a(CyLib.o)
 .text.CyVdHvAnalogEnable
                0x00000000       0x54 .\ARM_GCC_493\Debug\pisoc_bootloader.a(CyLib.o)
 .text.CyVdHvAnalogDisable
                0x00000000       0x20 .\ARM_GCC_493\Debug\pisoc_bootloader.a(CyLib.o)
 .text.CyVdRealTimeStatus
                0x00000000       0x1c .\ARM_GCC_493\Debug\pisoc_bootloader.a(CyLib.o)
 .text.CyDisableInts
                0x00000000       0x1c .\ARM_GCC_493\Debug\pisoc_bootloader.a(CyLib.o)
 .text.CyEnableInts
                0x00000000       0x18 .\ARM_GCC_493\Debug\pisoc_bootloader.a(CyLib.o)
 .text.CyIntSetSysVector
                0x00000000       0x28 .\ARM_GCC_493\Debug\pisoc_bootloader.a(CyLib.o)
 .text.CyIntGetSysVector
                0x00000000       0x20 .\ARM_GCC_493\Debug\pisoc_bootloader.a(CyLib.o)
 .text.CyIntGetVector
                0x00000000       0x24 .\ARM_GCC_493\Debug\pisoc_bootloader.a(CyLib.o)
 .text.CyIntGetPriority
                0x00000000       0x20 .\ARM_GCC_493\Debug\pisoc_bootloader.a(CyLib.o)
 .text.CyIntGetState
                0x00000000       0x24 .\ARM_GCC_493\Debug\pisoc_bootloader.a(CyLib.o)
 .text.CySysTickStop
                0x00000000       0x10 .\ARM_GCC_493\Debug\pisoc_bootloader.a(CyLib.o)
 .text.CySysTickEnableInterrupt
                0x00000000       0x10 .\ARM_GCC_493\Debug\pisoc_bootloader.a(CyLib.o)
 .text.CySysTickEnable
                0x00000000       0x18 .\ARM_GCC_493\Debug\pisoc_bootloader.a(CyLib.o)
 .text.CySysTickDisableInterrupt
                0x00000000       0x10 .\ARM_GCC_493\Debug\pisoc_bootloader.a(CyLib.o)
 .text.CySysTickSetReload
                0x00000000       0x10 .\ARM_GCC_493\Debug\pisoc_bootloader.a(CyLib.o)
 .text.CySysTickGetReload
                0x00000000       0x10 .\ARM_GCC_493\Debug\pisoc_bootloader.a(CyLib.o)
 .text.CySysTickGetValue
                0x00000000       0x10 .\ARM_GCC_493\Debug\pisoc_bootloader.a(CyLib.o)
 .text.CySysTickSetClockSource
                0x00000000       0x20 .\ARM_GCC_493\Debug\pisoc_bootloader.a(CyLib.o)
 .text.CySysTickGetCountFlag
                0x00000000       0x10 .\ARM_GCC_493\Debug\pisoc_bootloader.a(CyLib.o)
 .text.CySysTickServiceCallbacks
                0x00000000       0x28 .\ARM_GCC_493\Debug\pisoc_bootloader.a(CyLib.o)
 .text.CySysTickClear
                0x00000000        0xc .\ARM_GCC_493\Debug\pisoc_bootloader.a(CyLib.o)
 .text.CySysTickInit
                0x00000000       0x58 .\ARM_GCC_493\Debug\pisoc_bootloader.a(CyLib.o)
 .text.CySysTickStart
                0x00000000       0x1c .\ARM_GCC_493\Debug\pisoc_bootloader.a(CyLib.o)
 .text.CySysTickSetCallback
                0x00000000       0x10 .\ARM_GCC_493\Debug\pisoc_bootloader.a(CyLib.o)
 .text.CySysTickGetCallback
                0x00000000       0x10 .\ARM_GCC_493\Debug\pisoc_bootloader.a(CyLib.o)
 .text.CyGetUniqueId
                0x00000000       0x70 .\ARM_GCC_493\Debug\pisoc_bootloader.a(CyLib.o)
 .text          0x00000000        0x0 .\ARM_GCC_493\Debug\pisoc_bootloader.a(cyPm.o)
 .data          0x00000000        0x0 .\ARM_GCC_493\Debug\pisoc_bootloader.a(cyPm.o)
 .bss           0x00000000       0x44 .\ARM_GCC_493\Debug\pisoc_bootloader.a(cyPm.o)
 .text.CyPmHibSlpSaveSet
                0x00000000      0x1dc .\ARM_GCC_493\Debug\pisoc_bootloader.a(cyPm.o)
 .text.CyPmHibSlpRestore
                0x00000000       0xd4 .\ARM_GCC_493\Debug\pisoc_bootloader.a(cyPm.o)
 .text.CyPmHviLviSaveDisable
                0x00000000       0xa0 .\ARM_GCC_493\Debug\pisoc_bootloader.a(cyPm.o)
 .text.CyPmHibSaveSet
                0x00000000       0x8c .\ARM_GCC_493\Debug\pisoc_bootloader.a(cyPm.o)
 .text.CyPmHviLviRestore
                0x00000000       0x48 .\ARM_GCC_493\Debug\pisoc_bootloader.a(cyPm.o)
 .text.CyPmHibRestore
                0x00000000       0x58 .\ARM_GCC_493\Debug\pisoc_bootloader.a(cyPm.o)
 .text.CyPmSaveClocks
                0x00000000      0x218 .\ARM_GCC_493\Debug\pisoc_bootloader.a(cyPm.o)
 .text.CyPmRestoreClocks
                0x00000000      0x24c .\ARM_GCC_493\Debug\pisoc_bootloader.a(cyPm.o)
 .text.CyPmAltAct
                0x00000000       0x6c .\ARM_GCC_493\Debug\pisoc_bootloader.a(cyPm.o)
 .text.CyPmSleep
                0x00000000       0xf4 .\ARM_GCC_493\Debug\pisoc_bootloader.a(cyPm.o)
 .text.CyPmHibernateEx
                0x00000000       0xf4 .\ARM_GCC_493\Debug\pisoc_bootloader.a(cyPm.o)
 .text.CyPmHibernate
                0x00000000        0xc .\ARM_GCC_493\Debug\pisoc_bootloader.a(cyPm.o)
 .text.CyPmReadStatus
                0x00000000       0x30 .\ARM_GCC_493\Debug\pisoc_bootloader.a(cyPm.o)
 .text.CyPmCtwSetInterval
                0x00000000       0x5c .\ARM_GCC_493\Debug\pisoc_bootloader.a(cyPm.o)
 .text.CyPmOppsSet
                0x00000000       0x2c .\ARM_GCC_493\Debug\pisoc_bootloader.a(cyPm.o)
 .text.CyPmFtwSetInterval
                0x00000000       0x5c .\ARM_GCC_493\Debug\pisoc_bootloader.a(cyPm.o)
 .rodata        0x00000000       0x10 .\ARM_GCC_493\Debug\pisoc_bootloader.a(cyPm.o)
 .text          0x00000000        0x0 .\ARM_GCC_493\Debug\pisoc_bootloader.a(CySpc.o)
 .data          0x00000000        0x0 .\ARM_GCC_493\Debug\pisoc_bootloader.a(CySpc.o)
 .text.CySpcStop
                0x00000000       0x24 .\ARM_GCC_493\Debug\pisoc_bootloader.a(CySpc.o)
 .text.CySpcLoadMultiByte
                0x00000000       0x78 .\ARM_GCC_493\Debug\pisoc_bootloader.a(CySpc.o)
 .text.CySpcLoadRow
                0x00000000       0x54 .\ARM_GCC_493\Debug\pisoc_bootloader.a(CySpc.o)
 .text.CySpcEraseSector
                0x00000000       0x3c .\ARM_GCC_493\Debug\pisoc_bootloader.a(CySpc.o)
 .text          0x00000000        0x0 .\ARM_GCC_493\Debug\pisoc_bootloader.a(USB_Bootloader.o)
 .data          0x00000000        0x0 .\ARM_GCC_493\Debug\pisoc_bootloader.a(USB_Bootloader.o)
 .text.USB_Bootloader_Stop
                0x00000000       0x80 .\ARM_GCC_493\Debug\pisoc_bootloader.a(USB_Bootloader.o)
 .text.USB_Bootloader_CheckActivity
                0x00000000       0x18 .\ARM_GCC_493\Debug\pisoc_bootloader.a(USB_Bootloader.o)
 .text.USB_Bootloader_GetInterfaceSetting
                0x00000000        0xc .\ARM_GCC_493\Debug\pisoc_bootloader.a(USB_Bootloader.o)
 .text.USB_Bootloader_DisableOutEP
                0x00000000       0x18 .\ARM_GCC_493\Debug\pisoc_bootloader.a(USB_Bootloader.o)
 .text.USB_Bootloader_Force
                0x00000000        0xc .\ARM_GCC_493\Debug\pisoc_bootloader.a(USB_Bootloader.o)
 .text.USB_Bootloader_GetEPAckState
                0x00000000       0x20 .\ARM_GCC_493\Debug\pisoc_bootloader.a(USB_Bootloader.o)
 .text.USB_Bootloader_SetPowerStatus
                0x00000000       0x20 .\ARM_GCC_493\Debug\pisoc_bootloader.a(USB_Bootloader.o)
 .text.USB_Bootloader_RWUEnabled
                0x00000000       0x18 .\ARM_GCC_493\Debug\pisoc_bootloader.a(USB_Bootloader.o)
 .text          0x00000000        0x0 .\ARM_GCC_493\Debug\pisoc_bootloader.a(USB_Bootloader_drv.o)
 .data          0x00000000        0x0 .\ARM_GCC_493\Debug\pisoc_bootloader.a(USB_Bootloader_drv.o)
 .bss           0x00000000        0x0 .\ARM_GCC_493\Debug\pisoc_bootloader.a(USB_Bootloader_drv.o)
 .text          0x00000000        0x0 .\ARM_GCC_493\Debug\pisoc_bootloader.a(USB_Bootloader_episr.o)
 .data          0x00000000        0x0 .\ARM_GCC_493\Debug\pisoc_bootloader.a(USB_Bootloader_episr.o)
 .bss           0x00000000        0x0 .\ARM_GCC_493\Debug\pisoc_bootloader.a(USB_Bootloader_episr.o)
 .text          0x00000000        0x0 .\ARM_GCC_493\Debug\pisoc_bootloader.a(USB_Bootloader_hid.o)
 .data          0x00000000        0x0 .\ARM_GCC_493\Debug\pisoc_bootloader.a(USB_Bootloader_hid.o)
 .bss           0x00000000        0x0 .\ARM_GCC_493\Debug\pisoc_bootloader.a(USB_Bootloader_hid.o)
 .text.USB_Bootloader_UpdateHIDTimer
                0x00000000       0x3c .\ARM_GCC_493\Debug\pisoc_bootloader.a(USB_Bootloader_hid.o)
 .text.USB_Bootloader_GetProtocol
                0x00000000        0xc .\ARM_GCC_493\Debug\pisoc_bootloader.a(USB_Bootloader_hid.o)
 .text          0x00000000        0x0 .\ARM_GCC_493\Debug\pisoc_bootloader.a(USB_Bootloader_std.o)
 .data          0x00000000        0x0 .\ARM_GCC_493\Debug\pisoc_bootloader.a(USB_Bootloader_std.o)
 .text.USB_Bootloader_TerminateEP
                0x00000000       0x50 .\ARM_GCC_493\Debug\pisoc_bootloader.a(USB_Bootloader_std.o)
 .text          0x00000000        0x0 .\ARM_GCC_493\Debug\pisoc_bootloader.a(USB_Bootloader_vnd.o)
 .data          0x00000000        0x0 .\ARM_GCC_493\Debug\pisoc_bootloader.a(USB_Bootloader_vnd.o)
 .bss           0x00000000        0x0 .\ARM_GCC_493\Debug\pisoc_bootloader.a(USB_Bootloader_vnd.o)
 .text          0x00000000        0x0 .\ARM_GCC_493\Debug\pisoc_bootloader.a(USB_Bootloader_cls.o)
 .data          0x00000000        0x0 .\ARM_GCC_493\Debug\pisoc_bootloader.a(USB_Bootloader_cls.o)
 .bss           0x00000000        0x0 .\ARM_GCC_493\Debug\pisoc_bootloader.a(USB_Bootloader_cls.o)
 .text          0x00000000        0x0 .\ARM_GCC_493\Debug\pisoc_bootloader.a(USB_Bootloader_descr.o)
 .data          0x00000000        0x0 .\ARM_GCC_493\Debug\pisoc_bootloader.a(USB_Bootloader_descr.o)
 .bss           0x00000000        0x0 .\ARM_GCC_493\Debug\pisoc_bootloader.a(USB_Bootloader_descr.o)
 .text          0x00000000        0x0 c:/program files (x86)/cypress/psoc creator/3.3/psoc creator/import/gnu/arm/4.9.3/bin/../lib/gcc/arm-none-eabi/4.9.3/../../../../arm-none-eabi/lib/armv7-m\libg_nano.a(lib_a-errno.o)
 .data          0x00000000        0x0 c:/program files (x86)/cypress/psoc creator/3.3/psoc creator/import/gnu/arm/4.9.3/bin/../lib/gcc/arm-none-eabi/4.9.3/../../../../arm-none-eabi/lib/armv7-m\libg_nano.a(lib_a-errno.o)
 .bss           0x00000000        0x0 c:/program files (x86)/cypress/psoc creator/3.3/psoc creator/import/gnu/arm/4.9.3/bin/../lib/gcc/arm-none-eabi/4.9.3/../../../../arm-none-eabi/lib/armv7-m\libg_nano.a(lib_a-errno.o)
 .text.__errno  0x00000000        0xc c:/program files (x86)/cypress/psoc creator/3.3/psoc creator/import/gnu/arm/4.9.3/bin/../lib/gcc/arm-none-eabi/4.9.3/../../../../arm-none-eabi/lib/armv7-m\libg_nano.a(lib_a-errno.o)
 .text          0x00000000        0x0 c:/program files (x86)/cypress/psoc creator/3.3/psoc creator/import/gnu/arm/4.9.3/bin/../lib/gcc/arm-none-eabi/4.9.3/../../../../arm-none-eabi/lib/armv7-m\libg_nano.a(lib_a-exit.o)
 .data          0x00000000        0x0 c:/program files (x86)/cypress/psoc creator/3.3/psoc creator/import/gnu/arm/4.9.3/bin/../lib/gcc/arm-none-eabi/4.9.3/../../../../arm-none-eabi/lib/armv7-m\libg_nano.a(lib_a-exit.o)
 .bss           0x00000000        0x0 c:/program files (x86)/cypress/psoc creator/3.3/psoc creator/import/gnu/arm/4.9.3/bin/../lib/gcc/arm-none-eabi/4.9.3/../../../../arm-none-eabi/lib/armv7-m\libg_nano.a(lib_a-exit.o)
 .text.exit     0x00000000       0x28 c:/program files (x86)/cypress/psoc creator/3.3/psoc creator/import/gnu/arm/4.9.3/bin/../lib/gcc/arm-none-eabi/4.9.3/../../../../arm-none-eabi/lib/armv7-m\libg_nano.a(lib_a-exit.o)
 .text          0x00000000        0x0 c:/program files (x86)/cypress/psoc creator/3.3/psoc creator/import/gnu/arm/4.9.3/bin/../lib/gcc/arm-none-eabi/4.9.3/../../../../arm-none-eabi/lib/armv7-m\libg_nano.a(lib_a-impure.o)
 .data          0x00000000        0x0 c:/program files (x86)/cypress/psoc creator/3.3/psoc creator/import/gnu/arm/4.9.3/bin/../lib/gcc/arm-none-eabi/4.9.3/../../../../arm-none-eabi/lib/armv7-m\libg_nano.a(lib_a-impure.o)
 .bss           0x00000000        0x0 c:/program files (x86)/cypress/psoc creator/3.3/psoc creator/import/gnu/arm/4.9.3/bin/../lib/gcc/arm-none-eabi/4.9.3/../../../../arm-none-eabi/lib/armv7-m\libg_nano.a(lib_a-impure.o)
 .data.impure_data
                0x00000000       0x60 c:/program files (x86)/cypress/psoc creator/3.3/psoc creator/import/gnu/arm/4.9.3/bin/../lib/gcc/arm-none-eabi/4.9.3/../../../../arm-none-eabi/lib/armv7-m\libg_nano.a(lib_a-impure.o)
 .data._impure_ptr
                0x00000000        0x4 c:/program files (x86)/cypress/psoc creator/3.3/psoc creator/import/gnu/arm/4.9.3/bin/../lib/gcc/arm-none-eabi/4.9.3/../../../../arm-none-eabi/lib/armv7-m\libg_nano.a(lib_a-impure.o)
 .rodata.str1.1
                0x00000000        0x2 c:/program files (x86)/cypress/psoc creator/3.3/psoc creator/import/gnu/arm/4.9.3/bin/../lib/gcc/arm-none-eabi/4.9.3/../../../../arm-none-eabi/lib/armv7-m\libg_nano.a(lib_a-impure.o)
 .rodata._global_impure_ptr
                0x00000000        0x4 c:/program files (x86)/cypress/psoc creator/3.3/psoc creator/import/gnu/arm/4.9.3/bin/../lib/gcc/arm-none-eabi/4.9.3/../../../../arm-none-eabi/lib/armv7-m\libg_nano.a(lib_a-impure.o)
 .text          0x00000000        0x0 c:/program files (x86)/cypress/psoc creator/3.3/psoc creator/import/gnu/arm/4.9.3/bin/../lib/gcc/arm-none-eabi/4.9.3/../../../../arm-none-eabi/lib/armv7-m\libg_nano.a(lib_a-init.o)
 .data          0x00000000        0x0 c:/program files (x86)/cypress/psoc creator/3.3/psoc creator/import/gnu/arm/4.9.3/bin/../lib/gcc/arm-none-eabi/4.9.3/../../../../arm-none-eabi/lib/armv7-m\libg_nano.a(lib_a-init.o)
 .bss           0x00000000        0x0 c:/program files (x86)/cypress/psoc creator/3.3/psoc creator/import/gnu/arm/4.9.3/bin/../lib/gcc/arm-none-eabi/4.9.3/../../../../arm-none-eabi/lib/armv7-m\libg_nano.a(lib_a-init.o)
 .text          0x00000000        0x0 c:/program files (x86)/cypress/psoc creator/3.3/psoc creator/import/gnu/arm/4.9.3/bin/../lib/gcc/arm-none-eabi/4.9.3/../../../../arm-none-eabi/lib/armv7-m\libg_nano.a(lib_a-memcpy.o)
 .data          0x00000000        0x0 c:/program files (x86)/cypress/psoc creator/3.3/psoc creator/import/gnu/arm/4.9.3/bin/../lib/gcc/arm-none-eabi/4.9.3/../../../../arm-none-eabi/lib/armv7-m\libg_nano.a(lib_a-memcpy.o)
 .bss           0x00000000        0x0 c:/program files (x86)/cypress/psoc creator/3.3/psoc creator/import/gnu/arm/4.9.3/bin/../lib/gcc/arm-none-eabi/4.9.3/../../../../arm-none-eabi/lib/armv7-m\libg_nano.a(lib_a-memcpy.o)
 .text          0x00000000        0x0 c:/program files (x86)/cypress/psoc creator/3.3/psoc creator/import/gnu/arm/4.9.3/bin/../lib/gcc/arm-none-eabi/4.9.3/../../../../arm-none-eabi/lib/armv7-m\libg_nano.a(lib_a-memset.o)
 .data          0x00000000        0x0 c:/program files (x86)/cypress/psoc creator/3.3/psoc creator/import/gnu/arm/4.9.3/bin/../lib/gcc/arm-none-eabi/4.9.3/../../../../arm-none-eabi/lib/armv7-m\libg_nano.a(lib_a-memset.o)
 .bss           0x00000000        0x0 c:/program files (x86)/cypress/psoc creator/3.3/psoc creator/import/gnu/arm/4.9.3/bin/../lib/gcc/arm-none-eabi/4.9.3/../../../../arm-none-eabi/lib/armv7-m\libg_nano.a(lib_a-memset.o)
 .text          0x00000000        0x0 c:/program files (x86)/cypress/psoc creator/3.3/psoc creator/import/gnu/arm/4.9.3/bin/../lib/gcc/arm-none-eabi/4.9.3/armv7-m/crtend.o
 .data          0x00000000        0x0 c:/program files (x86)/cypress/psoc creator/3.3/psoc creator/import/gnu/arm/4.9.3/bin/../lib/gcc/arm-none-eabi/4.9.3/armv7-m/crtend.o
 .bss           0x00000000        0x0 c:/program files (x86)/cypress/psoc creator/3.3/psoc creator/import/gnu/arm/4.9.3/bin/../lib/gcc/arm-none-eabi/4.9.3/armv7-m/crtend.o
 .text          0x00000000        0x0 c:/program files (x86)/cypress/psoc creator/3.3/psoc creator/import/gnu/arm/4.9.3/bin/../lib/gcc/arm-none-eabi/4.9.3/armv7-m/crtn.o
 .data          0x00000000        0x0 c:/program files (x86)/cypress/psoc creator/3.3/psoc creator/import/gnu/arm/4.9.3/bin/../lib/gcc/arm-none-eabi/4.9.3/armv7-m/crtn.o
 .bss           0x00000000        0x0 c:/program files (x86)/cypress/psoc creator/3.3/psoc creator/import/gnu/arm/4.9.3/bin/../lib/gcc/arm-none-eabi/4.9.3/armv7-m/crtn.o

Memory Configuration

Name             Origin             Length             Attributes
rom              0x00000000         0x00020000         xr
ram              0x1fffc000         0x00008000         xrw
*default*        0x00000000         0xffffffff

Linker script and memory map

LOAD c:/program files (x86)/cypress/psoc creator/3.3/psoc creator/import/gnu/arm/4.9.3/bin/../lib/gcc/arm-none-eabi/4.9.3/armv7-m/crti.o
LOAD c:/program files (x86)/cypress/psoc creator/3.3/psoc creator/import/gnu/arm/4.9.3/bin/../lib/gcc/arm-none-eabi/4.9.3/armv7-m/crtbegin.o
LOAD c:/program files (x86)/cypress/psoc creator/3.3/psoc creator/import/gnu/arm/4.9.3/bin/../lib/gcc/arm-none-eabi/4.9.3/../../../../arm-none-eabi/lib/armv7-m/crt0.o
START GROUP
LOAD .\ARM_GCC_493\Debug\main.o
LOAD .\ARM_GCC_493\Debug\cymetadata.o
LOAD .\ARM_GCC_493\Debug\Cm3Start.o
LOAD .\ARM_GCC_493\Debug\pisoc_bootloader.a
LOAD C:\Program Files (x86)\Cypress\PSoC Creator\3.3\PSoC Creator\psoc\content\cycomponentlibrary\CyComponentLibrary.cylib\CortexM3\ARM_GCC_493\Debug\CyComponentLibrary.a
END GROUP
START GROUP
LOAD c:/program files (x86)/cypress/psoc creator/3.3/psoc creator/import/gnu/arm/4.9.3/bin/../lib/gcc/arm-none-eabi/4.9.3/armv7-m\libgcc.a
LOAD c:/program files (x86)/cypress/psoc creator/3.3/psoc creator/import/gnu/arm/4.9.3/bin/../lib/gcc/arm-none-eabi/4.9.3/../../../../arm-none-eabi/lib/armv7-m\libg_nano.a
LOAD c:/program files (x86)/cypress/psoc creator/3.3/psoc creator/import/gnu/arm/4.9.3/bin/../lib/gcc/arm-none-eabi/4.9.3/../../../../arm-none-eabi/lib/armv7-m\libc_nano.a
END GROUP
START GROUP
LOAD c:/program files (x86)/cypress/psoc creator/3.3/psoc creator/import/gnu/arm/4.9.3/bin/../lib/gcc/arm-none-eabi/4.9.3/armv7-m\libgcc.a
LOAD c:/program files (x86)/cypress/psoc creator/3.3/psoc creator/import/gnu/arm/4.9.3/bin/../lib/gcc/arm-none-eabi/4.9.3/../../../../arm-none-eabi/lib/armv7-m\libc_nano.a
END GROUP
LOAD c:/program files (x86)/cypress/psoc creator/3.3/psoc creator/import/gnu/arm/4.9.3/bin/../lib/gcc/arm-none-eabi/4.9.3/armv7-m/crtend.o
LOAD c:/program files (x86)/cypress/psoc creator/3.3/psoc creator/import/gnu/arm/4.9.3/bin/../lib/gcc/arm-none-eabi/4.9.3/armv7-m/crtn.o
START GROUP
LOAD c:/program files (x86)/cypress/psoc creator/3.3/psoc creator/import/gnu/arm/4.9.3/bin/../lib/gcc/arm-none-eabi/4.9.3/armv7-m\libgcc.a
LOAD c:/program files (x86)/cypress/psoc creator/3.3/psoc creator/import/gnu/arm/4.9.3/bin/../lib/gcc/arm-none-eabi/4.9.3/../../../../arm-none-eabi/lib/armv7-m\libc.a
LOAD c:/program files (x86)/cypress/psoc creator/3.3/psoc creator/import/gnu/arm/4.9.3/bin/../lib/gcc/arm-none-eabi/4.9.3/../../../../arm-none-eabi/lib/armv7-m\libnosys.a
END GROUP
                0x00000000                CY_APPL_ORIGIN = 0x0
                0x00000100                CY_FLASH_ROW_SIZE = 0x100
                0x00000020                CY_ECC_ROW_SIZE = 0x20
                0x00000000                CY_EE_IN_BTLDR = 0x0
                0x00000000                CY_APPL_LOADABLE = 0x0
                0x00000800                CY_EE_SIZE = 0x800
                0x00000001                CY_APPL_NUM = 0x1
                0x00000001                CY_APPL_MAX = 0x1
                0x00000040                CY_METADATA_SIZE = 0x40
                0x00000000                CY_APPL_LOADABLE = 0x0
                0x00000000                CY_CHECKSUM_EXCLUDE_SIZE = ALIGN (0x0, CY_FLASH_ROW_SIZE)
                0x1fffc298                PROVIDE (__cy_heap_start, _end)
                0x00000001                PROVIDE (__cy_region_num, ((__cy_regions_end - __cy_regions) / 0x10))
                0x20004000                PROVIDE (__cy_stack, (ORIGIN (ram) + 0x8000))
                0x20003800                PROVIDE (__cy_heap_end, (__cy_stack - 0x800))

.cybootloader   0x00000000        0x0
 *(.cybootloader)
                0x00000000                appl1_start = CY_APPL_ORIGIN?CY_APPL_ORIGIN:ALIGN (CY_FLASH_ROW_SIZE)
                0x0000ff00                appl2_start = (appl1_start + ALIGN ((((0x20000 - appl1_start) - (0x2 * CY_FLASH_ROW_SIZE)) / 0x2), CY_FLASH_ROW_SIZE))
                0x00000000                appl_start = (CY_APPL_NUM == 0x1)?appl1_start:appl2_start
                0x00000000                ecc_offset = ((appl_start / CY_FLASH_ROW_SIZE) * CY_ECC_ROW_SIZE)
                0x00000000                ee_offset = (CY_APPL_LOADABLE && ! (CY_EE_IN_BTLDR))?((CY_EE_SIZE / CY_APPL_MAX) * (CY_APPL_NUM - 0x1)):0x0
                0x00000800                ee_size = (CY_APPL_LOADABLE && ! (CY_EE_IN_BTLDR))?(CY_EE_SIZE / CY_APPL_MAX):CY_EE_SIZE
                0x00000000                PROVIDE (CY_ECC_OFFSET, ecc_offset)

.text           0x00000000     0x284c
 CREATE_OBJECT_SYMBOLS
                0x00000000                PROVIDE (__cy_interrupt_vector, RomVectors)
 *(.romvectors)
 .romvectors    0x00000000       0x10 .\ARM_GCC_493\Debug\Cm3Start.o
                0x00000000                RomVectors
                0x00000001                ASSERT ((. != __cy_interrupt_vector), No interrupt vector)
                0x00000001                ASSERT (CY_APPL_ORIGIN?(SIZEOF (.cybootloader) <= CY_APPL_ORIGIN):0x1, Wrong image location)
                0x00000010                PROVIDE (__cy_reset, Reset)
 *(.text.Reset)
 .text.Reset    0x00000010       0x1c .\ARM_GCC_493\Debug\Cm3Start.o
                0x00000010                Reset
                0x00000001                ASSERT ((. != __cy_reset), No reset code)
 *(.dma_init)
                0x00000001                ASSERT ((((appl_start + .) <= 0x10000) || 0x1), DMA Init must be within the first 64k of flash)
 *(.text .text.* .gnu.linkonce.t.*)
 .text          0x0000002c       0x5c c:/program files (x86)/cypress/psoc creator/3.3/psoc creator/import/gnu/arm/4.9.3/bin/../lib/gcc/arm-none-eabi/4.9.3/armv7-m/crtbegin.o
 .text.main     0x00000088       0x24 .\ARM_GCC_493\Debug\main.o
                0x00000088                main
 .text.IntDefaultHandler
                0x000000ac        0x4 .\ARM_GCC_493\Debug\Cm3Start.o
                0x000000ac                IntDefaultHandler
 .text.Start_c  0x000000b0       0x4c .\ARM_GCC_493\Debug\Cm3Start.o
                0x000000b0                Start_c
 .text.initialize_psoc
                0x000000fc       0x74 .\ARM_GCC_493\Debug\Cm3Start.o
                0x000000fc                initialize_psoc
 .text.CyClockStartupError
                0x00000170        0x4 .\ARM_GCC_493\Debug\pisoc_bootloader.a(cyfitter_cfg.o)
 .text.cfg_write_bytes32
                0x00000174       0x34 .\ARM_GCC_493\Debug\pisoc_bootloader.a(cyfitter_cfg.o)
 .text.AnalogSetDefault
                0x000001a8       0x28 .\ARM_GCC_493\Debug\pisoc_bootloader.a(cyfitter_cfg.o)
 .text.CYMEMZERO
                0x000001d0        0xc .\ARM_GCC_493\Debug\pisoc_bootloader.a(cyfitter_cfg.o)
 .text.CYCONFIGCPYCODE
                0x000001dc        0x8 .\ARM_GCC_493\Debug\pisoc_bootloader.a(cyfitter_cfg.o)
 .text.CYCONFIGCPY
                0x000001e4        0x8 .\ARM_GCC_493\Debug\pisoc_bootloader.a(cyfitter_cfg.o)
 .text.ClockSetup
                0x000001ec       0xa0 .\ARM_GCC_493\Debug\pisoc_bootloader.a(cyfitter_cfg.o)
 .text.cyfitter_cfg
                0x0000028c       0xc0 .\ARM_GCC_493\Debug\pisoc_bootloader.a(cyfitter_cfg.o)
                0x0000028c                cyfitter_cfg
 .text.Bootloader_CalcPacketChecksum
                0x0000034c       0x54 .\ARM_GCC_493\Debug\pisoc_bootloader.a(Bootloader.o)
 .text.Bootloader_VerifyRow
                0x000003a0       0x24 .\ARM_GCC_493\Debug\pisoc_bootloader.a(Bootloader.o)
 .text.Bootloader_LaunchBootloadable
                0x000003c4        0x4 .\ARM_GCC_493\Debug\pisoc_bootloader.a(Bootloader.o)
 .text.Bootloader_LaunchApplication
                0x000003c8       0x14 .\ARM_GCC_493\Debug\pisoc_bootloader.a(Bootloader.o)
 .text.Bootloader_WritePacket
                0x000003dc       0x54 .\ARM_GCC_493\Debug\pisoc_bootloader.a(Bootloader.o)
 .text.Bootloader_Calc8BitSum
                0x00000430       0x30 .\ARM_GCC_493\Debug\pisoc_bootloader.a(Bootloader.o)
                0x00000430                Bootloader_Calc8BitSum
 .text.Bootloader_GetMetadata
                0x00000460      0x114 .\ARM_GCC_493\Debug\pisoc_bootloader.a(Bootloader.o)
                0x00000460                Bootloader_GetMetadata
 .text.CyBtldr_CheckLaunch
                0x00000574       0x30 .\ARM_GCC_493\Debug\pisoc_bootloader.a(Bootloader.o)
                0x00000574                CyBtldr_CheckLaunch
 .text.Bootloader_ValidateBootloadable
                0x000005a4       0x94 .\ARM_GCC_493\Debug\pisoc_bootloader.a(Bootloader.o)
                0x000005a4                Bootloader_ValidateBootloadable
 .text.Bootloader_HostLink
                0x00000638      0x594 .\ARM_GCC_493\Debug\pisoc_bootloader.a(Bootloader.o)
 .text.Bootloader_Start
                0x00000bcc       0x68 .\ARM_GCC_493\Debug\pisoc_bootloader.a(Bootloader.o)
                0x00000bcc                Bootloader_Start
 .text.USB_Bootloader_CyBtldrCommStart
                0x00000c34       0x18 .\ARM_GCC_493\Debug\pisoc_bootloader.a(USB_Bootloader_boot.o)
                0x00000c34                USB_Bootloader_CyBtldrCommStart
 .text.USB_Bootloader_CyBtldrCommReset
                0x00000c4c        0xc .\ARM_GCC_493\Debug\pisoc_bootloader.a(USB_Bootloader_boot.o)
                0x00000c4c                USB_Bootloader_CyBtldrCommReset
 .text.USB_Bootloader_CyBtldrCommWrite
                0x00000c58       0x44 .\ARM_GCC_493\Debug\pisoc_bootloader.a(USB_Bootloader_boot.o)
                0x00000c58                USB_Bootloader_CyBtldrCommWrite
 .text.USB_Bootloader_CyBtldrCommRead
                0x00000c9c       0xa0 .\ARM_GCC_493\Debug\pisoc_bootloader.a(USB_Bootloader_boot.o)
                0x00000c9c                USB_Bootloader_CyBtldrCommRead
 .text.BOOT_MODE_Read
                0x00000d3c       0x10 .\ARM_GCC_493\Debug\pisoc_bootloader.a(BOOT_MODE.o)
                0x00000d3c                BOOT_MODE_Read
 *fill*         0x00000d4c        0x4 
 .text          0x00000d50       0x20 .\ARM_GCC_493\Debug\pisoc_bootloader.a(CyBootAsmGnu.o)
                0x00000d50                CyDelayCycles
                0x00000d60                CyEnterCriticalSection
                0x00000d68                CyExitCriticalSection
 .text.CyFlashGetSpcAlgorithm
                0x00000d70       0x4c .\ARM_GCC_493\Debug\pisoc_bootloader.a(CyFlash.o)
 .text.CySetTempInt
                0x00000dbc       0x60 .\ARM_GCC_493\Debug\pisoc_bootloader.a(CyFlash.o)
 .text.CySetTemp
                0x00000e1c       0x14 .\ARM_GCC_493\Debug\pisoc_bootloader.a(CyFlash.o)
                0x00000e1c                CySetTemp
 .text.CyWriteRowFull
                0x00000e30       0xf8 .\ARM_GCC_493\Debug\pisoc_bootloader.a(CyFlash.o)
                0x00000e30                CyWriteRowFull
 .text.CyEEPROM_Start
                0x00000f28       0x54 .\ARM_GCC_493\Debug\pisoc_bootloader.a(CyFlash.o)
                0x00000f28                CyEEPROM_Start
 .text.CyHalt   0x00000f7c        0x4 .\ARM_GCC_493\Debug\pisoc_bootloader.a(CyLib.o)
                0x00000f7c                CyHalt
 .text.CySoftwareReset
                0x00000f80       0x10 .\ARM_GCC_493\Debug\pisoc_bootloader.a(CyLib.o)
                0x00000f80                CySoftwareReset
 .text.CyDelay  0x00000f90       0x2c .\ARM_GCC_493\Debug\pisoc_bootloader.a(CyLib.o)
                0x00000f90                CyDelay
 .text.CyDelayUs
                0x00000fbc       0x14 .\ARM_GCC_493\Debug\pisoc_bootloader.a(CyLib.o)
                0x00000fbc                CyDelayUs
 .text.CyFlushCache
                0x00000fd0       0x44 .\ARM_GCC_493\Debug\pisoc_bootloader.a(CyLib.o)
                0x00000fd0                CyFlushCache
 .text.CyIntSetVector
                0x00001014       0x28 .\ARM_GCC_493\Debug\pisoc_bootloader.a(CyLib.o)
                0x00001014                CyIntSetVector
 .text.CyIntSetPriority
                0x0000103c       0x30 .\ARM_GCC_493\Debug\pisoc_bootloader.a(CyLib.o)
                0x0000103c                CyIntSetPriority
 .text.CySpcStart
                0x0000106c       0x24 .\ARM_GCC_493\Debug\pisoc_bootloader.a(CySpc.o)
                0x0000106c                CySpcStart
 .text.CySpcReadData
                0x00001090       0x34 .\ARM_GCC_493\Debug\pisoc_bootloader.a(CySpc.o)
                0x00001090                CySpcReadData
 .text.CySpcLoadRowFull
                0x000010c4       0x80 .\ARM_GCC_493\Debug\pisoc_bootloader.a(CySpc.o)
                0x000010c4                CySpcLoadRowFull
 .text.CySpcWriteRow
                0x00001144       0x4c .\ARM_GCC_493\Debug\pisoc_bootloader.a(CySpc.o)
                0x00001144                CySpcWriteRow
 .text.CySpcGetTemp
                0x00001190       0x3c .\ARM_GCC_493\Debug\pisoc_bootloader.a(CySpc.o)
                0x00001190                CySpcGetTemp
 .text.CySpcLock
                0x000011cc       0x4c .\ARM_GCC_493\Debug\pisoc_bootloader.a(CySpc.o)
                0x000011cc                CySpcLock
 .text.CySpcUnlock
                0x00001218       0x38 .\ARM_GCC_493\Debug\pisoc_bootloader.a(CySpc.o)
                0x00001218                CySpcUnlock
 .text.CySpcGetAlgorithm
                0x00001250       0x28 .\ARM_GCC_493\Debug\pisoc_bootloader.a(CySpc.o)
                0x00001250                CySpcGetAlgorithm
 .text.USB_Bootloader_Init
                0x00001278      0x118 .\ARM_GCC_493\Debug\pisoc_bootloader.a(USB_Bootloader.o)
                0x00001278                USB_Bootloader_Init
 .text.USB_Bootloader_InitComponent
                0x00001390       0xbc .\ARM_GCC_493\Debug\pisoc_bootloader.a(USB_Bootloader.o)
                0x00001390                USB_Bootloader_InitComponent
 .text.USB_Bootloader_Start
                0x0000144c       0x24 .\ARM_GCC_493\Debug\pisoc_bootloader.a(USB_Bootloader.o)
                0x0000144c                USB_Bootloader_Start
 .text.USB_Bootloader_ReInitComponent
                0x00001470       0x64 .\ARM_GCC_493\Debug\pisoc_bootloader.a(USB_Bootloader.o)
                0x00001470                USB_Bootloader_ReInitComponent
 .text.USB_Bootloader_GetConfiguration
                0x000014d4        0xc .\ARM_GCC_493\Debug\pisoc_bootloader.a(USB_Bootloader.o)
                0x000014d4                USB_Bootloader_GetConfiguration
 .text.USB_Bootloader_IsConfigurationChanged
                0x000014e0       0x20 .\ARM_GCC_493\Debug\pisoc_bootloader.a(USB_Bootloader.o)
                0x000014e0                USB_Bootloader_IsConfigurationChanged
 .text.USB_Bootloader_GetEPState
                0x00001500       0x14 .\ARM_GCC_493\Debug\pisoc_bootloader.a(USB_Bootloader.o)
                0x00001500                USB_Bootloader_GetEPState
 .text.USB_Bootloader_GetEPCount
                0x00001514       0x2c .\ARM_GCC_493\Debug\pisoc_bootloader.a(USB_Bootloader.o)
                0x00001514                USB_Bootloader_GetEPCount
 .text.USB_Bootloader_LoadInEP
                0x00001540       0x90 .\ARM_GCC_493\Debug\pisoc_bootloader.a(USB_Bootloader.o)
                0x00001540                USB_Bootloader_LoadInEP
 .text.USB_Bootloader_EnableOutEP
                0x000015d0       0x30 .\ARM_GCC_493\Debug\pisoc_bootloader.a(USB_Bootloader.o)
                0x000015d0                USB_Bootloader_EnableOutEP
 .text.USB_Bootloader_ReadOutEP
                0x00001600       0x50 .\ARM_GCC_493\Debug\pisoc_bootloader.a(USB_Bootloader.o)
                0x00001600                USB_Bootloader_ReadOutEP
 .text.USB_Bootloader_LoadEP0
                0x00001650       0x98 .\ARM_GCC_493\Debug\pisoc_bootloader.a(USB_Bootloader_drv.o)
                0x00001650                USB_Bootloader_LoadEP0
 .text.USB_Bootloader_InitZeroLengthControlTransfer
                0x000016e8       0x34 .\ARM_GCC_493\Debug\pisoc_bootloader.a(USB_Bootloader_drv.o)
                0x000016e8                USB_Bootloader_InitZeroLengthControlTransfer
 .text.USB_Bootloader_ControlReadDataStage
                0x0000171c        0x8 .\ARM_GCC_493\Debug\pisoc_bootloader.a(USB_Bootloader_drv.o)
                0x0000171c                USB_Bootloader_ControlReadDataStage
 .text.USB_Bootloader_ControlWriteDataStage
                0x00001724       0x84 .\ARM_GCC_493\Debug\pisoc_bootloader.a(USB_Bootloader_drv.o)
                0x00001724                USB_Bootloader_ControlWriteDataStage
 .text.USB_Bootloader_InitNoDataControlTransfer
                0x000017a8       0x2c .\ARM_GCC_493\Debug\pisoc_bootloader.a(USB_Bootloader_drv.o)
                0x000017a8                USB_Bootloader_InitNoDataControlTransfer
 .text.USB_Bootloader_UpdateStatusBlock
                0x000017d4       0x24 .\ARM_GCC_493\Debug\pisoc_bootloader.a(USB_Bootloader_drv.o)
                0x000017d4                USB_Bootloader_UpdateStatusBlock
 .text.USB_Bootloader_HandleSetup
                0x000017f8       0x5c .\ARM_GCC_493\Debug\pisoc_bootloader.a(USB_Bootloader_drv.o)
                0x000017f8                USB_Bootloader_HandleSetup
 .text.USB_Bootloader_ControlReadStatusStage
                0x00001854       0x34 .\ARM_GCC_493\Debug\pisoc_bootloader.a(USB_Bootloader_drv.o)
                0x00001854                USB_Bootloader_ControlReadStatusStage
 .text.USB_Bootloader_HandleOUT
                0x00001888       0x38 .\ARM_GCC_493\Debug\pisoc_bootloader.a(USB_Bootloader_drv.o)
                0x00001888                USB_Bootloader_HandleOUT
 .text.USB_Bootloader_ControlWriteStatusStage
                0x000018c0       0x20 .\ARM_GCC_493\Debug\pisoc_bootloader.a(USB_Bootloader_drv.o)
                0x000018c0                USB_Bootloader_ControlWriteStatusStage
 .text.USB_Bootloader_NoDataControlStatusStage
                0x000018e0       0x40 .\ARM_GCC_493\Debug\pisoc_bootloader.a(USB_Bootloader_drv.o)
                0x000018e0                USB_Bootloader_NoDataControlStatusStage
 .text.USB_Bootloader_HandleIN
                0x00001920       0x2c .\ARM_GCC_493\Debug\pisoc_bootloader.a(USB_Bootloader_drv.o)
                0x00001920                USB_Bootloader_HandleIN
 .text.USB_Bootloader_EP_0_ISR
                0x0000194c       0xb8 .\ARM_GCC_493\Debug\pisoc_bootloader.a(USB_Bootloader_drv.o)
                0x0000194c                USB_Bootloader_EP_0_ISR
 .text.USB_Bootloader_InitializeStatusBlock
                0x00001a04       0x24 .\ARM_GCC_493\Debug\pisoc_bootloader.a(USB_Bootloader_drv.o)
                0x00001a04                USB_Bootloader_InitializeStatusBlock
 .text.USB_Bootloader_InitControlRead
                0x00001a28       0x54 .\ARM_GCC_493\Debug\pisoc_bootloader.a(USB_Bootloader_drv.o)
                0x00001a28                USB_Bootloader_InitControlRead
 .text.USB_Bootloader_InitControlWrite
                0x00001a7c       0x4c .\ARM_GCC_493\Debug\pisoc_bootloader.a(USB_Bootloader_drv.o)
                0x00001a7c                USB_Bootloader_InitControlWrite
 .text.USB_Bootloader_EP_1_ISR
                0x00001ac8       0x38 .\ARM_GCC_493\Debug\pisoc_bootloader.a(USB_Bootloader_episr.o)
                0x00001ac8                USB_Bootloader_EP_1_ISR
 .text.USB_Bootloader_EP_2_ISR
                0x00001b00       0x38 .\ARM_GCC_493\Debug\pisoc_bootloader.a(USB_Bootloader_episr.o)
                0x00001b00                USB_Bootloader_EP_2_ISR
 .text.USB_Bootloader_SOF_ISR
                0x00001b38        0x4 .\ARM_GCC_493\Debug\pisoc_bootloader.a(USB_Bootloader_episr.o)
                0x00001b38                USB_Bootloader_SOF_ISR
 .text.USB_Bootloader_BUS_RESET_ISR
                0x00001b3c        0x8 .\ARM_GCC_493\Debug\pisoc_bootloader.a(USB_Bootloader_episr.o)
                0x00001b3c                USB_Bootloader_BUS_RESET_ISR
 .text.USB_Bootloader_FindHidClassDecriptor
                0x00001b44       0x40 .\ARM_GCC_493\Debug\pisoc_bootloader.a(USB_Bootloader_hid.o)
                0x00001b44                USB_Bootloader_FindHidClassDecriptor
 .text.USB_Bootloader_FindReportDescriptor
                0x00001b84       0x48 .\ARM_GCC_493\Debug\pisoc_bootloader.a(USB_Bootloader_hid.o)
                0x00001b84                USB_Bootloader_FindReportDescriptor
 .text.USB_Bootloader_FindReport
                0x00001bcc       0x84 .\ARM_GCC_493\Debug\pisoc_bootloader.a(USB_Bootloader_hid.o)
                0x00001bcc                USB_Bootloader_FindReport
 .text.USB_Bootloader_DispatchHIDClassRqst
                0x00001c50      0x1a4 .\ARM_GCC_493\Debug\pisoc_bootloader.a(USB_Bootloader_hid.o)
                0x00001c50                USB_Bootloader_DispatchHIDClassRqst
 .text.USB_Bootloader_ConfigReg
                0x00001df4       0xd4 .\ARM_GCC_493\Debug\pisoc_bootloader.a(USB_Bootloader_std.o)
                0x00001df4                USB_Bootloader_ConfigReg
 .text.USB_Bootloader_GetConfigTablePtr
                0x00001ec8       0x28 .\ARM_GCC_493\Debug\pisoc_bootloader.a(USB_Bootloader_std.o)
                0x00001ec8                USB_Bootloader_GetConfigTablePtr
 .text.USB_Bootloader_ConfigAltChanged
                0x00001ef0      0x158 .\ARM_GCC_493\Debug\pisoc_bootloader.a(USB_Bootloader_std.o)
                0x00001ef0                USB_Bootloader_ConfigAltChanged
 .text.USB_Bootloader_GetDeviceTablePtr
                0x00002048       0x18 .\ARM_GCC_493\Debug\pisoc_bootloader.a(USB_Bootloader_std.o)
                0x00002048                USB_Bootloader_GetDeviceTablePtr
 .text.USB_Bootloader_GetInterfaceClassTablePtr
                0x00002060       0x24 .\ARM_GCC_493\Debug\pisoc_bootloader.a(USB_Bootloader_std.o)
                0x00002060                USB_Bootloader_GetInterfaceClassTablePtr
 .text.USB_Bootloader_Config
                0x00002084      0x1d0 .\ARM_GCC_493\Debug\pisoc_bootloader.a(USB_Bootloader_std.o)
                0x00002084                USB_Bootloader_Config
 .text.USB_Bootloader_SetEndpointHalt
                0x00002254       0x60 .\ARM_GCC_493\Debug\pisoc_bootloader.a(USB_Bootloader_std.o)
                0x00002254                USB_Bootloader_SetEndpointHalt
 .text.USB_Bootloader_ClearEndpointHalt
                0x000022b4       0xa4 .\ARM_GCC_493\Debug\pisoc_bootloader.a(USB_Bootloader_std.o)
                0x000022b4                USB_Bootloader_ClearEndpointHalt
 .text.USB_Bootloader_ValidateAlternateSetting
                0x00002358       0x50 .\ARM_GCC_493\Debug\pisoc_bootloader.a(USB_Bootloader_std.o)
                0x00002358                USB_Bootloader_ValidateAlternateSetting
 .text.USB_Bootloader_HandleStandardRqst
                0x000023a8      0x38c .\ARM_GCC_493\Debug\pisoc_bootloader.a(USB_Bootloader_std.o)
                0x000023a8                USB_Bootloader_HandleStandardRqst
 .text.USB_Bootloader_HandleVendorRqst
                0x00002734       0x40 .\ARM_GCC_493\Debug\pisoc_bootloader.a(USB_Bootloader_vnd.o)
                0x00002734                USB_Bootloader_HandleVendorRqst
 .text.USB_Bootloader_DispatchClassRqst
                0x00002774       0x5c .\ARM_GCC_493\Debug\pisoc_bootloader.a(USB_Bootloader_cls.o)
                0x00002774                USB_Bootloader_DispatchClassRqst
 .text.__libc_init_array
                0x000027d0       0x4c c:/program files (x86)/cypress/psoc creator/3.3/psoc creator/import/gnu/arm/4.9.3/bin/../lib/gcc/arm-none-eabi/4.9.3/../../../../arm-none-eabi/lib/armv7-m\libg_nano.a(lib_a-init.o)
                0x000027d0                __libc_init_array
 .text.memcpy   0x0000281c       0x16 c:/program files (x86)/cypress/psoc creator/3.3/psoc creator/import/gnu/arm/4.9.3/bin/../lib/gcc/arm-none-eabi/4.9.3/../../../../arm-none-eabi/lib/armv7-m\libg_nano.a(lib_a-memcpy.o)
                0x0000281c                memcpy
 .text.memset   0x00002832       0x10 c:/program files (x86)/cypress/psoc creator/3.3/psoc creator/import/gnu/arm/4.9.3/bin/../lib/gcc/arm-none-eabi/4.9.3/../../../../arm-none-eabi/lib/armv7-m\libg_nano.a(lib_a-memset.o)
                0x00002832                memset
 *(.plt)
 *(.gnu.warning)
 *(.glue_7t)
 .glue_7t       0x00000000        0x0 linker stubs
 *(.glue_7)
 .glue_7        0x00000000        0x0 linker stubs
 *(.vfp11_veneer)
 .vfp11_veneer  0x00000000        0x0 linker stubs
 *(.bootloader)
 *fill*         0x00002842        0x2 
 .bootloader    0x00002844        0x8 .\ARM_GCC_493\Debug\pisoc_bootloader.a(Bootloader.o)
                0x00002844                Bootloader_SizeBytes
                0x00002848                Bootloader_Checksum
 *(.ARM.extab* .gnu.linkonce.armextab.*)
 *(.gcc_except_table)

.v4_bx          0x0000284c        0x0
 .v4_bx         0x00000000        0x0 linker stubs

.iplt           0x0000284c        0x0
 .iplt          0x00000000        0x0 c:/program files (x86)/cypress/psoc creator/3.3/psoc creator/import/gnu/arm/4.9.3/bin/../lib/gcc/arm-none-eabi/4.9.3/armv7-m/crtbegin.o

.eh_frame_hdr
 *(.eh_frame_hdr)

.eh_frame       0x0000284c        0x4
 *(.eh_frame)
 .eh_frame      0x0000284c        0x0 c:/program files (x86)/cypress/psoc creator/3.3/psoc creator/import/gnu/arm/4.9.3/bin/../lib/gcc/arm-none-eabi/4.9.3/armv7-m/crtbegin.o
 .eh_frame      0x0000284c        0x4 c:/program files (x86)/cypress/psoc creator/3.3/psoc creator/import/gnu/arm/4.9.3/bin/../lib/gcc/arm-none-eabi/4.9.3/armv7-m/crtend.o
                0x00002850                PROVIDE (__exidx_start, .)

.ARM.exidx
 *(.ARM.exidx* .gnu.linkonce.armexidx.*)
                0x00002850                __exidx_end = .

.rodata         0x00002850      0x2e8
 *(.rodata .rodata.* .gnu.linkonce.r.*)
 .rodata        0x00002850       0xbc .\ARM_GCC_493\Debug\pisoc_bootloader.a(cyfitter_cfg.o)
 .rodata        0x0000290c       0x10 .\ARM_GCC_493\Debug\pisoc_bootloader.a(Bootloader.o)
 .rodata        0x0000291c      0x1e4 .\ARM_GCC_493\Debug\pisoc_bootloader.a(USB_Bootloader_descr.o)
                0x0000291c                USB_Bootloader_MSOS_CONFIGURATION_DESCR
                0x00002944                USB_Bootloader_MSOS_DESCRIPTOR
                0x00002958                USB_Bootloader_TABLE
                0x00002960                USB_Bootloader_DEVICE0_TABLE
                0x00002970                USB_Bootloader_DEVICE0_CONFIGURATION0_TABLE
                0x00002990                USB_Bootloader_DEVICE0_CONFIGURATION0_INTERFACE_CLASS
                0x00002994                USB_Bootloader_DEVICE0_CONFIGURATION0_EP_SETTINGS_TABLE
                0x000029a4                USB_Bootloader_DEVICE0_CONFIGURATION0_INTERFACE0_TABLE
                0x000029ac                USB_Bootloader_DEVICE0_CONFIGURATION0_INTERFACE0_ALTERNATE0_HID_TABLE
                0x000029d4                USB_Bootloader_DEVICE0_CONFIGURATION0_INTERFACE0_ALTERNATE0_HID_OUT_RPT_TABLE
                0x000029e0                USB_Bootloader_DEVICE0_CONFIGURATION0_INTERFACE0_ALTERNATE0_HID_IN_RPT_TABLE
                0x000029ec                USB_Bootloader_HIDREPORT_DESCRIPTOR1
                0x00002a14                USB_Bootloader_SN_STRING_DESCRIPTOR
                0x00002a20                USB_Bootloader_STRING_DESCRIPTORS
                0x00002ac0                USB_Bootloader_DEVICE0_CONFIGURATION0_DESCR
                0x00002aec                USB_Bootloader_DEVICE0_DESCR
                0x00002b00                . = ALIGN (0x4)
 *(.init)
 .init          0x00002b00        0x4 c:/program files (x86)/cypress/psoc creator/3.3/psoc creator/import/gnu/arm/4.9.3/bin/../lib/gcc/arm-none-eabi/4.9.3/armv7-m/crti.o
                0x00002b00                _init
 .init          0x00002b04        0x8 c:/program files (x86)/cypress/psoc creator/3.3/psoc creator/import/gnu/arm/4.9.3/bin/../lib/gcc/arm-none-eabi/4.9.3/armv7-m/crtn.o
                0x00002b0c                . = ALIGN (0x4)
                0x00002b0c                __preinit_array_start = .
 *(.preinit_array)
                0x00002b0c                __preinit_array_end = .
                0x00002b0c                . = ALIGN (0x4)
                0x00002b0c                __init_array_start = .
 *(SORT(.init_array.*))
 *(.init_array)
 .init_array    0x00002b0c        0x4 c:/program files (x86)/cypress/psoc creator/3.3/psoc creator/import/gnu/arm/4.9.3/bin/../lib/gcc/arm-none-eabi/4.9.3/armv7-m/crtbegin.o
 .init_array    0x00002b10        0x4 .\ARM_GCC_493\Debug\Cm3Start.o
                0x00002b14                __init_array_end = .
                0x00002b14                . = ALIGN (0x4)
 *(.fini)
 .fini          0x00002b14        0x4 c:/program files (x86)/cypress/psoc creator/3.3/psoc creator/import/gnu/arm/4.9.3/bin/../lib/gcc/arm-none-eabi/4.9.3/armv7-m/crti.o
                0x00002b14                _fini
 .fini          0x00002b18        0x8 c:/program files (x86)/cypress/psoc creator/3.3/psoc creator/import/gnu/arm/4.9.3/bin/../lib/gcc/arm-none-eabi/4.9.3/armv7-m/crtn.o
                0x00002b20                . = ALIGN (0x4)
                0x00002b20                __fini_array_start = .
 *(.fini_array)
 .fini_array    0x00002b20        0x4 c:/program files (x86)/cypress/psoc creator/3.3/psoc creator/import/gnu/arm/4.9.3/bin/../lib/gcc/arm-none-eabi/4.9.3/armv7-m/crtbegin.o
 *(SORT(.fini_array.*))
                0x00002b24                __fini_array_end = .
                0x00002b24                . = ALIGN (0x4)
 *crtbegin.o(.ctors)
 *(EXCLUDE_FILE(*crtend.o) .ctors)
 *(SORT(.ctors.*))
 *crtend.o(.ctors)
                0x00002b24                . = ALIGN (0x4)
 *crtbegin.o(.dtors)
 *(EXCLUDE_FILE(*crtend.o) .dtors)
 *(SORT(.dtors.*))
 *crtend.o(.dtors)
                0x00002b24                . = ALIGN (0x4)
                0x00002b24                __cy_regions = .
                0x00002b24        0x4 LONG 0x2b38 __cy_region_init_ram
                0x00002b28        0x4 LONG 0x1fffc108 __cy_region_start_data
                0x00002b2c        0x4 LONG 0x20 __cy_region_init_size_ram
                0x00002b30        0x4 LONG 0x170 __cy_region_zero_size_ram
                0x00002b34                __cy_regions_end = .
                0x00002b38                . = ALIGN (0x8)
 *fill*         0x00002b34        0x4 
                0x00002b38                _etext = .

.cy_checksum_exclude
                0x00002b38        0x0
 *(.cy_checksum_exclude)

.ramvectors     0x1fffc000      0x100
                0x1fffc000                __cy_region_start_ram = .
 *(.ramvectors)
 .ramvectors    0x1fffc000      0x100 .\ARM_GCC_493\Debug\Cm3Start.o
                0x1fffc000                CyRamVectors

.noinit         0x1fffc100        0x5
 *(.noinit)
 .noinit        0x1fffc100        0x4 .\ARM_GCC_493\Debug\Cm3Start.o
 .noinit        0x1fffc104        0x1 .\ARM_GCC_493\Debug\pisoc_bootloader.a(CyLib.o)
                0x1fffc104                CyResetStatus

.data           0x1fffc108       0x20 load address 0x00002b38
                0x1fffc108                __cy_region_start_data = .
 *(.jcr)
 .jcr           0x1fffc108        0x0 c:/program files (x86)/cypress/psoc creator/3.3/psoc creator/import/gnu/arm/4.9.3/bin/../lib/gcc/arm-none-eabi/4.9.3/armv7-m/crtbegin.o
 .jcr           0x1fffc108        0x4 c:/program files (x86)/cypress/psoc creator/3.3/psoc creator/import/gnu/arm/4.9.3/bin/../lib/gcc/arm-none-eabi/4.9.3/armv7-m/crtend.o
 *(.got.plt)
 *(.got)
 *(.shdata)
 *(.data .data.* .gnu.linkonce.d.*)
 .data          0x1fffc10c        0x8 .\ARM_GCC_493\Debug\pisoc_bootloader.a(Bootloader.o)
                0x1fffc10c                Bootloader_SizeBytesAccess
                0x1fffc110                Bootloader_ChecksumAccess
 .data          0x1fffc114       0x10 .\ARM_GCC_493\Debug\pisoc_bootloader.a(CyLib.o)
                0x1fffc114                cydelay_32k_ms
                0x1fffc118                cydelay_freq_khz
                0x1fffc11c                cydelay_freq_mhz
                0x1fffc120                cydelay_freq_hz
                0x1fffc128                . = ALIGN (0x8)
 *fill*         0x1fffc124        0x4 
 *(.ram)
                0x1fffc128                _edata = .

.igot.plt       0x1fffc128        0x0 load address 0x00002b58
 .igot.plt      0x00000000        0x0 c:/program files (x86)/cypress/psoc creator/3.3/psoc creator/import/gnu/arm/4.9.3/bin/../lib/gcc/arm-none-eabi/4.9.3/armv7-m/crtbegin.o

.bss            0x1fffc128      0x170 load address 0x00002b58
                0x1fffc128                PROVIDE (__bss_start__, .)
 *(.shbss)
 *(.bss .bss.* .gnu.linkonce.b.*)
 .bss           0x1fffc128       0x1c c:/program files (x86)/cypress/psoc creator/3.3/psoc creator/import/gnu/arm/4.9.3/bin/../lib/gcc/arm-none-eabi/4.9.3/armv7-m/crtbegin.o
 .bss           0x1fffc144        0x4 .\ARM_GCC_493\Debug\pisoc_bootloader.a(Bootloader.o)
 .bss           0x1fffc148        0x1 .\ARM_GCC_493\Debug\pisoc_bootloader.a(USB_Bootloader_boot.o)
 *fill*         0x1fffc149        0x3 
 .bss           0x1fffc14c        0x8 .\ARM_GCC_493\Debug\pisoc_bootloader.a(CySpc.o)
                0x1fffc14c                SpcLockState
 .bss           0x1fffc154        0x1 .\ARM_GCC_493\Debug\pisoc_bootloader.a(USB_Bootloader.o)
                0x1fffc154                USB_Bootloader_initVar
 *fill*         0x1fffc155        0x3 
 .bss           0x1fffc158        0x4 .\ARM_GCC_493\Debug\pisoc_bootloader.a(USB_Bootloader_std.o)
 *(COMMON)
 COMMON         0x1fffc15c        0x2 .\ARM_GCC_493\Debug\pisoc_bootloader.a(CyFlash.o)
                0x1fffc15c                dieTemperature
 *fill*         0x1fffc15e        0x2 
 COMMON         0x1fffc160       0x99 .\ARM_GCC_493\Debug\pisoc_bootloader.a(USB_Bootloader_drv.o)
                0x1fffc160                USB_Bootloader_configuration
                0x1fffc161                USB_Bootloader_deviceStatus
                0x1fffc162                USB_Bootloader_configurationChanged
                0x1fffc163                USB_Bootloader_transferState
                0x1fffc164                USB_Bootloader_interfaceSetting_last
                0x1fffc165                USB_Bootloader_ep0Toggle
                0x1fffc168                USB_Bootloader_EP
                0x1fffc1d4                USB_Bootloader_lastPacketSize
                0x1fffc1d8                USB_Bootloader_interfaceSetting
                0x1fffc1d9                USB_Bootloader_device
                0x1fffc1da                USB_Bootloader_transferByteCount
                0x1fffc1dc                USB_Bootloader_ep0Count
                0x1fffc1e0                USB_Bootloader_currentTD
                0x1fffc1ec                USB_Bootloader_deviceAddress
                0x1fffc1f0                USB_Bootloader_interfaceStatus
                0x1fffc1f1                USB_Bootloader_interfaceNumber
                0x1fffc1f4                USB_Bootloader_interfaceClass
                0x1fffc1f8                USB_Bootloader_ep0Mode
 *fill*         0x1fffc1f9        0x3 
 COMMON         0x1fffc1fc        0x9 .\ARM_GCC_493\Debug\pisoc_bootloader.a(USB_Bootloader_hid.o)
                0x1fffc1fc                USB_Bootloader_hidProtocol
                0x1fffc200                USB_Bootloader_hidIdleTimer
                0x1fffc204                USB_Bootloader_hidIdleRate
 *fill*         0x1fffc205        0x3 
 COMMON         0x1fffc208       0x8d .\ARM_GCC_493\Debug\pisoc_bootloader.a(USB_Bootloader_descr.o)
                0x1fffc208                USB_Bootloader_DEVICE0_CONFIGURATION0_INTERFACE0_ALTERNATE0_HID_IN_RPT_SCB
                0x1fffc20c                USB_Bootloader_DEVICE0_CONFIGURATION0_INTERFACE0_ALTERNATE0_HID_OUT_RPT_SCB
                0x1fffc210                USB_Bootloader_DEVICE0_CONFIGURATION0_INTERFACE0_ALTERNATE0_HID_OUT_BUF
                0x1fffc254                USB_Bootloader_DEVICE0_CONFIGURATION0_INTERFACE0_ALTERNATE0_HID_IN_BUF
                0x1fffc298                . = ALIGN (0x8)
 *fill*         0x1fffc295        0x3 
 *(.ram.b)
                0x1fffc298                _end = .
                0x1fffc298                __end = .
                0x1fffc298                PROVIDE (end, .)
                0x1fffc298                PROVIDE (__bss_end__, .)
                0x00002b38                __cy_region_init_ram = LOADADDR (.data)
                0x00000020                __cy_region_init_size_ram = (_edata - ADDR (.data))
                0x00000170                __cy_region_zero_size_ram = (_end - _edata)

.heap           0x1fffc298       0x80 load address 0x00002b58
                0x1fffc298                . = _end
                0x1fffc318                . = (. + 0x80)
 *fill*         0x1fffc298       0x80 
                0x1fffc318                __cy_heap_limit = .

.stack          0x20003800      0x800
                0x20003800                __cy_stack_limit = .
                0x20004000                . = (. + 0x800)
 *fill*         0x20003800      0x800 
                0x00000001                ASSERT ((__cy_stack_limit >= __cy_heap_limit), region RAM overflowed with stack)
                0x00000000                cy_checksum_exclude_size = (CY_APPL_LOADABLE == 0x1)?SIZEOF (.cy_checksum_exclude):0x0
                0x00000001                ASSERT ((cy_checksum_exclude_size <= CY_CHECKSUM_EXCLUDE_SIZE), CY_BOOT: Section .cy_checksum_exclude size exceedes specified limit.)

.cyloadermeta   0x0001ffc0       0x40
 *(.cyloadermeta)
 .cyloadermeta  0x0001ffc0       0x40 .\ARM_GCC_493\Debug\cymetadata.o
                0x0001ffc0                cy_meta_loader

.cyloadablemeta
 *(.cyloadablemeta)

.cyconfigecc    0x80000000        0x4
 *(.cyconfigecc)
 .cyconfigecc   0x80000000        0x4 .\ARM_GCC_493\Debug\cymetadata.o
                0x80000000                cy_meta_configecc

.cycustnvl      0x90000000        0x4
 *(.cycustnvl)
 .cycustnvl     0x90000000        0x4 .\ARM_GCC_493\Debug\cymetadata.o
                0x90000000                cy_meta_custnvl

.cywolatch      0x90100000        0x4
 *(.cywolatch)
 .cywolatch     0x90100000        0x4 .\ARM_GCC_493\Debug\cymetadata.o
                0x90100000                cy_meta_wonvl

.cyeeprom       0x90200000        0x0
 *(.cyeeprom)
                0x00000001                ASSERT ((. <= ((0x90200000 + ee_offset) + ee_size)), .cyeeprom data will not fit in EEPROM)

.cyflashprotect
                0x90400000       0x80
 *(.cyflashprotect)
 .cyflashprotect
                0x90400000       0x80 .\ARM_GCC_493\Debug\cymetadata.o
                0x90400000                cy_meta_flashprotect

.cymeta         0x90500000        0xc
 *(.cymeta)
 .cymeta        0x90500000        0xc .\ARM_GCC_493\Debug\cymetadata.o
                0x90500000                cy_metadata

.rel.dyn        0x00002b58        0x0 load address 0x9050000c
 .rel.iplt      0x00000000        0x0 c:/program files (x86)/cypress/psoc creator/3.3/psoc creator/import/gnu/arm/4.9.3/bin/../lib/gcc/arm-none-eabi/4.9.3/armv7-m/crtbegin.o

.stab
 *(.stab)

.stabstr
 *(.stabstr)

.debug
 *(.debug)

.line
 *(.line)

.debug_srcinfo
 *(.debug_srcinfo)

.debug_sfnames
 *(.debug_sfnames)

.debug_aranges  0x00000000      0x8b8
 *(.debug_aranges)
 .debug_aranges
                0x00000000       0x20 .\ARM_GCC_493\Debug\main.o
 .debug_aranges
                0x00000020       0x18 .\ARM_GCC_493\Debug\cymetadata.o
 .debug_aranges
                0x00000038       0x48 .\ARM_GCC_493\Debug\Cm3Start.o
 .debug_aranges
                0x00000080       0x60 .\ARM_GCC_493\Debug\pisoc_bootloader.a(cyfitter_cfg.o)
 .debug_aranges
                0x000000e0       0x88 .\ARM_GCC_493\Debug\pisoc_bootloader.a(Bootloader.o)
 .debug_aranges
                0x00000168       0x40 .\ARM_GCC_493\Debug\pisoc_bootloader.a(USB_Bootloader_boot.o)
 .debug_aranges
                0x000001a8       0x38 .\ARM_GCC_493\Debug\pisoc_bootloader.a(BOOT_MODE.o)
 .debug_aranges
                0x000001e0       0x20 .\ARM_GCC_493\Debug\pisoc_bootloader.a(CyBootAsmGnu.o)
 .debug_aranges
                0x00000200       0x80 .\ARM_GCC_493\Debug\pisoc_bootloader.a(CyFlash.o)
 .debug_aranges
                0x00000280      0x298 .\ARM_GCC_493\Debug\pisoc_bootloader.a(CyLib.o)
 .debug_aranges
                0x00000518       0x98 .\ARM_GCC_493\Debug\pisoc_bootloader.a(cyPm.o)
 .debug_aranges
                0x000005b0       0x78 .\ARM_GCC_493\Debug\pisoc_bootloader.a(CySpc.o)
 .debug_aranges
                0x00000628       0xb0 .\ARM_GCC_493\Debug\pisoc_bootloader.a(USB_Bootloader.o)
 .debug_aranges
                0x000006d8       0x98 .\ARM_GCC_493\Debug\pisoc_bootloader.a(USB_Bootloader_drv.o)
 .debug_aranges
                0x00000770       0x38 .\ARM_GCC_493\Debug\pisoc_bootloader.a(USB_Bootloader_episr.o)
 .debug_aranges
                0x000007a8       0x48 .\ARM_GCC_493\Debug\pisoc_bootloader.a(USB_Bootloader_hid.o)
 .debug_aranges
                0x000007f0       0x70 .\ARM_GCC_493\Debug\pisoc_bootloader.a(USB_Bootloader_std.o)
 .debug_aranges
                0x00000860       0x20 .\ARM_GCC_493\Debug\pisoc_bootloader.a(USB_Bootloader_vnd.o)
 .debug_aranges
                0x00000880       0x20 .\ARM_GCC_493\Debug\pisoc_bootloader.a(USB_Bootloader_cls.o)
 .debug_aranges
                0x000008a0       0x18 .\ARM_GCC_493\Debug\pisoc_bootloader.a(USB_Bootloader_descr.o)

.debug_pubnames
 *(.debug_pubnames)

.debug_info     0x00000000     0x6c22
 *(.debug_info .gnu.linkonce.wi.*)
 .debug_info    0x00000000      0x109 .\ARM_GCC_493\Debug\main.o
 .debug_info    0x00000109      0x15f .\ARM_GCC_493\Debug\cymetadata.o
 .debug_info    0x00000268      0x3b3 .\ARM_GCC_493\Debug\Cm3Start.o
 .debug_info    0x0000061b      0x59e .\ARM_GCC_493\Debug\pisoc_bootloader.a(cyfitter_cfg.o)
 .debug_info    0x00000bb9      0xe28 .\ARM_GCC_493\Debug\pisoc_bootloader.a(Bootloader.o)
 .debug_info    0x000019e1      0x3c8 .\ARM_GCC_493\Debug\pisoc_bootloader.a(USB_Bootloader_boot.o)
 .debug_info    0x00001da9      0x11e .\ARM_GCC_493\Debug\pisoc_bootloader.a(BOOT_MODE.o)
 .debug_info    0x00001ec7       0xaa .\ARM_GCC_493\Debug\pisoc_bootloader.a(CyBootAsmGnu.o)
 .debug_info    0x00001f71      0x608 .\ARM_GCC_493\Debug\pisoc_bootloader.a(CyFlash.o)
 .debug_info    0x00002579     0x136c .\ARM_GCC_493\Debug\pisoc_bootloader.a(CyLib.o)
 .debug_info    0x000038e5      0xa55 .\ARM_GCC_493\Debug\pisoc_bootloader.a(cyPm.o)
 .debug_info    0x0000433a      0x4ed .\ARM_GCC_493\Debug\pisoc_bootloader.a(CySpc.o)
 .debug_info    0x00004827      0x82c .\ARM_GCC_493\Debug\pisoc_bootloader.a(USB_Bootloader.o)
 .debug_info    0x00005053      0x612 .\ARM_GCC_493\Debug\pisoc_bootloader.a(USB_Bootloader_drv.o)
 .debug_info    0x00005665      0x1aa .\ARM_GCC_493\Debug\pisoc_bootloader.a(USB_Bootloader_episr.o)
 .debug_info    0x0000580f      0x418 .\ARM_GCC_493\Debug\pisoc_bootloader.a(USB_Bootloader_hid.o)
 .debug_info    0x00005c27      0x8ab .\ARM_GCC_493\Debug\pisoc_bootloader.a(USB_Bootloader_std.o)
 .debug_info    0x000064d2      0x18c .\ARM_GCC_493\Debug\pisoc_bootloader.a(USB_Bootloader_vnd.o)
 .debug_info    0x0000665e      0x1b1 .\ARM_GCC_493\Debug\pisoc_bootloader.a(USB_Bootloader_cls.o)
 .debug_info    0x0000680f      0x413 .\ARM_GCC_493\Debug\pisoc_bootloader.a(USB_Bootloader_descr.o)

.debug_abbrev   0x00000000     0x1bdf
 *(.debug_abbrev)
 .debug_abbrev  0x00000000       0xa5 .\ARM_GCC_493\Debug\main.o
 .debug_abbrev  0x000000a5       0x5d .\ARM_GCC_493\Debug\cymetadata.o
 .debug_abbrev  0x00000102      0x20f .\ARM_GCC_493\Debug\Cm3Start.o
 .debug_abbrev  0x00000311      0x1c9 .\ARM_GCC_493\Debug\pisoc_bootloader.a(cyfitter_cfg.o)
 .debug_abbrev  0x000004da      0x259 .\ARM_GCC_493\Debug\pisoc_bootloader.a(Bootloader.o)
 .debug_abbrev  0x00000733      0x14c .\ARM_GCC_493\Debug\pisoc_bootloader.a(USB_Bootloader_boot.o)
 .debug_abbrev  0x0000087f       0x9d .\ARM_GCC_493\Debug\pisoc_bootloader.a(BOOT_MODE.o)
 .debug_abbrev  0x0000091c       0x14 .\ARM_GCC_493\Debug\pisoc_bootloader.a(CyBootAsmGnu.o)
 .debug_abbrev  0x00000930      0x1de .\ARM_GCC_493\Debug\pisoc_bootloader.a(CyFlash.o)
 .debug_abbrev  0x00000b0e      0x296 .\ARM_GCC_493\Debug\pisoc_bootloader.a(CyLib.o)
 .debug_abbrev  0x00000da4      0x1fa .\ARM_GCC_493\Debug\pisoc_bootloader.a(cyPm.o)
 .debug_abbrev  0x00000f9e      0x1ce .\ARM_GCC_493\Debug\pisoc_bootloader.a(CySpc.o)
 .debug_abbrev  0x0000116c      0x22e .\ARM_GCC_493\Debug\pisoc_bootloader.a(USB_Bootloader.o)
 .debug_abbrev  0x0000139a      0x18b .\ARM_GCC_493\Debug\pisoc_bootloader.a(USB_Bootloader_drv.o)
 .debug_abbrev  0x00001525       0xf0 .\ARM_GCC_493\Debug\pisoc_bootloader.a(USB_Bootloader_episr.o)
 .debug_abbrev  0x00001615      0x18b .\ARM_GCC_493\Debug\pisoc_bootloader.a(USB_Bootloader_hid.o)
 .debug_abbrev  0x000017a0      0x1cb .\ARM_GCC_493\Debug\pisoc_bootloader.a(USB_Bootloader_std.o)
 .debug_abbrev  0x0000196b       0xe3 .\ARM_GCC_493\Debug\pisoc_bootloader.a(USB_Bootloader_vnd.o)
 .debug_abbrev  0x00001a4e       0xe3 .\ARM_GCC_493\Debug\pisoc_bootloader.a(USB_Bootloader_cls.o)
 .debug_abbrev  0x00001b31       0xae .\ARM_GCC_493\Debug\pisoc_bootloader.a(USB_Bootloader_descr.o)

.debug_line     0x00000000     0x2a7c
 *(.debug_line)
 .debug_line    0x00000000      0x192 .\ARM_GCC_493\Debug\main.o
 .debug_line    0x00000192       0x53 .\ARM_GCC_493\Debug\cymetadata.o
 .debug_line    0x000001e5      0x24a .\ARM_GCC_493\Debug\Cm3Start.o
 .debug_line    0x0000042f      0x1ec .\ARM_GCC_493\Debug\pisoc_bootloader.a(cyfitter_cfg.o)
 .debug_line    0x0000061b      0x64c .\ARM_GCC_493\Debug\pisoc_bootloader.a(Bootloader.o)
 .debug_line    0x00000c67      0x109 .\ARM_GCC_493\Debug\pisoc_bootloader.a(USB_Bootloader_boot.o)
 .debug_line    0x00000d70       0x98 .\ARM_GCC_493\Debug\pisoc_bootloader.a(BOOT_MODE.o)
 .debug_line    0x00000e08       0x68 .\ARM_GCC_493\Debug\pisoc_bootloader.a(CyBootAsmGnu.o)
 .debug_line    0x00000e70      0x1ec .\ARM_GCC_493\Debug\pisoc_bootloader.a(CyFlash.o)
 .debug_line    0x0000105c      0x806 .\ARM_GCC_493\Debug\pisoc_bootloader.a(CyLib.o)
 .debug_line    0x00001862      0x366 .\ARM_GCC_493\Debug\pisoc_bootloader.a(cyPm.o)
 .debug_line    0x00001bc8      0x23e .\ARM_GCC_493\Debug\pisoc_bootloader.a(CySpc.o)
 .debug_line    0x00001e06      0x2c5 .\ARM_GCC_493\Debug\pisoc_bootloader.a(USB_Bootloader.o)
 .debug_line    0x000020cb      0x233 .\ARM_GCC_493\Debug\pisoc_bootloader.a(USB_Bootloader_drv.o)
 .debug_line    0x000022fe       0xda .\ARM_GCC_493\Debug\pisoc_bootloader.a(USB_Bootloader_episr.o)
 .debug_line    0x000023d8      0x16c .\ARM_GCC_493\Debug\pisoc_bootloader.a(USB_Bootloader_hid.o)
 .debug_line    0x00002544      0x37c .\ARM_GCC_493\Debug\pisoc_bootloader.a(USB_Bootloader_std.o)
 .debug_line    0x000028c0       0xa2 .\ARM_GCC_493\Debug\pisoc_bootloader.a(USB_Bootloader_vnd.o)
 .debug_line    0x00002962       0xa9 .\ARM_GCC_493\Debug\pisoc_bootloader.a(USB_Bootloader_cls.o)
 .debug_line    0x00002a0b       0x71 .\ARM_GCC_493\Debug\pisoc_bootloader.a(USB_Bootloader_descr.o)

.debug_frame    0x00000000     0x1774
 *(.debug_frame)
 .debug_frame   0x00000000       0x2c .\ARM_GCC_493\Debug\main.o
 .debug_frame   0x0000002c       0xac .\ARM_GCC_493\Debug\Cm3Start.o
 .debug_frame   0x000000d8      0x100 .\ARM_GCC_493\Debug\pisoc_bootloader.a(cyfitter_cfg.o)
 .debug_frame   0x000001d8      0x1f4 .\ARM_GCC_493\Debug\pisoc_bootloader.a(Bootloader.o)
 .debug_frame   0x000003cc       0xb4 .\ARM_GCC_493\Debug\pisoc_bootloader.a(USB_Bootloader_boot.o)
 .debug_frame   0x00000480       0x50 .\ARM_GCC_493\Debug\pisoc_bootloader.a(BOOT_MODE.o)
 .debug_frame   0x000004d0      0x174 .\ARM_GCC_493\Debug\pisoc_bootloader.a(CyFlash.o)
 .debug_frame   0x00000644      0x728 .\ARM_GCC_493\Debug\pisoc_bootloader.a(CyLib.o)
 .debug_frame   0x00000d6c      0x1f8 .\ARM_GCC_493\Debug\pisoc_bootloader.a(cyPm.o)
 .debug_frame   0x00000f64      0x160 .\ARM_GCC_493\Debug\pisoc_bootloader.a(CySpc.o)
 .debug_frame   0x000010c4      0x1b4 .\ARM_GCC_493\Debug\pisoc_bootloader.a(USB_Bootloader.o)
 .debug_frame   0x00001278      0x194 .\ARM_GCC_493\Debug\pisoc_bootloader.a(USB_Bootloader_drv.o)
 .debug_frame   0x0000140c       0x5c .\ARM_GCC_493\Debug\pisoc_bootloader.a(USB_Bootloader_episr.o)
 .debug_frame   0x00001468       0xa0 .\ARM_GCC_493\Debug\pisoc_bootloader.a(USB_Bootloader_hid.o)
 .debug_frame   0x00001508      0x158 .\ARM_GCC_493\Debug\pisoc_bootloader.a(USB_Bootloader_std.o)
 .debug_frame   0x00001660       0x2c .\ARM_GCC_493\Debug\pisoc_bootloader.a(USB_Bootloader_vnd.o)
 .debug_frame   0x0000168c       0x2c .\ARM_GCC_493\Debug\pisoc_bootloader.a(USB_Bootloader_cls.o)
 .debug_frame   0x000016b8       0x20 c:/program files (x86)/cypress/psoc creator/3.3/psoc creator/import/gnu/arm/4.9.3/bin/../lib/gcc/arm-none-eabi/4.9.3/../../../../arm-none-eabi/lib/armv7-m\libg_nano.a(lib_a-errno.o)
 .debug_frame   0x000016d8       0x28 c:/program files (x86)/cypress/psoc creator/3.3/psoc creator/import/gnu/arm/4.9.3/bin/../lib/gcc/arm-none-eabi/4.9.3/../../../../arm-none-eabi/lib/armv7-m\libg_nano.a(lib_a-exit.o)
 .debug_frame   0x00001700       0x2c c:/program files (x86)/cypress/psoc creator/3.3/psoc creator/import/gnu/arm/4.9.3/bin/../lib/gcc/arm-none-eabi/4.9.3/../../../../arm-none-eabi/lib/armv7-m\libg_nano.a(lib_a-init.o)
 .debug_frame   0x0000172c       0x28 c:/program files (x86)/cypress/psoc creator/3.3/psoc creator/import/gnu/arm/4.9.3/bin/../lib/gcc/arm-none-eabi/4.9.3/../../../../arm-none-eabi/lib/armv7-m\libg_nano.a(lib_a-memcpy.o)
 .debug_frame   0x00001754       0x20 c:/program files (x86)/cypress/psoc creator/3.3/psoc creator/import/gnu/arm/4.9.3/bin/../lib/gcc/arm-none-eabi/4.9.3/../../../../arm-none-eabi/lib/armv7-m\libg_nano.a(lib_a-memset.o)

.debug_str      0x00000000     0x29c5
 *(.debug_str)
 .debug_str     0x00000000      0x18d .\ARM_GCC_493\Debug\main.o
                                0x1df (size before relaxing)
 .debug_str     0x0000018d       0x86 .\ARM_GCC_493\Debug\cymetadata.o
                                0x213 (size before relaxing)
 .debug_str     0x00000213      0x17b .\ARM_GCC_493\Debug\Cm3Start.o
                                0x32c (size before relaxing)
 .debug_str     0x0000038e      0x19d .\ARM_GCC_493\Debug\pisoc_bootloader.a(cyfitter_cfg.o)
                                0x373 (size before relaxing)
 .debug_str     0x0000052b      0x51f .\ARM_GCC_493\Debug\pisoc_bootloader.a(Bootloader.o)
                                0x735 (size before relaxing)
 .debug_str     0x00000a4a      0x17a .\ARM_GCC_493\Debug\pisoc_bootloader.a(USB_Bootloader_boot.o)
                                0x390 (size before relaxing)
 .debug_str     0x00000bc4       0x72 .\ARM_GCC_493\Debug\pisoc_bootloader.a(BOOT_MODE.o)
                                0x210 (size before relaxing)
 .debug_str     0x00000c36      0x1a9 .\ARM_GCC_493\Debug\pisoc_bootloader.a(CyFlash.o)
                                0x3af (size before relaxing)
 .debug_str     0x00000ddf      0x7c0 .\ARM_GCC_493\Debug\pisoc_bootloader.a(CyLib.o)
                                0xa3d (size before relaxing)
 .debug_str     0x0000159f      0x345 .\ARM_GCC_493\Debug\pisoc_bootloader.a(cyPm.o)
                                0x735 (size before relaxing)
 .debug_str     0x000018e4       0xae .\ARM_GCC_493\Debug\pisoc_bootloader.a(CySpc.o)
                                0x338 (size before relaxing)
 .debug_str     0x00001992      0x355 .\ARM_GCC_493\Debug\pisoc_bootloader.a(USB_Bootloader.o)
                                0x66b (size before relaxing)
 .debug_str     0x00001ce7      0x407 .\ARM_GCC_493\Debug\pisoc_bootloader.a(USB_Bootloader_drv.o)
                                0x758 (size before relaxing)
 .debug_str     0x000020ee       0x94 .\ARM_GCC_493\Debug\pisoc_bootloader.a(USB_Bootloader_episr.o)
                                0x2cd (size before relaxing)
 .debug_str     0x00002182      0x189 .\ARM_GCC_493\Debug\pisoc_bootloader.a(USB_Bootloader_hid.o)
                                0x482 (size before relaxing)
 .debug_str     0x0000230b      0x2c0 .\ARM_GCC_493\Debug\pisoc_bootloader.a(USB_Bootloader_std.o)
                                0x775 (size before relaxing)
 .debug_str     0x000025cb       0x56 .\ARM_GCC_493\Debug\pisoc_bootloader.a(USB_Bootloader_vnd.o)
                                0x2b4 (size before relaxing)
 .debug_str     0x00002621       0x2e .\ARM_GCC_493\Debug\pisoc_bootloader.a(USB_Bootloader_cls.o)
                                0x2ca (size before relaxing)
 .debug_str     0x0000264f      0x376 .\ARM_GCC_493\Debug\pisoc_bootloader.a(USB_Bootloader_descr.o)
                                0x69c (size before relaxing)

.debug_loc      0x00000000     0x3d84
 *(.debug_loc)
 .debug_loc     0x00000000      0x144 .\ARM_GCC_493\Debug\Cm3Start.o
 .debug_loc     0x00000144      0x23a .\ARM_GCC_493\Debug\pisoc_bootloader.a(cyfitter_cfg.o)
 .debug_loc     0x0000037e     0x1028 .\ARM_GCC_493\Debug\pisoc_bootloader.a(Bootloader.o)
 .debug_loc     0x000013a6      0x22a .\ARM_GCC_493\Debug\pisoc_bootloader.a(USB_Bootloader_boot.o)
 .debug_loc     0x000015d0       0x42 .\ARM_GCC_493\Debug\pisoc_bootloader.a(BOOT_MODE.o)
 .debug_loc     0x00001612      0x300 .\ARM_GCC_493\Debug\pisoc_bootloader.a(CyFlash.o)
 .debug_loc     0x00001912      0xa11 .\ARM_GCC_493\Debug\pisoc_bootloader.a(CyLib.o)
 .debug_loc     0x00002323      0x1e4 .\ARM_GCC_493\Debug\pisoc_bootloader.a(cyPm.o)
 .debug_loc     0x00002507      0x64d .\ARM_GCC_493\Debug\pisoc_bootloader.a(CySpc.o)
 .debug_loc     0x00002b54      0x486 .\ARM_GCC_493\Debug\pisoc_bootloader.a(USB_Bootloader.o)
 .debug_loc     0x00002fda      0x171 .\ARM_GCC_493\Debug\pisoc_bootloader.a(USB_Bootloader_drv.o)
 .debug_loc     0x0000314b      0x382 .\ARM_GCC_493\Debug\pisoc_bootloader.a(USB_Bootloader_hid.o)
 .debug_loc     0x000034cd      0x7fe .\ARM_GCC_493\Debug\pisoc_bootloader.a(USB_Bootloader_std.o)
 .debug_loc     0x00003ccb       0x36 .\ARM_GCC_493\Debug\pisoc_bootloader.a(USB_Bootloader_vnd.o)
 .debug_loc     0x00003d01       0x83 .\ARM_GCC_493\Debug\pisoc_bootloader.a(USB_Bootloader_cls.o)

.debug_macinfo
 *(.debug_macinfo)

.debug_ranges   0x00000000      0x8f0
 *(.debug_ranges)
 .debug_ranges  0x00000000       0x10 .\ARM_GCC_493\Debug\main.o
 .debug_ranges  0x00000010       0x38 .\ARM_GCC_493\Debug\Cm3Start.o
 .debug_ranges  0x00000048       0x50 .\ARM_GCC_493\Debug\pisoc_bootloader.a(cyfitter_cfg.o)
 .debug_ranges  0x00000098      0x210 .\ARM_GCC_493\Debug\pisoc_bootloader.a(Bootloader.o)
 .debug_ranges  0x000002a8       0x30 .\ARM_GCC_493\Debug\pisoc_bootloader.a(USB_Bootloader_boot.o)
 .debug_ranges  0x000002d8       0x28 .\ARM_GCC_493\Debug\pisoc_bootloader.a(BOOT_MODE.o)
 .debug_ranges  0x00000300       0x70 .\ARM_GCC_493\Debug\pisoc_bootloader.a(CyFlash.o)
 .debug_ranges  0x00000370      0x288 .\ARM_GCC_493\Debug\pisoc_bootloader.a(CyLib.o)
 .debug_ranges  0x000005f8       0x88 .\ARM_GCC_493\Debug\pisoc_bootloader.a(cyPm.o)
 .debug_ranges  0x00000680       0x68 .\ARM_GCC_493\Debug\pisoc_bootloader.a(CySpc.o)
 .debug_ranges  0x000006e8       0xa0 .\ARM_GCC_493\Debug\pisoc_bootloader.a(USB_Bootloader.o)
 .debug_ranges  0x00000788       0x88 .\ARM_GCC_493\Debug\pisoc_bootloader.a(USB_Bootloader_drv.o)
 .debug_ranges  0x00000810       0x28 .\ARM_GCC_493\Debug\pisoc_bootloader.a(USB_Bootloader_episr.o)
 .debug_ranges  0x00000838       0x38 .\ARM_GCC_493\Debug\pisoc_bootloader.a(USB_Bootloader_hid.o)
 .debug_ranges  0x00000870       0x60 .\ARM_GCC_493\Debug\pisoc_bootloader.a(USB_Bootloader_std.o)
 .debug_ranges  0x000008d0       0x10 .\ARM_GCC_493\Debug\pisoc_bootloader.a(USB_Bootloader_vnd.o)
 .debug_ranges  0x000008e0       0x10 .\ARM_GCC_493\Debug\pisoc_bootloader.a(USB_Bootloader_cls.o)

.comment        0x00000000       0x70
 .comment       0x00000000       0x70 .\ARM_GCC_493\Debug\main.o
                                 0x71 (size before relaxing)
 .comment       0x00000000       0x71 .\ARM_GCC_493\Debug\cymetadata.o
 .comment       0x00000000       0x71 .\ARM_GCC_493\Debug\Cm3Start.o
 .comment       0x00000000       0x71 .\ARM_GCC_493\Debug\pisoc_bootloader.a(cyfitter_cfg.o)
 .comment       0x00000000       0x71 .\ARM_GCC_493\Debug\pisoc_bootloader.a(Bootloader.o)
 .comment       0x00000000       0x71 .\ARM_GCC_493\Debug\pisoc_bootloader.a(USB_Bootloader_boot.o)
 .comment       0x00000000       0x71 .\ARM_GCC_493\Debug\pisoc_bootloader.a(BOOT_MODE.o)
 .comment       0x00000000       0x71 .\ARM_GCC_493\Debug\pisoc_bootloader.a(CyFlash.o)
 .comment       0x00000000       0x71 .\ARM_GCC_493\Debug\pisoc_bootloader.a(CyLib.o)
 .comment       0x00000000       0x71 .\ARM_GCC_493\Debug\pisoc_bootloader.a(cyPm.o)
 .comment       0x00000000       0x71 .\ARM_GCC_493\Debug\pisoc_bootloader.a(CySpc.o)
 .comment       0x00000000       0x71 .\ARM_GCC_493\Debug\pisoc_bootloader.a(USB_Bootloader.o)
 .comment       0x00000000       0x71 .\ARM_GCC_493\Debug\pisoc_bootloader.a(USB_Bootloader_drv.o)
 .comment       0x00000000       0x71 .\ARM_GCC_493\Debug\pisoc_bootloader.a(USB_Bootloader_episr.o)
 .comment       0x00000000       0x71 .\ARM_GCC_493\Debug\pisoc_bootloader.a(USB_Bootloader_hid.o)
 .comment       0x00000000       0x71 .\ARM_GCC_493\Debug\pisoc_bootloader.a(USB_Bootloader_std.o)
 .comment       0x00000000       0x71 .\ARM_GCC_493\Debug\pisoc_bootloader.a(USB_Bootloader_vnd.o)
 .comment       0x00000000       0x71 .\ARM_GCC_493\Debug\pisoc_bootloader.a(USB_Bootloader_cls.o)
 .comment       0x00000000       0x71 .\ARM_GCC_493\Debug\pisoc_bootloader.a(USB_Bootloader_descr.o)

.debug_weaknames
 *(.debug_weaknames)

.debug_funcnames
 *(.debug_funcnames)

.debug_typenames
 *(.debug_typenames)

.debug_varnames
 *(.debug_varnames)

.note.gnu.arm.ident
 *(.note.gnu.arm.ident)

.ARM.attributes
                0x00000000       0x29
 *(.ARM.attributes)
 .ARM.attributes
                0x00000000       0x1d c:/program files (x86)/cypress/psoc creator/3.3/psoc creator/import/gnu/arm/4.9.3/bin/../lib/gcc/arm-none-eabi/4.9.3/armv7-m/crti.o
 .ARM.attributes
                0x0000001d       0x2d c:/program files (x86)/cypress/psoc creator/3.3/psoc creator/import/gnu/arm/4.9.3/bin/../lib/gcc/arm-none-eabi/4.9.3/armv7-m/crtbegin.o
 .ARM.attributes
                0x0000004a       0x1b c:/program files (x86)/cypress/psoc creator/3.3/psoc creator/import/gnu/arm/4.9.3/bin/../lib/gcc/arm-none-eabi/4.9.3/../../../../arm-none-eabi/lib/armv7-m/crt0.o
 .ARM.attributes
                0x00000065       0x33 .\ARM_GCC_493\Debug\main.o
 .ARM.attributes
                0x00000098       0x33 .\ARM_GCC_493\Debug\cymetadata.o
 .ARM.attributes
                0x000000cb       0x33 .\ARM_GCC_493\Debug\Cm3Start.o
 .ARM.attributes
                0x000000fe       0x33 .\ARM_GCC_493\Debug\pisoc_bootloader.a(cyfitter_cfg.o)
 .ARM.attributes
                0x00000131       0x33 .\ARM_GCC_493\Debug\pisoc_bootloader.a(Bootloader.o)
 .ARM.attributes
                0x00000164       0x33 .\ARM_GCC_493\Debug\pisoc_bootloader.a(USB_Bootloader_boot.o)
 .ARM.attributes
                0x00000197       0x33 .\ARM_GCC_493\Debug\pisoc_bootloader.a(BOOT_MODE.o)
 .ARM.attributes
                0x000001ca       0x21 .\ARM_GCC_493\Debug\pisoc_bootloader.a(CyBootAsmGnu.o)
 .ARM.attributes
                0x000001eb       0x33 .\ARM_GCC_493\Debug\pisoc_bootloader.a(CyFlash.o)
 .ARM.attributes
                0x0000021e       0x33 .\ARM_GCC_493\Debug\pisoc_bootloader.a(CyLib.o)
 .ARM.attributes
                0x00000251       0x33 .\ARM_GCC_493\Debug\pisoc_bootloader.a(cyPm.o)
 .ARM.attributes
                0x00000284       0x33 .\ARM_GCC_493\Debug\pisoc_bootloader.a(CySpc.o)
 .ARM.attributes
                0x000002b7       0x33 .\ARM_GCC_493\Debug\pisoc_bootloader.a(USB_Bootloader.o)
 .ARM.attributes
                0x000002ea       0x33 .\ARM_GCC_493\Debug\pisoc_bootloader.a(USB_Bootloader_drv.o)
 .ARM.attributes
                0x0000031d       0x33 .\ARM_GCC_493\Debug\pisoc_bootloader.a(USB_Bootloader_episr.o)
 .ARM.attributes
                0x00000350       0x33 .\ARM_GCC_493\Debug\pisoc_bootloader.a(USB_Bootloader_hid.o)
 .ARM.attributes
                0x00000383       0x33 .\ARM_GCC_493\Debug\pisoc_bootloader.a(USB_Bootloader_std.o)
 .ARM.attributes
                0x000003b6       0x33 .\ARM_GCC_493\Debug\pisoc_bootloader.a(USB_Bootloader_vnd.o)
 .ARM.attributes
                0x000003e9       0x33 .\ARM_GCC_493\Debug\pisoc_bootloader.a(USB_Bootloader_cls.o)
 .ARM.attributes
                0x0000041c       0x33 .\ARM_GCC_493\Debug\pisoc_bootloader.a(USB_Bootloader_descr.o)
 .ARM.attributes
                0x0000044f       0x2d c:/program files (x86)/cypress/psoc creator/3.3/psoc creator/import/gnu/arm/4.9.3/bin/../lib/gcc/arm-none-eabi/4.9.3/../../../../arm-none-eabi/lib/armv7-m\libg_nano.a(lib_a-errno.o)
 .ARM.attributes
                0x0000047c       0x2d c:/program files (x86)/cypress/psoc creator/3.3/psoc creator/import/gnu/arm/4.9.3/bin/../lib/gcc/arm-none-eabi/4.9.3/../../../../arm-none-eabi/lib/armv7-m\libg_nano.a(lib_a-exit.o)
 .ARM.attributes
                0x000004a9       0x2d c:/program files (x86)/cypress/psoc creator/3.3/psoc creator/import/gnu/arm/4.9.3/bin/../lib/gcc/arm-none-eabi/4.9.3/../../../../arm-none-eabi/lib/armv7-m\libg_nano.a(lib_a-impure.o)
 .ARM.attributes
                0x000004d6       0x2d c:/program files (x86)/cypress/psoc creator/3.3/psoc creator/import/gnu/arm/4.9.3/bin/../lib/gcc/arm-none-eabi/4.9.3/../../../../arm-none-eabi/lib/armv7-m\libg_nano.a(lib_a-init.o)
 .ARM.attributes
                0x00000503       0x2d c:/program files (x86)/cypress/psoc creator/3.3/psoc creator/import/gnu/arm/4.9.3/bin/../lib/gcc/arm-none-eabi/4.9.3/../../../../arm-none-eabi/lib/armv7-m\libg_nano.a(lib_a-memcpy.o)
 .ARM.attributes
                0x00000530       0x2d c:/program files (x86)/cypress/psoc creator/3.3/psoc creator/import/gnu/arm/4.9.3/bin/../lib/gcc/arm-none-eabi/4.9.3/../../../../arm-none-eabi/lib/armv7-m\libg_nano.a(lib_a-memset.o)
 .ARM.attributes
                0x0000055d       0x2d c:/program files (x86)/cypress/psoc creator/3.3/psoc creator/import/gnu/arm/4.9.3/bin/../lib/gcc/arm-none-eabi/4.9.3/armv7-m/crtend.o
 .ARM.attributes
                0x0000058a       0x1d c:/program files (x86)/cypress/psoc creator/3.3/psoc creator/import/gnu/arm/4.9.3/bin/../lib/gcc/arm-none-eabi/4.9.3/armv7-m/crtn.o

/DISCARD/
 *(.note.GNU-stack)
OUTPUT(.\ARM_GCC_493\Debug\pisoc_bootloader.elf elf32-littlearm)
