ARM GAS  C:\Users\Robert\AppData\Local\Temp\cc9p6bVr.s 			page 1


   1              		.syntax unified
   2              		.cpu cortex-m3
   3              		.fpu softvfp
   4              		.eabi_attribute 20, 1
   5              		.eabi_attribute 21, 1
   6              		.eabi_attribute 23, 3
   7              		.eabi_attribute 24, 1
   8              		.eabi_attribute 25, 1
   9              		.eabi_attribute 26, 1
  10              		.eabi_attribute 30, 6
  11              		.eabi_attribute 34, 1
  12              		.eabi_attribute 18, 4
  13              		.thumb
  14              		.file	"USBFS_boot.c"
  15              		.text
  16              	.Ltext0:
  17              		.cfi_sections	.debug_frame
  18              		.bss
  19              		.align	1
  20              	USBFS_universalTime:
  21 0000 0000     		.space	2
  22              	USBFS_started:
  23 0002 00       		.space	1
  24 0003 00       		.section	.text.USBFS_CyBtldrCommStart,"ax",%progbits
  25              		.align	2
  26              		.global	USBFS_CyBtldrCommStart
  27              		.thumb
  28              		.thumb_func
  29              		.type	USBFS_CyBtldrCommStart, %function
  30              	USBFS_CyBtldrCommStart:
  31              	.LFB0:
  32              		.file 1 ".\\Generated_Source\\PSoC5\\USBFS_boot.c"
   1:.\Generated_Source\PSoC5/USBFS_boot.c **** /*******************************************************************************
   2:.\Generated_Source\PSoC5/USBFS_boot.c **** * File Name: USBFS_boot.c
   3:.\Generated_Source\PSoC5/USBFS_boot.c **** * Version 2.60
   4:.\Generated_Source\PSoC5/USBFS_boot.c **** *
   5:.\Generated_Source\PSoC5/USBFS_boot.c **** * Description:
   6:.\Generated_Source\PSoC5/USBFS_boot.c **** *  Boot loader API for USBFS Component.
   7:.\Generated_Source\PSoC5/USBFS_boot.c **** *
   8:.\Generated_Source\PSoC5/USBFS_boot.c **** *  Note:
   9:.\Generated_Source\PSoC5/USBFS_boot.c **** *
  10:.\Generated_Source\PSoC5/USBFS_boot.c **** ********************************************************************************
  11:.\Generated_Source\PSoC5/USBFS_boot.c **** * Copyright 2008-2013, Cypress Semiconductor Corporation.  All rights reserved.
  12:.\Generated_Source\PSoC5/USBFS_boot.c **** * You may use this file only in accordance with the license, terms, conditions,
  13:.\Generated_Source\PSoC5/USBFS_boot.c **** * disclaimers, and limitations in the end user license agreement accompanying
  14:.\Generated_Source\PSoC5/USBFS_boot.c **** * the software package with which this file was provided.
  15:.\Generated_Source\PSoC5/USBFS_boot.c **** *******************************************************************************/
  16:.\Generated_Source\PSoC5/USBFS_boot.c **** 
  17:.\Generated_Source\PSoC5/USBFS_boot.c **** #include "USBFS.h"
  18:.\Generated_Source\PSoC5/USBFS_boot.c **** 
  19:.\Generated_Source\PSoC5/USBFS_boot.c **** #if defined(CYDEV_BOOTLOADER_IO_COMP) && ((CYDEV_BOOTLOADER_IO_COMP == CyBtldr_USBFS) || \
  20:.\Generated_Source\PSoC5/USBFS_boot.c ****                                           (CYDEV_BOOTLOADER_IO_COMP == CyBtldr_Custom_Interface))
  21:.\Generated_Source\PSoC5/USBFS_boot.c **** 
  22:.\Generated_Source\PSoC5/USBFS_boot.c **** 
  23:.\Generated_Source\PSoC5/USBFS_boot.c **** /***************************************
  24:.\Generated_Source\PSoC5/USBFS_boot.c **** *    Bootloader defines
  25:.\Generated_Source\PSoC5/USBFS_boot.c **** ***************************************/
ARM GAS  C:\Users\Robert\AppData\Local\Temp\cc9p6bVr.s 			page 2


  26:.\Generated_Source\PSoC5/USBFS_boot.c **** 
  27:.\Generated_Source\PSoC5/USBFS_boot.c **** #define USBFS_CyBtLdrStarttimer(X, T)         {USBFS_universalTime = T * 10; X = 0u;}
  28:.\Generated_Source\PSoC5/USBFS_boot.c **** #define USBFS_CyBtLdrChecktimer(X)            ((X++ < USBFS_universalTime) ? 1u : 0u)
  29:.\Generated_Source\PSoC5/USBFS_boot.c **** 
  30:.\Generated_Source\PSoC5/USBFS_boot.c **** #define USBFS_BTLDR_OUT_EP      (0x01u)
  31:.\Generated_Source\PSoC5/USBFS_boot.c **** #define USBFS_BTLDR_IN_EP       (0x02u)
  32:.\Generated_Source\PSoC5/USBFS_boot.c **** 
  33:.\Generated_Source\PSoC5/USBFS_boot.c **** 
  34:.\Generated_Source\PSoC5/USBFS_boot.c **** /***************************************
  35:.\Generated_Source\PSoC5/USBFS_boot.c **** *    Bootloader Variables
  36:.\Generated_Source\PSoC5/USBFS_boot.c **** ***************************************/
  37:.\Generated_Source\PSoC5/USBFS_boot.c **** 
  38:.\Generated_Source\PSoC5/USBFS_boot.c **** static uint16 USBFS_universalTime;
  39:.\Generated_Source\PSoC5/USBFS_boot.c **** static uint8 USBFS_started = 0u;
  40:.\Generated_Source\PSoC5/USBFS_boot.c **** 
  41:.\Generated_Source\PSoC5/USBFS_boot.c **** 
  42:.\Generated_Source\PSoC5/USBFS_boot.c **** /*******************************************************************************
  43:.\Generated_Source\PSoC5/USBFS_boot.c **** * Function Name: USBFS_CyBtldrCommStart
  44:.\Generated_Source\PSoC5/USBFS_boot.c **** ********************************************************************************
  45:.\Generated_Source\PSoC5/USBFS_boot.c **** *
  46:.\Generated_Source\PSoC5/USBFS_boot.c **** * Summary:
  47:.\Generated_Source\PSoC5/USBFS_boot.c **** *  Starts the component and enables the interrupt.
  48:.\Generated_Source\PSoC5/USBFS_boot.c **** *
  49:.\Generated_Source\PSoC5/USBFS_boot.c **** * Parameters:
  50:.\Generated_Source\PSoC5/USBFS_boot.c **** *  None.
  51:.\Generated_Source\PSoC5/USBFS_boot.c **** *
  52:.\Generated_Source\PSoC5/USBFS_boot.c **** * Return:
  53:.\Generated_Source\PSoC5/USBFS_boot.c **** *  None.
  54:.\Generated_Source\PSoC5/USBFS_boot.c **** *
  55:.\Generated_Source\PSoC5/USBFS_boot.c **** * Side Effects:
  56:.\Generated_Source\PSoC5/USBFS_boot.c **** *  This function starts the USB with 3V or 5V operation.
  57:.\Generated_Source\PSoC5/USBFS_boot.c **** *
  58:.\Generated_Source\PSoC5/USBFS_boot.c **** * Reentrant:
  59:.\Generated_Source\PSoC5/USBFS_boot.c **** *  No.
  60:.\Generated_Source\PSoC5/USBFS_boot.c **** *
  61:.\Generated_Source\PSoC5/USBFS_boot.c **** *******************************************************************************/
  62:.\Generated_Source\PSoC5/USBFS_boot.c **** void USBFS_CyBtldrCommStart(void) 
  63:.\Generated_Source\PSoC5/USBFS_boot.c **** {
  33              		.loc 1 63 0
  34              		.cfi_startproc
  35              		@ args = 0, pretend = 0, frame = 0
  36              		@ frame_needed = 1, uses_anonymous_args = 0
  37 0000 80B5     		push	{r7, lr}
  38              	.LCFI0:
  39              		.cfi_def_cfa_offset 8
  40              		.cfi_offset 7, -8
  41              		.cfi_offset 14, -4
  42 0002 00AF     		add	r7, sp, #0
  43              	.LCFI1:
  44              		.cfi_def_cfa_register 7
  64:.\Generated_Source\PSoC5/USBFS_boot.c ****     CyGlobalIntEnable;      /* Enable Global Interrupts */
  45              		.loc 1 64 0
  46              	@ 64 ".\Generated_Source\PSoC5\USBFS_boot.c" 1
  47 0004 62B6     		CPSIE   i
  48              	@ 0 "" 2
  65:.\Generated_Source\PSoC5/USBFS_boot.c **** 
  66:.\Generated_Source\PSoC5/USBFS_boot.c ****     /*Start USBFS Operation/device 0 and with 5V or 3V operation depend on Voltage Configuration in
ARM GAS  C:\Users\Robert\AppData\Local\Temp\cc9p6bVr.s 			page 3


  67:.\Generated_Source\PSoC5/USBFS_boot.c ****     USBFS_Start(0u, USBFS_DWR_VDDD_OPERATION);
  49              		.loc 1 67 0
  50              		.thumb
  51 0006 4FF00000 		mov	r0, #0
  52 000a 4FF00201 		mov	r1, #2
  53 000e FFF7FEFF 		bl	USBFS_Start
  68:.\Generated_Source\PSoC5/USBFS_boot.c **** 
  69:.\Generated_Source\PSoC5/USBFS_boot.c ****     /* USB component started, the correct enumeration will be checked in first Read operation */
  70:.\Generated_Source\PSoC5/USBFS_boot.c ****     USBFS_started = 1u;
  54              		.loc 1 70 0
  55 0012 40F20003 		movw	r3, #:lower16:USBFS_started
  56 0016 C0F20003 		movt	r3, #:upper16:USBFS_started
  57 001a 4FF00102 		mov	r2, #1
  58 001e 1A70     		strb	r2, [r3, #0]
  71:.\Generated_Source\PSoC5/USBFS_boot.c **** 
  72:.\Generated_Source\PSoC5/USBFS_boot.c **** }
  59              		.loc 1 72 0
  60 0020 80BD     		pop	{r7, pc}
  61              		.cfi_endproc
  62              	.LFE0:
  63              		.size	USBFS_CyBtldrCommStart, .-USBFS_CyBtldrCommStart
  64 0022 00BF     		.section	.text.USBFS_CyBtldrCommStop,"ax",%progbits
  65              		.align	2
  66              		.global	USBFS_CyBtldrCommStop
  67              		.thumb
  68              		.thumb_func
  69              		.type	USBFS_CyBtldrCommStop, %function
  70              	USBFS_CyBtldrCommStop:
  71              	.LFB1:
  73:.\Generated_Source\PSoC5/USBFS_boot.c **** 
  74:.\Generated_Source\PSoC5/USBFS_boot.c **** 
  75:.\Generated_Source\PSoC5/USBFS_boot.c **** /*******************************************************************************
  76:.\Generated_Source\PSoC5/USBFS_boot.c **** * Function Name: USBFS_CyBtldrCommStop.
  77:.\Generated_Source\PSoC5/USBFS_boot.c **** ********************************************************************************
  78:.\Generated_Source\PSoC5/USBFS_boot.c **** *
  79:.\Generated_Source\PSoC5/USBFS_boot.c **** * Summary:
  80:.\Generated_Source\PSoC5/USBFS_boot.c **** *  Disable the component and disable the interrupt.
  81:.\Generated_Source\PSoC5/USBFS_boot.c **** *
  82:.\Generated_Source\PSoC5/USBFS_boot.c **** * Parameters:
  83:.\Generated_Source\PSoC5/USBFS_boot.c **** *  None.
  84:.\Generated_Source\PSoC5/USBFS_boot.c **** *
  85:.\Generated_Source\PSoC5/USBFS_boot.c **** * Return:
  86:.\Generated_Source\PSoC5/USBFS_boot.c **** *  None.
  87:.\Generated_Source\PSoC5/USBFS_boot.c **** *
  88:.\Generated_Source\PSoC5/USBFS_boot.c **** *******************************************************************************/
  89:.\Generated_Source\PSoC5/USBFS_boot.c **** void USBFS_CyBtldrCommStop(void) 
  90:.\Generated_Source\PSoC5/USBFS_boot.c **** {
  72              		.loc 1 90 0
  73              		.cfi_startproc
  74              		@ args = 0, pretend = 0, frame = 0
  75              		@ frame_needed = 1, uses_anonymous_args = 0
  76 0000 80B5     		push	{r7, lr}
  77              	.LCFI2:
  78              		.cfi_def_cfa_offset 8
  79              		.cfi_offset 7, -8
  80              		.cfi_offset 14, -4
  81 0002 00AF     		add	r7, sp, #0
ARM GAS  C:\Users\Robert\AppData\Local\Temp\cc9p6bVr.s 			page 4


  82              	.LCFI3:
  83              		.cfi_def_cfa_register 7
  91:.\Generated_Source\PSoC5/USBFS_boot.c ****     USBFS_Stop();
  84              		.loc 1 91 0
  85 0004 FFF7FEFF 		bl	USBFS_Stop
  92:.\Generated_Source\PSoC5/USBFS_boot.c **** }
  86              		.loc 1 92 0
  87 0008 80BD     		pop	{r7, pc}
  88              		.cfi_endproc
  89              	.LFE1:
  90              		.size	USBFS_CyBtldrCommStop, .-USBFS_CyBtldrCommStop
  91 000a 00BF     		.section	.text.USBFS_CyBtldrCommReset,"ax",%progbits
  92              		.align	2
  93              		.global	USBFS_CyBtldrCommReset
  94              		.thumb
  95              		.thumb_func
  96              		.type	USBFS_CyBtldrCommReset, %function
  97              	USBFS_CyBtldrCommReset:
  98              	.LFB2:
  93:.\Generated_Source\PSoC5/USBFS_boot.c **** 
  94:.\Generated_Source\PSoC5/USBFS_boot.c **** 
  95:.\Generated_Source\PSoC5/USBFS_boot.c **** /*******************************************************************************
  96:.\Generated_Source\PSoC5/USBFS_boot.c **** * Function Name: USBFS_CyBtldrCommReset.
  97:.\Generated_Source\PSoC5/USBFS_boot.c **** ********************************************************************************
  98:.\Generated_Source\PSoC5/USBFS_boot.c **** *
  99:.\Generated_Source\PSoC5/USBFS_boot.c **** * Summary:
 100:.\Generated_Source\PSoC5/USBFS_boot.c **** *  Resets the receive and transmit communication Buffers.
 101:.\Generated_Source\PSoC5/USBFS_boot.c **** *
 102:.\Generated_Source\PSoC5/USBFS_boot.c **** * Parameters:
 103:.\Generated_Source\PSoC5/USBFS_boot.c **** *  None.
 104:.\Generated_Source\PSoC5/USBFS_boot.c **** *
 105:.\Generated_Source\PSoC5/USBFS_boot.c **** * Return:
 106:.\Generated_Source\PSoC5/USBFS_boot.c **** *  None.
 107:.\Generated_Source\PSoC5/USBFS_boot.c **** *
 108:.\Generated_Source\PSoC5/USBFS_boot.c **** * Reentrant:
 109:.\Generated_Source\PSoC5/USBFS_boot.c **** *  No.
 110:.\Generated_Source\PSoC5/USBFS_boot.c **** *
 111:.\Generated_Source\PSoC5/USBFS_boot.c **** *******************************************************************************/
 112:.\Generated_Source\PSoC5/USBFS_boot.c **** void USBFS_CyBtldrCommReset(void) 
 113:.\Generated_Source\PSoC5/USBFS_boot.c **** {
  99              		.loc 1 113 0
 100              		.cfi_startproc
 101              		@ args = 0, pretend = 0, frame = 0
 102              		@ frame_needed = 1, uses_anonymous_args = 0
 103 0000 80B5     		push	{r7, lr}
 104              	.LCFI4:
 105              		.cfi_def_cfa_offset 8
 106              		.cfi_offset 7, -8
 107              		.cfi_offset 14, -4
 108 0002 00AF     		add	r7, sp, #0
 109              	.LCFI5:
 110              		.cfi_def_cfa_register 7
 114:.\Generated_Source\PSoC5/USBFS_boot.c ****     USBFS_EnableOutEP(USBFS_BTLDR_OUT_EP);  /* Enable the OUT endpoint */
 111              		.loc 1 114 0
 112 0004 4FF00100 		mov	r0, #1
 113 0008 FFF7FEFF 		bl	USBFS_EnableOutEP
 115:.\Generated_Source\PSoC5/USBFS_boot.c **** }
ARM GAS  C:\Users\Robert\AppData\Local\Temp\cc9p6bVr.s 			page 5


 114              		.loc 1 115 0
 115 000c 80BD     		pop	{r7, pc}
 116              		.cfi_endproc
 117              	.LFE2:
 118              		.size	USBFS_CyBtldrCommReset, .-USBFS_CyBtldrCommReset
 119 000e 00BF     		.section	.text.USBFS_CyBtldrCommWrite,"ax",%progbits
 120              		.align	2
 121              		.global	USBFS_CyBtldrCommWrite
 122              		.thumb
 123              		.thumb_func
 124              		.type	USBFS_CyBtldrCommWrite, %function
 125              	USBFS_CyBtldrCommWrite:
 126              	.LFB3:
 116:.\Generated_Source\PSoC5/USBFS_boot.c **** 
 117:.\Generated_Source\PSoC5/USBFS_boot.c **** 
 118:.\Generated_Source\PSoC5/USBFS_boot.c **** /*******************************************************************************
 119:.\Generated_Source\PSoC5/USBFS_boot.c **** * Function Name: USBFS_CyBtldrCommWrite.
 120:.\Generated_Source\PSoC5/USBFS_boot.c **** ********************************************************************************
 121:.\Generated_Source\PSoC5/USBFS_boot.c **** *
 122:.\Generated_Source\PSoC5/USBFS_boot.c **** * Summary:
 123:.\Generated_Source\PSoC5/USBFS_boot.c **** *  Allows the caller to write data to the boot loader host. The function will
 124:.\Generated_Source\PSoC5/USBFS_boot.c **** *  handle polling to allow a block of data to be completely sent to the host
 125:.\Generated_Source\PSoC5/USBFS_boot.c **** *  device.
 126:.\Generated_Source\PSoC5/USBFS_boot.c **** *
 127:.\Generated_Source\PSoC5/USBFS_boot.c **** * Parameters:
 128:.\Generated_Source\PSoC5/USBFS_boot.c **** *  pData:    A pointer to the block of data to send to the device
 129:.\Generated_Source\PSoC5/USBFS_boot.c **** *  size:     The number of bytes to write.
 130:.\Generated_Source\PSoC5/USBFS_boot.c **** *  count:    Pointer to an unsigned short variable to write the number of
 131:.\Generated_Source\PSoC5/USBFS_boot.c **** *             bytes actually written.
 132:.\Generated_Source\PSoC5/USBFS_boot.c **** *  timeOut:  Number of units to wait before returning because of a timeout.
 133:.\Generated_Source\PSoC5/USBFS_boot.c **** *
 134:.\Generated_Source\PSoC5/USBFS_boot.c **** * Return:
 135:.\Generated_Source\PSoC5/USBFS_boot.c **** *  Returns the value that best describes the problem.
 136:.\Generated_Source\PSoC5/USBFS_boot.c **** *
 137:.\Generated_Source\PSoC5/USBFS_boot.c **** * Reentrant:
 138:.\Generated_Source\PSoC5/USBFS_boot.c **** *  No.
 139:.\Generated_Source\PSoC5/USBFS_boot.c **** *
 140:.\Generated_Source\PSoC5/USBFS_boot.c **** *******************************************************************************/
 141:.\Generated_Source\PSoC5/USBFS_boot.c **** cystatus USBFS_CyBtldrCommWrite(uint8 *pData, uint16 size, uint16 *count, uint8 timeOut) CYSMALL
 142:.\Generated_Source\PSoC5/USBFS_boot.c ****                                                             
 143:.\Generated_Source\PSoC5/USBFS_boot.c **** {
 127              		.loc 1 143 0
 128              		.cfi_startproc
 129              		@ args = 0, pretend = 0, frame = 24
 130              		@ frame_needed = 1, uses_anonymous_args = 0
 131 0000 80B5     		push	{r7, lr}
 132              	.LCFI6:
 133              		.cfi_def_cfa_offset 8
 134              		.cfi_offset 7, -8
 135              		.cfi_offset 14, -4
 136 0002 86B0     		sub	sp, sp, #24
 137              	.LCFI7:
 138              		.cfi_def_cfa_offset 32
 139 0004 00AF     		add	r7, sp, #0
 140              	.LCFI8:
 141              		.cfi_def_cfa_register 7
 142 0006 F860     		str	r0, [r7, #12]
ARM GAS  C:\Users\Robert\AppData\Local\Temp\cc9p6bVr.s 			page 6


 143 0008 7A60     		str	r2, [r7, #4]
 144 000a 0A46     		mov	r2, r1	@ movhi
 145 000c 7A81     		strh	r2, [r7, #10]	@ movhi
 146 000e 7B72     		strb	r3, [r7, #9]
 144:.\Generated_Source\PSoC5/USBFS_boot.c ****     uint16 time;
 145:.\Generated_Source\PSoC5/USBFS_boot.c ****     cystatus status;
 146:.\Generated_Source\PSoC5/USBFS_boot.c **** 
 147:.\Generated_Source\PSoC5/USBFS_boot.c ****     /* Enable IN transfer */
 148:.\Generated_Source\PSoC5/USBFS_boot.c ****     USBFS_LoadInEP(USBFS_BTLDR_IN_EP, pData, USBFS_BTLDR_SIZEOF_READ_BUFFER);
 147              		.loc 1 148 0
 148 0010 4FF00200 		mov	r0, #2
 149 0014 F968     		ldr	r1, [r7, #12]
 150 0016 4FF04002 		mov	r2, #64
 151 001a FFF7FEFF 		bl	USBFS_LoadInEP
 149:.\Generated_Source\PSoC5/USBFS_boot.c **** 
 150:.\Generated_Source\PSoC5/USBFS_boot.c ****     /* Start a timer to wait on. */
 151:.\Generated_Source\PSoC5/USBFS_boot.c ****     USBFS_CyBtLdrStarttimer(time, timeOut);
 152              		.loc 1 151 0
 153 001e 7B7A     		ldrb	r3, [r7, #9]	@ zero_extendqisi2
 154 0020 9BB2     		uxth	r3, r3
 155 0022 1A46     		mov	r2, r3	@ movhi
 156 0024 4FEA8202 		lsl	r2, r2, #2
 157 0028 D318     		adds	r3, r2, r3
 158 002a 4FEA4303 		lsl	r3, r3, #1
 159 002e 9AB2     		uxth	r2, r3
 160 0030 40F20003 		movw	r3, #:lower16:USBFS_universalTime
 161 0034 C0F20003 		movt	r3, #:upper16:USBFS_universalTime
 162 0038 1A80     		strh	r2, [r3, #0]	@ movhi
 163 003a 4FF00003 		mov	r3, #0
 164 003e FB82     		strh	r3, [r7, #22]	@ movhi
 152:.\Generated_Source\PSoC5/USBFS_boot.c **** 
 153:.\Generated_Source\PSoC5/USBFS_boot.c ****     /* Wait for the master to read it. */
 154:.\Generated_Source\PSoC5/USBFS_boot.c ****     while((USBFS_GetEPState(USBFS_BTLDR_IN_EP) == USBFS_IN_BUFFER_FULL) && \
 165              		.loc 1 154 0
 166 0040 03E0     		b	.L5
 167              	.L7:
 155:.\Generated_Source\PSoC5/USBFS_boot.c ****            USBFS_CyBtLdrChecktimer(time))
 156:.\Generated_Source\PSoC5/USBFS_boot.c ****     {
 157:.\Generated_Source\PSoC5/USBFS_boot.c ****         CyDelay(1u); /* 1ms delay */
 168              		.loc 1 157 0
 169 0042 4FF00100 		mov	r0, #1
 170 0046 FFF7FEFF 		bl	CyDelay
 171              	.L5:
 154:.\Generated_Source\PSoC5/USBFS_boot.c ****     while((USBFS_GetEPState(USBFS_BTLDR_IN_EP) == USBFS_IN_BUFFER_FULL) && \
 172              		.loc 1 154 0 discriminator 1
 173 004a 4FF00200 		mov	r0, #2
 174 004e FFF7FEFF 		bl	USBFS_GetEPState
 175 0052 0346     		mov	r3, r0
 176 0054 002B     		cmp	r3, #0
 177 0056 10D1     		bne	.L6
 154:.\Generated_Source\PSoC5/USBFS_boot.c ****     while((USBFS_GetEPState(USBFS_BTLDR_IN_EP) == USBFS_IN_BUFFER_FULL) && \
 178              		.loc 1 154 0 is_stmt 0 discriminator 2
 179 0058 40F20003 		movw	r3, #:lower16:USBFS_universalTime
 180 005c C0F20003 		movt	r3, #:upper16:USBFS_universalTime
 181 0060 1B88     		ldrh	r3, [r3, #0]
 182 0062 FA8A     		ldrh	r2, [r7, #22]
 183 0064 9A42     		cmp	r2, r3
ARM GAS  C:\Users\Robert\AppData\Local\Temp\cc9p6bVr.s 			page 7


 184 0066 2CBF     		ite	cs
 185 0068 0023     		movcs	r3, #0
 186 006a 0123     		movcc	r3, #1
 187 006c DBB2     		uxtb	r3, r3
 155:.\Generated_Source\PSoC5/USBFS_boot.c ****            USBFS_CyBtLdrChecktimer(time))
 188              		.loc 1 155 0 is_stmt 1 discriminator 2
 189 006e FA8A     		ldrh	r2, [r7, #22]	@ movhi
 190 0070 02F10102 		add	r2, r2, #1
 191 0074 FA82     		strh	r2, [r7, #22]	@ movhi
 154:.\Generated_Source\PSoC5/USBFS_boot.c ****     while((USBFS_GetEPState(USBFS_BTLDR_IN_EP) == USBFS_IN_BUFFER_FULL) && \
 192              		.loc 1 154 0 discriminator 2
 193 0076 002B     		cmp	r3, #0
 194 0078 E3D1     		bne	.L7
 195              	.L6:
 158:.\Generated_Source\PSoC5/USBFS_boot.c ****     }
 159:.\Generated_Source\PSoC5/USBFS_boot.c **** 
 160:.\Generated_Source\PSoC5/USBFS_boot.c ****     if (USBFS_GetEPState(USBFS_BTLDR_IN_EP) == USBFS_IN_BUFFER_FULL)
 196              		.loc 1 160 0
 197 007a 4FF00200 		mov	r0, #2
 198 007e FFF7FEFF 		bl	USBFS_GetEPState
 199 0082 0346     		mov	r3, r0
 200 0084 002B     		cmp	r3, #0
 201 0086 03D1     		bne	.L8
 161:.\Generated_Source\PSoC5/USBFS_boot.c ****     {
 162:.\Generated_Source\PSoC5/USBFS_boot.c ****         status = CYRET_TIMEOUT;
 202              		.loc 1 162 0
 203 0088 4FF01003 		mov	r3, #16
 204 008c 3B61     		str	r3, [r7, #16]
 205 008e 05E0     		b	.L9
 206              	.L8:
 163:.\Generated_Source\PSoC5/USBFS_boot.c ****     }
 164:.\Generated_Source\PSoC5/USBFS_boot.c ****     else
 165:.\Generated_Source\PSoC5/USBFS_boot.c ****     {
 166:.\Generated_Source\PSoC5/USBFS_boot.c ****         *count = size;
 207              		.loc 1 166 0
 208 0090 7B68     		ldr	r3, [r7, #4]
 209 0092 7A89     		ldrh	r2, [r7, #10]	@ movhi
 210 0094 1A80     		strh	r2, [r3, #0]	@ movhi
 167:.\Generated_Source\PSoC5/USBFS_boot.c ****         status = CYRET_SUCCESS;
 211              		.loc 1 167 0
 212 0096 4FF00003 		mov	r3, #0
 213 009a 3B61     		str	r3, [r7, #16]
 214              	.L9:
 168:.\Generated_Source\PSoC5/USBFS_boot.c ****     }
 169:.\Generated_Source\PSoC5/USBFS_boot.c **** 
 170:.\Generated_Source\PSoC5/USBFS_boot.c ****     return(status);
 215              		.loc 1 170 0
 216 009c 3B69     		ldr	r3, [r7, #16]
 171:.\Generated_Source\PSoC5/USBFS_boot.c **** }
 217              		.loc 1 171 0
 218 009e 1846     		mov	r0, r3
 219 00a0 07F11807 		add	r7, r7, #24
 220 00a4 BD46     		mov	sp, r7
 221 00a6 80BD     		pop	{r7, pc}
 222              		.cfi_endproc
 223              	.LFE3:
 224              		.size	USBFS_CyBtldrCommWrite, .-USBFS_CyBtldrCommWrite
ARM GAS  C:\Users\Robert\AppData\Local\Temp\cc9p6bVr.s 			page 8


 225              		.section	.text.USBFS_CyBtldrCommRead,"ax",%progbits
 226              		.align	2
 227              		.global	USBFS_CyBtldrCommRead
 228              		.thumb
 229              		.thumb_func
 230              		.type	USBFS_CyBtldrCommRead, %function
 231              	USBFS_CyBtldrCommRead:
 232              	.LFB4:
 172:.\Generated_Source\PSoC5/USBFS_boot.c **** 
 173:.\Generated_Source\PSoC5/USBFS_boot.c **** 
 174:.\Generated_Source\PSoC5/USBFS_boot.c **** /*******************************************************************************
 175:.\Generated_Source\PSoC5/USBFS_boot.c **** * Function Name: USBFS_CyBtldrCommRead.
 176:.\Generated_Source\PSoC5/USBFS_boot.c **** ********************************************************************************
 177:.\Generated_Source\PSoC5/USBFS_boot.c **** *
 178:.\Generated_Source\PSoC5/USBFS_boot.c **** * Summary:
 179:.\Generated_Source\PSoC5/USBFS_boot.c **** *  Allows the caller to read data from the boot loader host. The function will
 180:.\Generated_Source\PSoC5/USBFS_boot.c **** *  handle polling to allow a block of data to be completely received from the
 181:.\Generated_Source\PSoC5/USBFS_boot.c **** *  host device.
 182:.\Generated_Source\PSoC5/USBFS_boot.c **** *
 183:.\Generated_Source\PSoC5/USBFS_boot.c **** * Parameters:
 184:.\Generated_Source\PSoC5/USBFS_boot.c **** *  pData:    A pointer to the area to store the block of data received
 185:.\Generated_Source\PSoC5/USBFS_boot.c **** *             from the device.
 186:.\Generated_Source\PSoC5/USBFS_boot.c **** *  size:     The number of bytes to read.
 187:.\Generated_Source\PSoC5/USBFS_boot.c **** *  count:    Pointer to an unsigned short variable to write the number
 188:.\Generated_Source\PSoC5/USBFS_boot.c **** *             of bytes actually read.
 189:.\Generated_Source\PSoC5/USBFS_boot.c **** *  timeOut:  Number of units to wait before returning because of a timeOut.
 190:.\Generated_Source\PSoC5/USBFS_boot.c **** *            Timeout is measured in 10s of ms.
 191:.\Generated_Source\PSoC5/USBFS_boot.c **** *
 192:.\Generated_Source\PSoC5/USBFS_boot.c **** * Return:
 193:.\Generated_Source\PSoC5/USBFS_boot.c **** *  Returns the value that best describes the problem.
 194:.\Generated_Source\PSoC5/USBFS_boot.c **** *
 195:.\Generated_Source\PSoC5/USBFS_boot.c **** * Reentrant:
 196:.\Generated_Source\PSoC5/USBFS_boot.c **** *  No.
 197:.\Generated_Source\PSoC5/USBFS_boot.c **** *
 198:.\Generated_Source\PSoC5/USBFS_boot.c **** *******************************************************************************/
 199:.\Generated_Source\PSoC5/USBFS_boot.c **** cystatus USBFS_CyBtldrCommRead(uint8 *pData, uint16 size, uint16 *count, uint8 timeOut) CYSMALL
 200:.\Generated_Source\PSoC5/USBFS_boot.c ****                                                             
 201:.\Generated_Source\PSoC5/USBFS_boot.c **** {
 233              		.loc 1 201 0
 234              		.cfi_startproc
 235              		@ args = 0, pretend = 0, frame = 24
 236              		@ frame_needed = 1, uses_anonymous_args = 0
 237 0000 80B5     		push	{r7, lr}
 238              	.LCFI9:
 239              		.cfi_def_cfa_offset 8
 240              		.cfi_offset 7, -8
 241              		.cfi_offset 14, -4
 242 0002 86B0     		sub	sp, sp, #24
 243              	.LCFI10:
 244              		.cfi_def_cfa_offset 32
 245 0004 00AF     		add	r7, sp, #0
 246              	.LCFI11:
 247              		.cfi_def_cfa_register 7
 248 0006 F860     		str	r0, [r7, #12]
 249 0008 7A60     		str	r2, [r7, #4]
 250 000a 0A46     		mov	r2, r1	@ movhi
 251 000c 7A81     		strh	r2, [r7, #10]	@ movhi
ARM GAS  C:\Users\Robert\AppData\Local\Temp\cc9p6bVr.s 			page 9


 252 000e 7B72     		strb	r3, [r7, #9]
 202:.\Generated_Source\PSoC5/USBFS_boot.c ****     cystatus status;
 203:.\Generated_Source\PSoC5/USBFS_boot.c ****     uint16 time;
 204:.\Generated_Source\PSoC5/USBFS_boot.c **** 
 205:.\Generated_Source\PSoC5/USBFS_boot.c ****     if(size > USBFS_BTLDR_SIZEOF_WRITE_BUFFER)
 253              		.loc 1 205 0
 254 0010 7B89     		ldrh	r3, [r7, #10]
 255 0012 402B     		cmp	r3, #64
 256 0014 02D9     		bls	.L12
 206:.\Generated_Source\PSoC5/USBFS_boot.c ****     {
 207:.\Generated_Source\PSoC5/USBFS_boot.c ****         size = USBFS_BTLDR_SIZEOF_WRITE_BUFFER;
 257              		.loc 1 207 0
 258 0016 4FF04003 		mov	r3, #64
 259 001a 7B81     		strh	r3, [r7, #10]	@ movhi
 260              	.L12:
 208:.\Generated_Source\PSoC5/USBFS_boot.c ****     }
 209:.\Generated_Source\PSoC5/USBFS_boot.c ****     /* Start a timer to wait on. */
 210:.\Generated_Source\PSoC5/USBFS_boot.c ****     USBFS_CyBtLdrStarttimer(time, timeOut);
 261              		.loc 1 210 0
 262 001c 7B7A     		ldrb	r3, [r7, #9]	@ zero_extendqisi2
 263 001e 9BB2     		uxth	r3, r3
 264 0020 1A46     		mov	r2, r3	@ movhi
 265 0022 4FEA8202 		lsl	r2, r2, #2
 266 0026 D318     		adds	r3, r2, r3
 267 0028 4FEA4303 		lsl	r3, r3, #1
 268 002c 9AB2     		uxth	r2, r3
 269 002e 40F20003 		movw	r3, #:lower16:USBFS_universalTime
 270 0032 C0F20003 		movt	r3, #:upper16:USBFS_universalTime
 271 0036 1A80     		strh	r2, [r3, #0]	@ movhi
 272 0038 4FF00003 		mov	r3, #0
 273 003c 7B82     		strh	r3, [r7, #18]	@ movhi
 211:.\Generated_Source\PSoC5/USBFS_boot.c **** 
 212:.\Generated_Source\PSoC5/USBFS_boot.c ****     /* Wait on enumeration in first time */
 213:.\Generated_Source\PSoC5/USBFS_boot.c ****     if(USBFS_started)
 274              		.loc 1 213 0
 275 003e 40F20003 		movw	r3, #:lower16:USBFS_started
 276 0042 C0F20003 		movt	r3, #:upper16:USBFS_started
 277 0046 1B78     		ldrb	r3, [r3, #0]	@ zero_extendqisi2
 278 0048 002B     		cmp	r3, #0
 279 004a 2BD0     		beq	.L13
 214:.\Generated_Source\PSoC5/USBFS_boot.c ****     {
 215:.\Generated_Source\PSoC5/USBFS_boot.c ****         /* Wait for Device to enumerate */
 216:.\Generated_Source\PSoC5/USBFS_boot.c ****         while(!USBFS_GetConfiguration() && USBFS_CyBtLdrChecktimer(time))
 280              		.loc 1 216 0
 281 004c 03E0     		b	.L14
 282              	.L16:
 217:.\Generated_Source\PSoC5/USBFS_boot.c ****         {
 218:.\Generated_Source\PSoC5/USBFS_boot.c ****             CyDelay(1u); /* 1ms delay */
 283              		.loc 1 218 0
 284 004e 4FF00100 		mov	r0, #1
 285 0052 FFF7FEFF 		bl	CyDelay
 286              	.L14:
 216:.\Generated_Source\PSoC5/USBFS_boot.c ****         while(!USBFS_GetConfiguration() && USBFS_CyBtLdrChecktimer(time))
 287              		.loc 1 216 0 discriminator 1
 288 0056 FFF7FEFF 		bl	USBFS_GetConfiguration
 289 005a 0346     		mov	r3, r0
 290 005c 002B     		cmp	r3, #0
ARM GAS  C:\Users\Robert\AppData\Local\Temp\cc9p6bVr.s 			page 10


 291 005e 10D1     		bne	.L15
 216:.\Generated_Source\PSoC5/USBFS_boot.c ****         while(!USBFS_GetConfiguration() && USBFS_CyBtLdrChecktimer(time))
 292              		.loc 1 216 0 is_stmt 0 discriminator 2
 293 0060 40F20003 		movw	r3, #:lower16:USBFS_universalTime
 294 0064 C0F20003 		movt	r3, #:upper16:USBFS_universalTime
 295 0068 1B88     		ldrh	r3, [r3, #0]
 296 006a 7A8A     		ldrh	r2, [r7, #18]
 297 006c 9A42     		cmp	r2, r3
 298 006e 2CBF     		ite	cs
 299 0070 0023     		movcs	r3, #0
 300 0072 0123     		movcc	r3, #1
 301 0074 DBB2     		uxtb	r3, r3
 302 0076 7A8A     		ldrh	r2, [r7, #18]	@ movhi
 303 0078 02F10102 		add	r2, r2, #1
 304 007c 7A82     		strh	r2, [r7, #18]	@ movhi
 305 007e 002B     		cmp	r3, #0
 306 0080 E5D1     		bne	.L16
 307              	.L15:
 219:.\Generated_Source\PSoC5/USBFS_boot.c ****         }
 220:.\Generated_Source\PSoC5/USBFS_boot.c ****         /* Enable first OUT, if enumeration complete */
 221:.\Generated_Source\PSoC5/USBFS_boot.c ****         if(USBFS_GetConfiguration())
 308              		.loc 1 221 0 is_stmt 1
 309 0082 FFF7FEFF 		bl	USBFS_GetConfiguration
 310 0086 0346     		mov	r3, r0
 311 0088 002B     		cmp	r3, #0
 312 008a 1DD0     		beq	.L24
 222:.\Generated_Source\PSoC5/USBFS_boot.c ****         {
 223:.\Generated_Source\PSoC5/USBFS_boot.c ****             USBFS_IsConfigurationChanged();  /* Clear configuration changes state status */
 313              		.loc 1 223 0
 314 008c FFF7FEFF 		bl	USBFS_IsConfigurationChanged
 224:.\Generated_Source\PSoC5/USBFS_boot.c ****             USBFS_CyBtldrCommReset();
 315              		.loc 1 224 0
 316 0090 FFF7FEFF 		bl	USBFS_CyBtldrCommReset
 225:.\Generated_Source\PSoC5/USBFS_boot.c ****             USBFS_started = 0u;
 317              		.loc 1 225 0
 318 0094 40F20003 		movw	r3, #:lower16:USBFS_started
 319 0098 C0F20003 		movt	r3, #:upper16:USBFS_started
 320 009c 4FF00002 		mov	r2, #0
 321 00a0 1A70     		strb	r2, [r3, #0]
 226:.\Generated_Source\PSoC5/USBFS_boot.c ****         }
 227:.\Generated_Source\PSoC5/USBFS_boot.c ****     }
 228:.\Generated_Source\PSoC5/USBFS_boot.c ****     else /* Check for configuration changes, has been done by Host */
 229:.\Generated_Source\PSoC5/USBFS_boot.c ****     {
 230:.\Generated_Source\PSoC5/USBFS_boot.c ****         if(USBFS_IsConfigurationChanged() != 0u) /* Host could send double SET_INTERFACE request or
 231:.\Generated_Source\PSoC5/USBFS_boot.c ****         {
 232:.\Generated_Source\PSoC5/USBFS_boot.c ****             if(USBFS_GetConfiguration() != 0u)   /* Init OUT endpoints when device reconfigured */
 233:.\Generated_Source\PSoC5/USBFS_boot.c ****             {
 234:.\Generated_Source\PSoC5/USBFS_boot.c ****                 USBFS_CyBtldrCommReset();
 235:.\Generated_Source\PSoC5/USBFS_boot.c ****             }
 236:.\Generated_Source\PSoC5/USBFS_boot.c ****         }
 237:.\Generated_Source\PSoC5/USBFS_boot.c ****     }
 238:.\Generated_Source\PSoC5/USBFS_boot.c ****     /* Wait on next packet */
 239:.\Generated_Source\PSoC5/USBFS_boot.c ****     while((USBFS_GetEPState(USBFS_BTLDR_OUT_EP) != USBFS_OUT_BUFFER_FULL) && \
 322              		.loc 1 239 0
 323 00a2 11E0     		b	.L24
 324              	.L13:
 230:.\Generated_Source\PSoC5/USBFS_boot.c ****         if(USBFS_IsConfigurationChanged() != 0u) /* Host could send double SET_INTERFACE request or
ARM GAS  C:\Users\Robert\AppData\Local\Temp\cc9p6bVr.s 			page 11


 325              		.loc 1 230 0
 326 00a4 FFF7FEFF 		bl	USBFS_IsConfigurationChanged
 327 00a8 0346     		mov	r3, r0
 328 00aa 002B     		cmp	r3, #0
 329 00ac 0CD0     		beq	.L24
 232:.\Generated_Source\PSoC5/USBFS_boot.c ****             if(USBFS_GetConfiguration() != 0u)   /* Init OUT endpoints when device reconfigured */
 330              		.loc 1 232 0
 331 00ae FFF7FEFF 		bl	USBFS_GetConfiguration
 332 00b2 0346     		mov	r3, r0
 333 00b4 002B     		cmp	r3, #0
 334 00b6 07D0     		beq	.L24
 234:.\Generated_Source\PSoC5/USBFS_boot.c ****                 USBFS_CyBtldrCommReset();
 335              		.loc 1 234 0
 336 00b8 FFF7FEFF 		bl	USBFS_CyBtldrCommReset
 337              		.loc 1 239 0
 338 00bc 04E0     		b	.L24
 339              	.L20:
 240:.\Generated_Source\PSoC5/USBFS_boot.c ****            USBFS_CyBtLdrChecktimer(time))
 241:.\Generated_Source\PSoC5/USBFS_boot.c ****     {
 242:.\Generated_Source\PSoC5/USBFS_boot.c ****         CyDelay(1u); /* 1ms delay */
 340              		.loc 1 242 0
 341 00be 4FF00100 		mov	r0, #1
 342 00c2 FFF7FEFF 		bl	CyDelay
 343 00c6 00E0     		b	.L18
 344              	.L24:
 239:.\Generated_Source\PSoC5/USBFS_boot.c ****     while((USBFS_GetEPState(USBFS_BTLDR_OUT_EP) != USBFS_OUT_BUFFER_FULL) && \
 345              		.loc 1 239 0
 346 00c8 00BF     		nop
 347              	.L18:
 239:.\Generated_Source\PSoC5/USBFS_boot.c ****     while((USBFS_GetEPState(USBFS_BTLDR_OUT_EP) != USBFS_OUT_BUFFER_FULL) && \
 348              		.loc 1 239 0 is_stmt 0 discriminator 1
 349 00ca 4FF00100 		mov	r0, #1
 350 00ce FFF7FEFF 		bl	USBFS_GetEPState
 351 00d2 0346     		mov	r3, r0
 352 00d4 012B     		cmp	r3, #1
 353 00d6 10D0     		beq	.L19
 239:.\Generated_Source\PSoC5/USBFS_boot.c ****     while((USBFS_GetEPState(USBFS_BTLDR_OUT_EP) != USBFS_OUT_BUFFER_FULL) && \
 354              		.loc 1 239 0 discriminator 2
 355 00d8 40F20003 		movw	r3, #:lower16:USBFS_universalTime
 356 00dc C0F20003 		movt	r3, #:upper16:USBFS_universalTime
 357 00e0 1B88     		ldrh	r3, [r3, #0]
 358 00e2 7A8A     		ldrh	r2, [r7, #18]
 359 00e4 9A42     		cmp	r2, r3
 360 00e6 2CBF     		ite	cs
 361 00e8 0023     		movcs	r3, #0
 362 00ea 0123     		movcc	r3, #1
 363 00ec DBB2     		uxtb	r3, r3
 240:.\Generated_Source\PSoC5/USBFS_boot.c ****            USBFS_CyBtLdrChecktimer(time))
 364              		.loc 1 240 0 is_stmt 1 discriminator 2
 365 00ee 7A8A     		ldrh	r2, [r7, #18]	@ movhi
 366 00f0 02F10102 		add	r2, r2, #1
 367 00f4 7A82     		strh	r2, [r7, #18]	@ movhi
 239:.\Generated_Source\PSoC5/USBFS_boot.c ****     while((USBFS_GetEPState(USBFS_BTLDR_OUT_EP) != USBFS_OUT_BUFFER_FULL) && \
 368              		.loc 1 239 0 discriminator 2
 369 00f6 002B     		cmp	r3, #0
 370 00f8 E1D1     		bne	.L20
 371              	.L19:
ARM GAS  C:\Users\Robert\AppData\Local\Temp\cc9p6bVr.s 			page 12


 243:.\Generated_Source\PSoC5/USBFS_boot.c ****     }
 244:.\Generated_Source\PSoC5/USBFS_boot.c **** 
 245:.\Generated_Source\PSoC5/USBFS_boot.c ****     /* OUT EP has completed */
 246:.\Generated_Source\PSoC5/USBFS_boot.c ****     if (USBFS_GetEPState(USBFS_BTLDR_OUT_EP) == USBFS_OUT_BUFFER_FULL)
 372              		.loc 1 246 0
 373 00fa 4FF00100 		mov	r0, #1
 374 00fe FFF7FEFF 		bl	USBFS_GetEPState
 375 0102 0346     		mov	r3, r0
 376 0104 012B     		cmp	r3, #1
 377 0106 0ED1     		bne	.L21
 247:.\Generated_Source\PSoC5/USBFS_boot.c ****     {
 248:.\Generated_Source\PSoC5/USBFS_boot.c ****         *count = USBFS_ReadOutEP(USBFS_BTLDR_OUT_EP, pData, size);
 378              		.loc 1 248 0
 379 0108 7B89     		ldrh	r3, [r7, #10]
 380 010a 4FF00100 		mov	r0, #1
 381 010e F968     		ldr	r1, [r7, #12]
 382 0110 1A46     		mov	r2, r3
 383 0112 FFF7FEFF 		bl	USBFS_ReadOutEP
 384 0116 0346     		mov	r3, r0
 385 0118 1A46     		mov	r2, r3
 386 011a 7B68     		ldr	r3, [r7, #4]
 387 011c 1A80     		strh	r2, [r3, #0]	@ movhi
 249:.\Generated_Source\PSoC5/USBFS_boot.c ****         status = CYRET_SUCCESS;
 388              		.loc 1 249 0
 389 011e 4FF00003 		mov	r3, #0
 390 0122 7B61     		str	r3, [r7, #20]
 391 0124 06E0     		b	.L22
 392              	.L21:
 250:.\Generated_Source\PSoC5/USBFS_boot.c ****     }
 251:.\Generated_Source\PSoC5/USBFS_boot.c ****     else
 252:.\Generated_Source\PSoC5/USBFS_boot.c ****     {
 253:.\Generated_Source\PSoC5/USBFS_boot.c ****         *count = 0u;
 393              		.loc 1 253 0
 394 0126 7B68     		ldr	r3, [r7, #4]
 395 0128 4FF00002 		mov	r2, #0
 396 012c 1A80     		strh	r2, [r3, #0]	@ movhi
 254:.\Generated_Source\PSoC5/USBFS_boot.c ****         status = CYRET_TIMEOUT;
 397              		.loc 1 254 0
 398 012e 4FF01003 		mov	r3, #16
 399 0132 7B61     		str	r3, [r7, #20]
 400              	.L22:
 255:.\Generated_Source\PSoC5/USBFS_boot.c ****     }
 256:.\Generated_Source\PSoC5/USBFS_boot.c ****     return(status);
 401              		.loc 1 256 0
 402 0134 7B69     		ldr	r3, [r7, #20]
 257:.\Generated_Source\PSoC5/USBFS_boot.c **** }
 403              		.loc 1 257 0
 404 0136 1846     		mov	r0, r3
 405 0138 07F11807 		add	r7, r7, #24
 406 013c BD46     		mov	sp, r7
 407 013e 80BD     		pop	{r7, pc}
 408              		.cfi_endproc
 409              	.LFE4:
 410              		.size	USBFS_CyBtldrCommRead, .-USBFS_CyBtldrCommRead
 411              		.text
 412              	.Letext0:
 413              		.file 2 ".\\Generated_Source\\PSoC5\\cytypes.h"
ARM GAS  C:\Users\Robert\AppData\Local\Temp\cc9p6bVr.s 			page 13


 414              		.section	.debug_info,"",%progbits
 415              	.Ldebug_info0:
 416 0000 FF010000 		.4byte	0x1ff
 417 0004 0200     		.2byte	0x2
 418 0006 00000000 		.4byte	.Ldebug_abbrev0
 419 000a 04       		.byte	0x4
 420 000b 01       		.uleb128 0x1
 421 000c 79010000 		.4byte	.LASF29
 422 0010 01       		.byte	0x1
 423 0011 0F020000 		.4byte	.LASF30
 424 0015 68000000 		.4byte	.LASF31
 425 0019 00000000 		.4byte	.Ldebug_ranges0+0
 426 001d 00000000 		.4byte	0
 427 0021 00000000 		.4byte	0
 428 0025 00000000 		.4byte	.Ldebug_line0
 429 0029 02       		.uleb128 0x2
 430 002a 01       		.byte	0x1
 431 002b 06       		.byte	0x6
 432 002c E1010000 		.4byte	.LASF0
 433 0030 02       		.uleb128 0x2
 434 0031 01       		.byte	0x1
 435 0032 08       		.byte	0x8
 436 0033 D9000000 		.4byte	.LASF1
 437 0037 02       		.uleb128 0x2
 438 0038 02       		.byte	0x2
 439 0039 05       		.byte	0x5
 440 003a 6F010000 		.4byte	.LASF2
 441 003e 02       		.uleb128 0x2
 442 003f 02       		.byte	0x2
 443 0040 07       		.byte	0x7
 444 0041 0F000000 		.4byte	.LASF3
 445 0045 02       		.uleb128 0x2
 446 0046 04       		.byte	0x4
 447 0047 05       		.byte	0x5
 448 0048 C2010000 		.4byte	.LASF4
 449 004c 02       		.uleb128 0x2
 450 004d 04       		.byte	0x4
 451 004e 07       		.byte	0x7
 452 004f C1000000 		.4byte	.LASF5
 453 0053 02       		.uleb128 0x2
 454 0054 08       		.byte	0x8
 455 0055 05       		.byte	0x5
 456 0056 5C010000 		.4byte	.LASF6
 457 005a 02       		.uleb128 0x2
 458 005b 08       		.byte	0x8
 459 005c 07       		.byte	0x7
 460 005d 19010000 		.4byte	.LASF7
 461 0061 03       		.uleb128 0x3
 462 0062 04       		.byte	0x4
 463 0063 05       		.byte	0x5
 464 0064 696E7400 		.ascii	"int\000"
 465 0068 02       		.uleb128 0x2
 466 0069 04       		.byte	0x4
 467 006a 07       		.byte	0x7
 468 006b 0C010000 		.4byte	.LASF8
 469 006f 04       		.uleb128 0x4
 470 0070 D3000000 		.4byte	.LASF9
ARM GAS  C:\Users\Robert\AppData\Local\Temp\cc9p6bVr.s 			page 14


 471 0074 02       		.byte	0x2
 472 0075 5B       		.byte	0x5b
 473 0076 30000000 		.4byte	0x30
 474 007a 04       		.uleb128 0x4
 475 007b 05010000 		.4byte	.LASF10
 476 007f 02       		.byte	0x2
 477 0080 5C       		.byte	0x5c
 478 0081 3E000000 		.4byte	0x3e
 479 0085 02       		.uleb128 0x2
 480 0086 04       		.byte	0x4
 481 0087 04       		.byte	0x4
 482 0088 5D000000 		.4byte	.LASF11
 483 008c 02       		.uleb128 0x2
 484 008d 08       		.byte	0x8
 485 008e 04       		.byte	0x4
 486 008f E7000000 		.4byte	.LASF12
 487 0093 02       		.uleb128 0x2
 488 0094 01       		.byte	0x1
 489 0095 08       		.byte	0x8
 490 0096 6A010000 		.4byte	.LASF13
 491 009a 04       		.uleb128 0x4
 492 009b 00000000 		.4byte	.LASF14
 493 009f 02       		.byte	0x2
 494 00a0 E8       		.byte	0xe8
 495 00a1 4C000000 		.4byte	0x4c
 496 00a5 02       		.uleb128 0x2
 497 00a6 04       		.byte	0x4
 498 00a7 07       		.byte	0x7
 499 00a8 53010000 		.4byte	.LASF15
 500 00ac 05       		.uleb128 0x5
 501 00ad 01       		.byte	0x1
 502 00ae 46000000 		.4byte	.LASF16
 503 00b2 01       		.byte	0x1
 504 00b3 3E       		.byte	0x3e
 505 00b4 01       		.byte	0x1
 506 00b5 00000000 		.4byte	.LFB0
 507 00b9 22000000 		.4byte	.LFE0
 508 00bd 00000000 		.4byte	.LLST0
 509 00c1 01       		.byte	0x1
 510 00c2 05       		.uleb128 0x5
 511 00c3 01       		.byte	0x1
 512 00c4 CB010000 		.4byte	.LASF17
 513 00c8 01       		.byte	0x1
 514 00c9 59       		.byte	0x59
 515 00ca 01       		.byte	0x1
 516 00cb 00000000 		.4byte	.LFB1
 517 00cf 0A000000 		.4byte	.LFE1
 518 00d3 2C000000 		.4byte	.LLST1
 519 00d7 01       		.byte	0x1
 520 00d8 05       		.uleb128 0x5
 521 00d9 01       		.byte	0x1
 522 00da 22000000 		.4byte	.LASF18
 523 00de 01       		.byte	0x1
 524 00df 70       		.byte	0x70
 525 00e0 01       		.byte	0x1
 526 00e1 00000000 		.4byte	.LFB2
 527 00e5 0E000000 		.4byte	.LFE2
ARM GAS  C:\Users\Robert\AppData\Local\Temp\cc9p6bVr.s 			page 15


 528 00e9 58000000 		.4byte	.LLST2
 529 00ed 01       		.byte	0x1
 530 00ee 06       		.uleb128 0x6
 531 00ef 01       		.byte	0x1
 532 00f0 EE000000 		.4byte	.LASF25
 533 00f4 01       		.byte	0x1
 534 00f5 8D       		.byte	0x8d
 535 00f6 01       		.byte	0x1
 536 00f7 9A000000 		.4byte	0x9a
 537 00fb 00000000 		.4byte	.LFB3
 538 00ff A8000000 		.4byte	.LFE3
 539 0103 84000000 		.4byte	.LLST3
 540 0107 01       		.byte	0x1
 541 0108 61010000 		.4byte	0x161
 542 010c 07       		.uleb128 0x7
 543 010d 40000000 		.4byte	.LASF19
 544 0111 01       		.byte	0x1
 545 0112 8D       		.byte	0x8d
 546 0113 61010000 		.4byte	0x161
 547 0117 02       		.byte	0x2
 548 0118 91       		.byte	0x91
 549 0119 6C       		.sleb128 -20
 550 011a 07       		.uleb128 0x7
 551 011b 63000000 		.4byte	.LASF20
 552 011f 01       		.byte	0x1
 553 0120 8D       		.byte	0x8d
 554 0121 7A000000 		.4byte	0x7a
 555 0125 02       		.byte	0x2
 556 0126 91       		.byte	0x91
 557 0127 6A       		.sleb128 -22
 558 0128 07       		.uleb128 0x7
 559 0129 09000000 		.4byte	.LASF21
 560 012d 01       		.byte	0x1
 561 012e 8D       		.byte	0x8d
 562 012f 67010000 		.4byte	0x167
 563 0133 02       		.byte	0x2
 564 0134 91       		.byte	0x91
 565 0135 64       		.sleb128 -28
 566 0136 07       		.uleb128 0x7
 567 0137 46010000 		.4byte	.LASF22
 568 013b 01       		.byte	0x1
 569 013c 8D       		.byte	0x8d
 570 013d 6F000000 		.4byte	0x6f
 571 0141 02       		.byte	0x2
 572 0142 91       		.byte	0x91
 573 0143 69       		.sleb128 -23
 574 0144 08       		.uleb128 0x8
 575 0145 4E010000 		.4byte	.LASF23
 576 0149 01       		.byte	0x1
 577 014a 90       		.byte	0x90
 578 014b 7A000000 		.4byte	0x7a
 579 014f 02       		.byte	0x2
 580 0150 91       		.byte	0x91
 581 0151 76       		.sleb128 -10
 582 0152 08       		.uleb128 0x8
 583 0153 39000000 		.4byte	.LASF24
 584 0157 01       		.byte	0x1
ARM GAS  C:\Users\Robert\AppData\Local\Temp\cc9p6bVr.s 			page 16


 585 0158 91       		.byte	0x91
 586 0159 9A000000 		.4byte	0x9a
 587 015d 02       		.byte	0x2
 588 015e 91       		.byte	0x91
 589 015f 70       		.sleb128 -16
 590 0160 00       		.byte	0
 591 0161 09       		.uleb128 0x9
 592 0162 04       		.byte	0x4
 593 0163 6F000000 		.4byte	0x6f
 594 0167 09       		.uleb128 0x9
 595 0168 04       		.byte	0x4
 596 0169 7A000000 		.4byte	0x7a
 597 016d 06       		.uleb128 0x6
 598 016e 01       		.byte	0x1
 599 016f 30010000 		.4byte	.LASF26
 600 0173 01       		.byte	0x1
 601 0174 C7       		.byte	0xc7
 602 0175 01       		.byte	0x1
 603 0176 9A000000 		.4byte	0x9a
 604 017a 00000000 		.4byte	.LFB4
 605 017e 40010000 		.4byte	.LFE4
 606 0182 BC000000 		.4byte	.LLST4
 607 0186 01       		.byte	0x1
 608 0187 E0010000 		.4byte	0x1e0
 609 018b 07       		.uleb128 0x7
 610 018c 40000000 		.4byte	.LASF19
 611 0190 01       		.byte	0x1
 612 0191 C7       		.byte	0xc7
 613 0192 61010000 		.4byte	0x161
 614 0196 02       		.byte	0x2
 615 0197 91       		.byte	0x91
 616 0198 6C       		.sleb128 -20
 617 0199 07       		.uleb128 0x7
 618 019a 63000000 		.4byte	.LASF20
 619 019e 01       		.byte	0x1
 620 019f C7       		.byte	0xc7
 621 01a0 7A000000 		.4byte	0x7a
 622 01a4 02       		.byte	0x2
 623 01a5 91       		.byte	0x91
 624 01a6 6A       		.sleb128 -22
 625 01a7 07       		.uleb128 0x7
 626 01a8 09000000 		.4byte	.LASF21
 627 01ac 01       		.byte	0x1
 628 01ad C7       		.byte	0xc7
 629 01ae 67010000 		.4byte	0x167
 630 01b2 02       		.byte	0x2
 631 01b3 91       		.byte	0x91
 632 01b4 64       		.sleb128 -28
 633 01b5 07       		.uleb128 0x7
 634 01b6 46010000 		.4byte	.LASF22
 635 01ba 01       		.byte	0x1
 636 01bb C7       		.byte	0xc7
 637 01bc 6F000000 		.4byte	0x6f
 638 01c0 02       		.byte	0x2
 639 01c1 91       		.byte	0x91
 640 01c2 69       		.sleb128 -23
 641 01c3 08       		.uleb128 0x8
ARM GAS  C:\Users\Robert\AppData\Local\Temp\cc9p6bVr.s 			page 17


 642 01c4 39000000 		.4byte	.LASF24
 643 01c8 01       		.byte	0x1
 644 01c9 CA       		.byte	0xca
 645 01ca 9A000000 		.4byte	0x9a
 646 01ce 02       		.byte	0x2
 647 01cf 91       		.byte	0x91
 648 01d0 74       		.sleb128 -12
 649 01d1 08       		.uleb128 0x8
 650 01d2 4E010000 		.4byte	.LASF23
 651 01d6 01       		.byte	0x1
 652 01d7 CB       		.byte	0xcb
 653 01d8 7A000000 		.4byte	0x7a
 654 01dc 02       		.byte	0x2
 655 01dd 91       		.byte	0x91
 656 01de 72       		.sleb128 -14
 657 01df 00       		.byte	0
 658 01e0 08       		.uleb128 0x8
 659 01e1 FB010000 		.4byte	.LASF27
 660 01e5 01       		.byte	0x1
 661 01e6 26       		.byte	0x26
 662 01e7 7A000000 		.4byte	0x7a
 663 01eb 05       		.byte	0x5
 664 01ec 03       		.byte	0x3
 665 01ed 00000000 		.4byte	USBFS_universalTime
 666 01f1 08       		.uleb128 0x8
 667 01f2 ED010000 		.4byte	.LASF28
 668 01f6 01       		.byte	0x1
 669 01f7 27       		.byte	0x27
 670 01f8 6F000000 		.4byte	0x6f
 671 01fc 05       		.byte	0x5
 672 01fd 03       		.byte	0x3
 673 01fe 02000000 		.4byte	USBFS_started
 674 0202 00       		.byte	0
 675              		.section	.debug_abbrev,"",%progbits
 676              	.Ldebug_abbrev0:
 677 0000 01       		.uleb128 0x1
 678 0001 11       		.uleb128 0x11
 679 0002 01       		.byte	0x1
 680 0003 25       		.uleb128 0x25
 681 0004 0E       		.uleb128 0xe
 682 0005 13       		.uleb128 0x13
 683 0006 0B       		.uleb128 0xb
 684 0007 03       		.uleb128 0x3
 685 0008 0E       		.uleb128 0xe
 686 0009 1B       		.uleb128 0x1b
 687 000a 0E       		.uleb128 0xe
 688 000b 55       		.uleb128 0x55
 689 000c 06       		.uleb128 0x6
 690 000d 11       		.uleb128 0x11
 691 000e 01       		.uleb128 0x1
 692 000f 52       		.uleb128 0x52
 693 0010 01       		.uleb128 0x1
 694 0011 10       		.uleb128 0x10
 695 0012 06       		.uleb128 0x6
 696 0013 00       		.byte	0
 697 0014 00       		.byte	0
 698 0015 02       		.uleb128 0x2
ARM GAS  C:\Users\Robert\AppData\Local\Temp\cc9p6bVr.s 			page 18


 699 0016 24       		.uleb128 0x24
 700 0017 00       		.byte	0
 701 0018 0B       		.uleb128 0xb
 702 0019 0B       		.uleb128 0xb
 703 001a 3E       		.uleb128 0x3e
 704 001b 0B       		.uleb128 0xb
 705 001c 03       		.uleb128 0x3
 706 001d 0E       		.uleb128 0xe
 707 001e 00       		.byte	0
 708 001f 00       		.byte	0
 709 0020 03       		.uleb128 0x3
 710 0021 24       		.uleb128 0x24
 711 0022 00       		.byte	0
 712 0023 0B       		.uleb128 0xb
 713 0024 0B       		.uleb128 0xb
 714 0025 3E       		.uleb128 0x3e
 715 0026 0B       		.uleb128 0xb
 716 0027 03       		.uleb128 0x3
 717 0028 08       		.uleb128 0x8
 718 0029 00       		.byte	0
 719 002a 00       		.byte	0
 720 002b 04       		.uleb128 0x4
 721 002c 16       		.uleb128 0x16
 722 002d 00       		.byte	0
 723 002e 03       		.uleb128 0x3
 724 002f 0E       		.uleb128 0xe
 725 0030 3A       		.uleb128 0x3a
 726 0031 0B       		.uleb128 0xb
 727 0032 3B       		.uleb128 0x3b
 728 0033 0B       		.uleb128 0xb
 729 0034 49       		.uleb128 0x49
 730 0035 13       		.uleb128 0x13
 731 0036 00       		.byte	0
 732 0037 00       		.byte	0
 733 0038 05       		.uleb128 0x5
 734 0039 2E       		.uleb128 0x2e
 735 003a 00       		.byte	0
 736 003b 3F       		.uleb128 0x3f
 737 003c 0C       		.uleb128 0xc
 738 003d 03       		.uleb128 0x3
 739 003e 0E       		.uleb128 0xe
 740 003f 3A       		.uleb128 0x3a
 741 0040 0B       		.uleb128 0xb
 742 0041 3B       		.uleb128 0x3b
 743 0042 0B       		.uleb128 0xb
 744 0043 27       		.uleb128 0x27
 745 0044 0C       		.uleb128 0xc
 746 0045 11       		.uleb128 0x11
 747 0046 01       		.uleb128 0x1
 748 0047 12       		.uleb128 0x12
 749 0048 01       		.uleb128 0x1
 750 0049 40       		.uleb128 0x40
 751 004a 06       		.uleb128 0x6
 752 004b 9642     		.uleb128 0x2116
 753 004d 0C       		.uleb128 0xc
 754 004e 00       		.byte	0
 755 004f 00       		.byte	0
ARM GAS  C:\Users\Robert\AppData\Local\Temp\cc9p6bVr.s 			page 19


 756 0050 06       		.uleb128 0x6
 757 0051 2E       		.uleb128 0x2e
 758 0052 01       		.byte	0x1
 759 0053 3F       		.uleb128 0x3f
 760 0054 0C       		.uleb128 0xc
 761 0055 03       		.uleb128 0x3
 762 0056 0E       		.uleb128 0xe
 763 0057 3A       		.uleb128 0x3a
 764 0058 0B       		.uleb128 0xb
 765 0059 3B       		.uleb128 0x3b
 766 005a 0B       		.uleb128 0xb
 767 005b 27       		.uleb128 0x27
 768 005c 0C       		.uleb128 0xc
 769 005d 49       		.uleb128 0x49
 770 005e 13       		.uleb128 0x13
 771 005f 11       		.uleb128 0x11
 772 0060 01       		.uleb128 0x1
 773 0061 12       		.uleb128 0x12
 774 0062 01       		.uleb128 0x1
 775 0063 40       		.uleb128 0x40
 776 0064 06       		.uleb128 0x6
 777 0065 9642     		.uleb128 0x2116
 778 0067 0C       		.uleb128 0xc
 779 0068 01       		.uleb128 0x1
 780 0069 13       		.uleb128 0x13
 781 006a 00       		.byte	0
 782 006b 00       		.byte	0
 783 006c 07       		.uleb128 0x7
 784 006d 05       		.uleb128 0x5
 785 006e 00       		.byte	0
 786 006f 03       		.uleb128 0x3
 787 0070 0E       		.uleb128 0xe
 788 0071 3A       		.uleb128 0x3a
 789 0072 0B       		.uleb128 0xb
 790 0073 3B       		.uleb128 0x3b
 791 0074 0B       		.uleb128 0xb
 792 0075 49       		.uleb128 0x49
 793 0076 13       		.uleb128 0x13
 794 0077 02       		.uleb128 0x2
 795 0078 0A       		.uleb128 0xa
 796 0079 00       		.byte	0
 797 007a 00       		.byte	0
 798 007b 08       		.uleb128 0x8
 799 007c 34       		.uleb128 0x34
 800 007d 00       		.byte	0
 801 007e 03       		.uleb128 0x3
 802 007f 0E       		.uleb128 0xe
 803 0080 3A       		.uleb128 0x3a
 804 0081 0B       		.uleb128 0xb
 805 0082 3B       		.uleb128 0x3b
 806 0083 0B       		.uleb128 0xb
 807 0084 49       		.uleb128 0x49
 808 0085 13       		.uleb128 0x13
 809 0086 02       		.uleb128 0x2
 810 0087 0A       		.uleb128 0xa
 811 0088 00       		.byte	0
 812 0089 00       		.byte	0
ARM GAS  C:\Users\Robert\AppData\Local\Temp\cc9p6bVr.s 			page 20


 813 008a 09       		.uleb128 0x9
 814 008b 0F       		.uleb128 0xf
 815 008c 00       		.byte	0
 816 008d 0B       		.uleb128 0xb
 817 008e 0B       		.uleb128 0xb
 818 008f 49       		.uleb128 0x49
 819 0090 13       		.uleb128 0x13
 820 0091 00       		.byte	0
 821 0092 00       		.byte	0
 822 0093 00       		.byte	0
 823              		.section	.debug_loc,"",%progbits
 824              	.Ldebug_loc0:
 825              	.LLST0:
 826 0000 00000000 		.4byte	.LFB0
 827 0004 02000000 		.4byte	.LCFI0
 828 0008 0200     		.2byte	0x2
 829 000a 7D       		.byte	0x7d
 830 000b 00       		.sleb128 0
 831 000c 02000000 		.4byte	.LCFI0
 832 0010 04000000 		.4byte	.LCFI1
 833 0014 0200     		.2byte	0x2
 834 0016 7D       		.byte	0x7d
 835 0017 08       		.sleb128 8
 836 0018 04000000 		.4byte	.LCFI1
 837 001c 22000000 		.4byte	.LFE0
 838 0020 0200     		.2byte	0x2
 839 0022 77       		.byte	0x77
 840 0023 08       		.sleb128 8
 841 0024 00000000 		.4byte	0
 842 0028 00000000 		.4byte	0
 843              	.LLST1:
 844 002c 00000000 		.4byte	.LFB1
 845 0030 02000000 		.4byte	.LCFI2
 846 0034 0200     		.2byte	0x2
 847 0036 7D       		.byte	0x7d
 848 0037 00       		.sleb128 0
 849 0038 02000000 		.4byte	.LCFI2
 850 003c 04000000 		.4byte	.LCFI3
 851 0040 0200     		.2byte	0x2
 852 0042 7D       		.byte	0x7d
 853 0043 08       		.sleb128 8
 854 0044 04000000 		.4byte	.LCFI3
 855 0048 0A000000 		.4byte	.LFE1
 856 004c 0200     		.2byte	0x2
 857 004e 77       		.byte	0x77
 858 004f 08       		.sleb128 8
 859 0050 00000000 		.4byte	0
 860 0054 00000000 		.4byte	0
 861              	.LLST2:
 862 0058 00000000 		.4byte	.LFB2
 863 005c 02000000 		.4byte	.LCFI4
 864 0060 0200     		.2byte	0x2
 865 0062 7D       		.byte	0x7d
 866 0063 00       		.sleb128 0
 867 0064 02000000 		.4byte	.LCFI4
 868 0068 04000000 		.4byte	.LCFI5
 869 006c 0200     		.2byte	0x2
ARM GAS  C:\Users\Robert\AppData\Local\Temp\cc9p6bVr.s 			page 21


 870 006e 7D       		.byte	0x7d
 871 006f 08       		.sleb128 8
 872 0070 04000000 		.4byte	.LCFI5
 873 0074 0E000000 		.4byte	.LFE2
 874 0078 0200     		.2byte	0x2
 875 007a 77       		.byte	0x77
 876 007b 08       		.sleb128 8
 877 007c 00000000 		.4byte	0
 878 0080 00000000 		.4byte	0
 879              	.LLST3:
 880 0084 00000000 		.4byte	.LFB3
 881 0088 02000000 		.4byte	.LCFI6
 882 008c 0200     		.2byte	0x2
 883 008e 7D       		.byte	0x7d
 884 008f 00       		.sleb128 0
 885 0090 02000000 		.4byte	.LCFI6
 886 0094 04000000 		.4byte	.LCFI7
 887 0098 0200     		.2byte	0x2
 888 009a 7D       		.byte	0x7d
 889 009b 08       		.sleb128 8
 890 009c 04000000 		.4byte	.LCFI7
 891 00a0 06000000 		.4byte	.LCFI8
 892 00a4 0200     		.2byte	0x2
 893 00a6 7D       		.byte	0x7d
 894 00a7 20       		.sleb128 32
 895 00a8 06000000 		.4byte	.LCFI8
 896 00ac A8000000 		.4byte	.LFE3
 897 00b0 0200     		.2byte	0x2
 898 00b2 77       		.byte	0x77
 899 00b3 20       		.sleb128 32
 900 00b4 00000000 		.4byte	0
 901 00b8 00000000 		.4byte	0
 902              	.LLST4:
 903 00bc 00000000 		.4byte	.LFB4
 904 00c0 02000000 		.4byte	.LCFI9
 905 00c4 0200     		.2byte	0x2
 906 00c6 7D       		.byte	0x7d
 907 00c7 00       		.sleb128 0
 908 00c8 02000000 		.4byte	.LCFI9
 909 00cc 04000000 		.4byte	.LCFI10
 910 00d0 0200     		.2byte	0x2
 911 00d2 7D       		.byte	0x7d
 912 00d3 08       		.sleb128 8
 913 00d4 04000000 		.4byte	.LCFI10
 914 00d8 06000000 		.4byte	.LCFI11
 915 00dc 0200     		.2byte	0x2
 916 00de 7D       		.byte	0x7d
 917 00df 20       		.sleb128 32
 918 00e0 06000000 		.4byte	.LCFI11
 919 00e4 40010000 		.4byte	.LFE4
 920 00e8 0200     		.2byte	0x2
 921 00ea 77       		.byte	0x77
 922 00eb 20       		.sleb128 32
 923 00ec 00000000 		.4byte	0
 924 00f0 00000000 		.4byte	0
 925              		.section	.debug_aranges,"",%progbits
 926 0000 3C000000 		.4byte	0x3c
ARM GAS  C:\Users\Robert\AppData\Local\Temp\cc9p6bVr.s 			page 22


 927 0004 0200     		.2byte	0x2
 928 0006 00000000 		.4byte	.Ldebug_info0
 929 000a 04       		.byte	0x4
 930 000b 00       		.byte	0
 931 000c 0000     		.2byte	0
 932 000e 0000     		.2byte	0
 933 0010 00000000 		.4byte	.LFB0
 934 0014 22000000 		.4byte	.LFE0-.LFB0
 935 0018 00000000 		.4byte	.LFB1
 936 001c 0A000000 		.4byte	.LFE1-.LFB1
 937 0020 00000000 		.4byte	.LFB2
 938 0024 0E000000 		.4byte	.LFE2-.LFB2
 939 0028 00000000 		.4byte	.LFB3
 940 002c A8000000 		.4byte	.LFE3-.LFB3
 941 0030 00000000 		.4byte	.LFB4
 942 0034 40010000 		.4byte	.LFE4-.LFB4
 943 0038 00000000 		.4byte	0
 944 003c 00000000 		.4byte	0
 945              		.section	.debug_ranges,"",%progbits
 946              	.Ldebug_ranges0:
 947 0000 00000000 		.4byte	.LFB0
 948 0004 22000000 		.4byte	.LFE0
 949 0008 00000000 		.4byte	.LFB1
 950 000c 0A000000 		.4byte	.LFE1
 951 0010 00000000 		.4byte	.LFB2
 952 0014 0E000000 		.4byte	.LFE2
 953 0018 00000000 		.4byte	.LFB3
 954 001c A8000000 		.4byte	.LFE3
 955 0020 00000000 		.4byte	.LFB4
 956 0024 40010000 		.4byte	.LFE4
 957 0028 00000000 		.4byte	0
 958 002c 00000000 		.4byte	0
 959              		.section	.debug_line,"",%progbits
 960              	.Ldebug_line0:
 961 0000 07010000 		.section	.debug_str,"MS",%progbits,1
 961      02004900 
 961      00000201 
 961      FB0E0D00 
 961      01010101 
 962              	.LASF14:
 963 0000 63797374 		.ascii	"cystatus\000"
 963      61747573 
 963      00
 964              	.LASF21:
 965 0009 636F756E 		.ascii	"count\000"
 965      7400
 966              	.LASF3:
 967 000f 73686F72 		.ascii	"short unsigned int\000"
 967      7420756E 
 967      7369676E 
 967      65642069 
 967      6E7400
 968              	.LASF18:
 969 0022 55534246 		.ascii	"USBFS_CyBtldrCommReset\000"
 969      535F4379 
 969      42746C64 
 969      72436F6D 
ARM GAS  C:\Users\Robert\AppData\Local\Temp\cc9p6bVr.s 			page 23


 969      6D526573 
 970              	.LASF24:
 971 0039 73746174 		.ascii	"status\000"
 971      757300
 972              	.LASF19:
 973 0040 70446174 		.ascii	"pData\000"
 973      6100
 974              	.LASF16:
 975 0046 55534246 		.ascii	"USBFS_CyBtldrCommStart\000"
 975      535F4379 
 975      42746C64 
 975      72436F6D 
 975      6D537461 
 976              	.LASF11:
 977 005d 666C6F61 		.ascii	"float\000"
 977      7400
 978              	.LASF20:
 979 0063 73697A65 		.ascii	"size\000"
 979      00
 980              	.LASF31:
 981 0068 433A5C55 		.ascii	"C:\\Users\\Robert\\workspace\\Embedit_git_projects\\"
 981      73657273 
 981      5C526F62 
 981      6572745C 
 981      776F726B 
 982 0097 426F6F74 		.ascii	"Bootloader_RPiSoC\\Bootloader_RPiSoC.cydsn\000"
 982      6C6F6164 
 982      65725F52 
 982      5069536F 
 982      435C426F 
 983              	.LASF5:
 984 00c1 6C6F6E67 		.ascii	"long unsigned int\000"
 984      20756E73 
 984      69676E65 
 984      6420696E 
 984      7400
 985              	.LASF9:
 986 00d3 75696E74 		.ascii	"uint8\000"
 986      3800
 987              	.LASF1:
 988 00d9 756E7369 		.ascii	"unsigned char\000"
 988      676E6564 
 988      20636861 
 988      7200
 989              	.LASF12:
 990 00e7 646F7562 		.ascii	"double\000"
 990      6C6500
 991              	.LASF25:
 992 00ee 55534246 		.ascii	"USBFS_CyBtldrCommWrite\000"
 992      535F4379 
 992      42746C64 
 992      72436F6D 
 992      6D577269 
 993              	.LASF10:
 994 0105 75696E74 		.ascii	"uint16\000"
 994      313600
 995              	.LASF8:
ARM GAS  C:\Users\Robert\AppData\Local\Temp\cc9p6bVr.s 			page 24


 996 010c 756E7369 		.ascii	"unsigned int\000"
 996      676E6564 
 996      20696E74 
 996      00
 997              	.LASF7:
 998 0119 6C6F6E67 		.ascii	"long long unsigned int\000"
 998      206C6F6E 
 998      6720756E 
 998      7369676E 
 998      65642069 
 999              	.LASF26:
 1000 0130 55534246 		.ascii	"USBFS_CyBtldrCommRead\000"
 1000      535F4379 
 1000      42746C64 
 1000      72436F6D 
 1000      6D526561 
 1001              	.LASF22:
 1002 0146 74696D65 		.ascii	"timeOut\000"
 1002      4F757400 
 1003              	.LASF23:
 1004 014e 74696D65 		.ascii	"time\000"
 1004      00
 1005              	.LASF15:
 1006 0153 73697A65 		.ascii	"sizetype\000"
 1006      74797065 
 1006      00
 1007              	.LASF6:
 1008 015c 6C6F6E67 		.ascii	"long long int\000"
 1008      206C6F6E 
 1008      6720696E 
 1008      7400
 1009              	.LASF13:
 1010 016a 63686172 		.ascii	"char\000"
 1010      00
 1011              	.LASF2:
 1012 016f 73686F72 		.ascii	"short int\000"
 1012      7420696E 
 1012      7400
 1013              	.LASF29:
 1014 0179 474E5520 		.ascii	"GNU C 4.7.3 20130312 (release) [ARM/embedded-4_7-br"
 1014      4320342E 
 1014      372E3320 
 1014      32303133 
 1014      30333132 
 1015 01ac 616E6368 		.ascii	"anch revision 196615]\000"
 1015      20726576 
 1015      6973696F 
 1015      6E203139 
 1015      36363135 
 1016              	.LASF4:
 1017 01c2 6C6F6E67 		.ascii	"long int\000"
 1017      20696E74 
 1017      00
 1018              	.LASF17:
 1019 01cb 55534246 		.ascii	"USBFS_CyBtldrCommStop\000"
 1019      535F4379 
 1019      42746C64 
ARM GAS  C:\Users\Robert\AppData\Local\Temp\cc9p6bVr.s 			page 25


 1019      72436F6D 
 1019      6D53746F 
 1020              	.LASF0:
 1021 01e1 7369676E 		.ascii	"signed char\000"
 1021      65642063 
 1021      68617200 
 1022              	.LASF28:
 1023 01ed 55534246 		.ascii	"USBFS_started\000"
 1023      535F7374 
 1023      61727465 
 1023      6400
 1024              	.LASF27:
 1025 01fb 55534246 		.ascii	"USBFS_universalTime\000"
 1025      535F756E 
 1025      69766572 
 1025      73616C54 
 1025      696D6500 
 1026              	.LASF30:
 1027 020f 2E5C4765 		.ascii	".\\Generated_Source\\PSoC5\\USBFS_boot.c\000"
 1027      6E657261 
 1027      7465645F 
 1027      536F7572 
 1027      63655C50 
 1028              		.ident	"GCC: (GNU Tools for ARM Embedded Processors) 4.7.3 20130312 (release) [ARM/embedded-4_7-br
