ARM GAS  C:\Users\Robert\AppData\Local\Temp\cc048NZ1.s 			page 1


   1              		.syntax unified
   2              		.cpu cortex-m3
   3              		.fpu softvfp
   4              		.eabi_attribute 20, 1
   5              		.eabi_attribute 21, 1
   6              		.eabi_attribute 23, 3
   7              		.eabi_attribute 24, 1
   8              		.eabi_attribute 25, 1
   9              		.eabi_attribute 26, 1
  10              		.eabi_attribute 30, 6
  11              		.eabi_attribute 34, 1
  12              		.eabi_attribute 18, 4
  13              		.thumb
  14              		.file	"USBFS_vnd.c"
  15              		.text
  16              	.Ltext0:
  17              		.cfi_sections	.debug_frame
  18              		.section	.text.USBFS_HandleVendorRqst,"ax",%progbits
  19              		.align	2
  20              		.global	USBFS_HandleVendorRqst
  21              		.thumb
  22              		.thumb_func
  23              		.type	USBFS_HandleVendorRqst, %function
  24              	USBFS_HandleVendorRqst:
  25              	.LFB0:
  26              		.file 1 ".\\Generated_Source\\PSoC5\\USBFS_vnd.c"
   1:.\Generated_Source\PSoC5/USBFS_vnd.c **** /*******************************************************************************
   2:.\Generated_Source\PSoC5/USBFS_vnd.c **** * File Name: USBFS_vnd.c
   3:.\Generated_Source\PSoC5/USBFS_vnd.c **** * Version 2.60
   4:.\Generated_Source\PSoC5/USBFS_vnd.c **** *
   5:.\Generated_Source\PSoC5/USBFS_vnd.c **** * Description:
   6:.\Generated_Source\PSoC5/USBFS_vnd.c **** *  USB vendor request handler.
   7:.\Generated_Source\PSoC5/USBFS_vnd.c **** *
   8:.\Generated_Source\PSoC5/USBFS_vnd.c **** * Note:
   9:.\Generated_Source\PSoC5/USBFS_vnd.c **** *
  10:.\Generated_Source\PSoC5/USBFS_vnd.c **** ********************************************************************************
  11:.\Generated_Source\PSoC5/USBFS_vnd.c **** * Copyright 2008-2013, Cypress Semiconductor Corporation.  All rights reserved.
  12:.\Generated_Source\PSoC5/USBFS_vnd.c **** * You may use this file only in accordance with the license, terms, conditions,
  13:.\Generated_Source\PSoC5/USBFS_vnd.c **** * disclaimers, and limitations in the end user license agreement accompanying
  14:.\Generated_Source\PSoC5/USBFS_vnd.c **** * the software package with which this file was provided.
  15:.\Generated_Source\PSoC5/USBFS_vnd.c **** *******************************************************************************/
  16:.\Generated_Source\PSoC5/USBFS_vnd.c **** 
  17:.\Generated_Source\PSoC5/USBFS_vnd.c **** #include "USBFS.h"
  18:.\Generated_Source\PSoC5/USBFS_vnd.c **** #include "USBFS_pvt.h"
  19:.\Generated_Source\PSoC5/USBFS_vnd.c **** 
  20:.\Generated_Source\PSoC5/USBFS_vnd.c **** #if(USBFS_EXTERN_VND == USBFS_FALSE)
  21:.\Generated_Source\PSoC5/USBFS_vnd.c **** 
  22:.\Generated_Source\PSoC5/USBFS_vnd.c **** 
  23:.\Generated_Source\PSoC5/USBFS_vnd.c **** /***************************************
  24:.\Generated_Source\PSoC5/USBFS_vnd.c **** * Vendor Specific Declarations
  25:.\Generated_Source\PSoC5/USBFS_vnd.c **** ***************************************/
  26:.\Generated_Source\PSoC5/USBFS_vnd.c **** 
  27:.\Generated_Source\PSoC5/USBFS_vnd.c **** /* `#START VENDOR_SPECIFIC_DECLARATIONS` Place your declaration here */
  28:.\Generated_Source\PSoC5/USBFS_vnd.c **** 
  29:.\Generated_Source\PSoC5/USBFS_vnd.c **** /* `#END` */
  30:.\Generated_Source\PSoC5/USBFS_vnd.c **** 
  31:.\Generated_Source\PSoC5/USBFS_vnd.c **** 
ARM GAS  C:\Users\Robert\AppData\Local\Temp\cc048NZ1.s 			page 2


  32:.\Generated_Source\PSoC5/USBFS_vnd.c **** /*******************************************************************************
  33:.\Generated_Source\PSoC5/USBFS_vnd.c **** * Function Name: USBFS_HandleVendorRqst
  34:.\Generated_Source\PSoC5/USBFS_vnd.c **** ********************************************************************************
  35:.\Generated_Source\PSoC5/USBFS_vnd.c **** *
  36:.\Generated_Source\PSoC5/USBFS_vnd.c **** * Summary:
  37:.\Generated_Source\PSoC5/USBFS_vnd.c **** *  This routine provide users with a method to implement vendor specifc
  38:.\Generated_Source\PSoC5/USBFS_vnd.c **** *  requests.
  39:.\Generated_Source\PSoC5/USBFS_vnd.c **** *
  40:.\Generated_Source\PSoC5/USBFS_vnd.c **** *  To implement vendor specific requests, add your code in this function to
  41:.\Generated_Source\PSoC5/USBFS_vnd.c **** *  decode and disposition the request.  If the request is handled, your code
  42:.\Generated_Source\PSoC5/USBFS_vnd.c **** *  must set the variable "requestHandled" to TRUE, indicating that the
  43:.\Generated_Source\PSoC5/USBFS_vnd.c **** *  request has been handled.
  44:.\Generated_Source\PSoC5/USBFS_vnd.c **** *
  45:.\Generated_Source\PSoC5/USBFS_vnd.c **** * Parameters:
  46:.\Generated_Source\PSoC5/USBFS_vnd.c **** *  None.
  47:.\Generated_Source\PSoC5/USBFS_vnd.c **** *
  48:.\Generated_Source\PSoC5/USBFS_vnd.c **** * Return:
  49:.\Generated_Source\PSoC5/USBFS_vnd.c **** *  requestHandled.
  50:.\Generated_Source\PSoC5/USBFS_vnd.c **** *
  51:.\Generated_Source\PSoC5/USBFS_vnd.c **** * Reentrant:
  52:.\Generated_Source\PSoC5/USBFS_vnd.c **** *  No.
  53:.\Generated_Source\PSoC5/USBFS_vnd.c **** *
  54:.\Generated_Source\PSoC5/USBFS_vnd.c **** *******************************************************************************/
  55:.\Generated_Source\PSoC5/USBFS_vnd.c **** uint8 USBFS_HandleVendorRqst(void) 
  56:.\Generated_Source\PSoC5/USBFS_vnd.c **** {
  27              		.loc 1 56 0
  28              		.cfi_startproc
  29              		@ args = 0, pretend = 0, frame = 8
  30              		@ frame_needed = 1, uses_anonymous_args = 0
  31              		@ link register save eliminated.
  32 0000 80B4     		push	{r7}
  33              	.LCFI0:
  34              		.cfi_def_cfa_offset 4
  35              		.cfi_offset 7, -4
  36 0002 83B0     		sub	sp, sp, #12
  37              	.LCFI1:
  38              		.cfi_def_cfa_offset 16
  39 0004 00AF     		add	r7, sp, #0
  40              	.LCFI2:
  41              		.cfi_def_cfa_register 7
  57:.\Generated_Source\PSoC5/USBFS_vnd.c ****     uint8 requestHandled = USBFS_FALSE;
  42              		.loc 1 57 0
  43 0006 4FF00003 		mov	r3, #0
  44 000a FB71     		strb	r3, [r7, #7]
  58:.\Generated_Source\PSoC5/USBFS_vnd.c **** 
  59:.\Generated_Source\PSoC5/USBFS_vnd.c ****     if ((CY_GET_REG8(USBFS_bmRequestType) & USBFS_RQST_DIR_MASK) == USBFS_RQST_DIR_D2H)
  45              		.loc 1 59 0
  46 000c 4FF4C043 		mov	r3, #24576
  47 0010 C4F20003 		movt	r3, 16384
  48 0014 1B78     		ldrb	r3, [r3, #0]
  49 0016 DBB2     		uxtb	r3, r3
  50 0018 DBB2     		uxtb	r3, r3
  51 001a 5BB2     		sxtb	r3, r3
  52 001c 002B     		cmp	r3, #0
  53 001e 09DA     		bge	.L2
  60:.\Generated_Source\PSoC5/USBFS_vnd.c ****     {
  61:.\Generated_Source\PSoC5/USBFS_vnd.c ****         /* Control Read */
ARM GAS  C:\Users\Robert\AppData\Local\Temp\cc048NZ1.s 			page 3


  62:.\Generated_Source\PSoC5/USBFS_vnd.c ****         switch (CY_GET_REG8(USBFS_bRequest))
  54              		.loc 1 62 0
  55 0020 46F20103 		movw	r3, #24577
  56 0024 C4F20003 		movt	r3, 16384
  57 0028 1B78     		ldrb	r3, [r3, #0]
  58 002a DBB2     		uxtb	r3, r3
  59 002c 012B     		cmp	r3, #1
  60 002e 00D0     		beq	.L6
  63:.\Generated_Source\PSoC5/USBFS_vnd.c ****         {
  64:.\Generated_Source\PSoC5/USBFS_vnd.c ****             case USBFS_GET_EXTENDED_CONFIG_DESCRIPTOR:
  65:.\Generated_Source\PSoC5/USBFS_vnd.c ****                 #if defined(USBFS_ENABLE_MSOS_STRING)
  66:.\Generated_Source\PSoC5/USBFS_vnd.c ****                     USBFS_currentTD.pData = (volatile uint8 *)&USBFS_MSOS_CONFIGURATION_DESCR[0u];
  67:.\Generated_Source\PSoC5/USBFS_vnd.c ****                     USBFS_currentTD.count = USBFS_MSOS_CONFIGURATION_DESCR[0u];
  68:.\Generated_Source\PSoC5/USBFS_vnd.c ****                     requestHandled  = USBFS_InitControlRead();
  69:.\Generated_Source\PSoC5/USBFS_vnd.c ****                 #endif /* End USBFS_ENABLE_MSOS_STRING */
  70:.\Generated_Source\PSoC5/USBFS_vnd.c ****                 break;
  71:.\Generated_Source\PSoC5/USBFS_vnd.c ****             default:
  72:.\Generated_Source\PSoC5/USBFS_vnd.c ****                 break;
  61              		.loc 1 72 0
  62 0030 00E0     		b	.L2
  63              	.L6:
  70:.\Generated_Source\PSoC5/USBFS_vnd.c ****                 break;
  64              		.loc 1 70 0
  65 0032 00BF     		nop
  66              	.L2:
  73:.\Generated_Source\PSoC5/USBFS_vnd.c ****         }
  74:.\Generated_Source\PSoC5/USBFS_vnd.c ****     }
  75:.\Generated_Source\PSoC5/USBFS_vnd.c **** 
  76:.\Generated_Source\PSoC5/USBFS_vnd.c ****     /* `#START VENDOR_SPECIFIC_CODE` Place your vendor specific request here */
  77:.\Generated_Source\PSoC5/USBFS_vnd.c **** 
  78:.\Generated_Source\PSoC5/USBFS_vnd.c ****     /* `#END` */
  79:.\Generated_Source\PSoC5/USBFS_vnd.c **** 
  80:.\Generated_Source\PSoC5/USBFS_vnd.c ****     return(requestHandled);
  67              		.loc 1 80 0
  68 0034 FB79     		ldrb	r3, [r7, #7]	@ zero_extendqisi2
  81:.\Generated_Source\PSoC5/USBFS_vnd.c **** }
  69              		.loc 1 81 0
  70 0036 1846     		mov	r0, r3
  71 0038 07F10C07 		add	r7, r7, #12
  72 003c BD46     		mov	sp, r7
  73 003e 80BC     		pop	{r7}
  74 0040 7047     		bx	lr
  75              		.cfi_endproc
  76              	.LFE0:
  77              		.size	USBFS_HandleVendorRqst, .-USBFS_HandleVendorRqst
  78 0042 00BF     		.text
  79              	.Letext0:
  80              		.file 2 ".\\Generated_Source\\PSoC5\\cytypes.h"
  81              		.section	.debug_info,"",%progbits
  82              	.Ldebug_info0:
  83 0000 CC000000 		.4byte	0xcc
  84 0004 0200     		.2byte	0x2
  85 0006 00000000 		.4byte	.Ldebug_abbrev0
  86 000a 04       		.byte	0x4
  87 000b 01       		.uleb128 0x1
  88 000c 57000000 		.4byte	.LASF15
  89 0010 01       		.byte	0x1
ARM GAS  C:\Users\Robert\AppData\Local\Temp\cc048NZ1.s 			page 4


  90 0011 1B000000 		.4byte	.LASF16
  91 0015 DE000000 		.4byte	.LASF17
  92 0019 00000000 		.4byte	.Ldebug_ranges0+0
  93 001d 00000000 		.4byte	0
  94 0021 00000000 		.4byte	0
  95 0025 00000000 		.4byte	.Ldebug_line0
  96 0029 02       		.uleb128 0x2
  97 002a 01       		.byte	0x1
  98 002b 06       		.byte	0x6
  99 002c 6D010000 		.4byte	.LASF0
 100 0030 02       		.uleb128 0x2
 101 0031 01       		.byte	0x1
 102 0032 08       		.byte	0x8
 103 0033 37010000 		.4byte	.LASF1
 104 0037 02       		.uleb128 0x2
 105 0038 02       		.byte	0x2
 106 0039 05       		.byte	0x5
 107 003a 7F010000 		.4byte	.LASF2
 108 003e 02       		.uleb128 0x2
 109 003f 02       		.byte	0x2
 110 0040 07       		.byte	0x7
 111 0041 5A010000 		.4byte	.LASF3
 112 0045 02       		.uleb128 0x2
 113 0046 04       		.byte	0x4
 114 0047 05       		.byte	0x5
 115 0048 4A010000 		.4byte	.LASF4
 116 004c 02       		.uleb128 0x2
 117 004d 04       		.byte	0x4
 118 004e 07       		.byte	0x7
 119 004f A6000000 		.4byte	.LASF5
 120 0053 02       		.uleb128 0x2
 121 0054 08       		.byte	0x8
 122 0055 05       		.byte	0x5
 123 0056 00000000 		.4byte	.LASF6
 124 005a 02       		.uleb128 0x2
 125 005b 08       		.byte	0x8
 126 005c 07       		.byte	0x7
 127 005d C7000000 		.4byte	.LASF7
 128 0061 03       		.uleb128 0x3
 129 0062 04       		.byte	0x4
 130 0063 05       		.byte	0x5
 131 0064 696E7400 		.ascii	"int\000"
 132 0068 02       		.uleb128 0x2
 133 0069 04       		.byte	0x4
 134 006a 07       		.byte	0x7
 135 006b 0E000000 		.4byte	.LASF8
 136 006f 04       		.uleb128 0x4
 137 0070 A0000000 		.4byte	.LASF12
 138 0074 02       		.byte	0x2
 139 0075 5B       		.byte	0x5b
 140 0076 30000000 		.4byte	0x30
 141 007a 02       		.uleb128 0x2
 142 007b 04       		.byte	0x4
 143 007c 04       		.byte	0x4
 144 007d 79010000 		.4byte	.LASF9
 145 0081 02       		.uleb128 0x2
 146 0082 08       		.byte	0x8
ARM GAS  C:\Users\Robert\AppData\Local\Temp\cc048NZ1.s 			page 5


 147 0083 04       		.byte	0x4
 148 0084 53010000 		.4byte	.LASF10
 149 0088 02       		.uleb128 0x2
 150 0089 01       		.byte	0x1
 151 008a 08       		.byte	0x8
 152 008b 45010000 		.4byte	.LASF11
 153 008f 04       		.uleb128 0x4
 154 0090 89010000 		.4byte	.LASF13
 155 0094 02       		.byte	0x2
 156 0095 F0       		.byte	0xf0
 157 0096 9A000000 		.4byte	0x9a
 158 009a 05       		.uleb128 0x5
 159 009b 6F000000 		.4byte	0x6f
 160 009f 02       		.uleb128 0x2
 161 00a0 04       		.byte	0x4
 162 00a1 07       		.byte	0x7
 163 00a2 8E010000 		.4byte	.LASF14
 164 00a6 06       		.uleb128 0x6
 165 00a7 01       		.byte	0x1
 166 00a8 40000000 		.4byte	.LASF18
 167 00ac 01       		.byte	0x1
 168 00ad 37       		.byte	0x37
 169 00ae 01       		.byte	0x1
 170 00af 6F000000 		.4byte	0x6f
 171 00b3 00000000 		.4byte	.LFB0
 172 00b7 42000000 		.4byte	.LFE0
 173 00bb 00000000 		.4byte	.LLST0
 174 00bf 01       		.byte	0x1
 175 00c0 07       		.uleb128 0x7
 176 00c1 B8000000 		.4byte	.LASF19
 177 00c5 01       		.byte	0x1
 178 00c6 39       		.byte	0x39
 179 00c7 6F000000 		.4byte	0x6f
 180 00cb 02       		.byte	0x2
 181 00cc 91       		.byte	0x91
 182 00cd 77       		.sleb128 -9
 183 00ce 00       		.byte	0
 184 00cf 00       		.byte	0
 185              		.section	.debug_abbrev,"",%progbits
 186              	.Ldebug_abbrev0:
 187 0000 01       		.uleb128 0x1
 188 0001 11       		.uleb128 0x11
 189 0002 01       		.byte	0x1
 190 0003 25       		.uleb128 0x25
 191 0004 0E       		.uleb128 0xe
 192 0005 13       		.uleb128 0x13
 193 0006 0B       		.uleb128 0xb
 194 0007 03       		.uleb128 0x3
 195 0008 0E       		.uleb128 0xe
 196 0009 1B       		.uleb128 0x1b
 197 000a 0E       		.uleb128 0xe
 198 000b 55       		.uleb128 0x55
 199 000c 06       		.uleb128 0x6
 200 000d 11       		.uleb128 0x11
 201 000e 01       		.uleb128 0x1
 202 000f 52       		.uleb128 0x52
 203 0010 01       		.uleb128 0x1
ARM GAS  C:\Users\Robert\AppData\Local\Temp\cc048NZ1.s 			page 6


 204 0011 10       		.uleb128 0x10
 205 0012 06       		.uleb128 0x6
 206 0013 00       		.byte	0
 207 0014 00       		.byte	0
 208 0015 02       		.uleb128 0x2
 209 0016 24       		.uleb128 0x24
 210 0017 00       		.byte	0
 211 0018 0B       		.uleb128 0xb
 212 0019 0B       		.uleb128 0xb
 213 001a 3E       		.uleb128 0x3e
 214 001b 0B       		.uleb128 0xb
 215 001c 03       		.uleb128 0x3
 216 001d 0E       		.uleb128 0xe
 217 001e 00       		.byte	0
 218 001f 00       		.byte	0
 219 0020 03       		.uleb128 0x3
 220 0021 24       		.uleb128 0x24
 221 0022 00       		.byte	0
 222 0023 0B       		.uleb128 0xb
 223 0024 0B       		.uleb128 0xb
 224 0025 3E       		.uleb128 0x3e
 225 0026 0B       		.uleb128 0xb
 226 0027 03       		.uleb128 0x3
 227 0028 08       		.uleb128 0x8
 228 0029 00       		.byte	0
 229 002a 00       		.byte	0
 230 002b 04       		.uleb128 0x4
 231 002c 16       		.uleb128 0x16
 232 002d 00       		.byte	0
 233 002e 03       		.uleb128 0x3
 234 002f 0E       		.uleb128 0xe
 235 0030 3A       		.uleb128 0x3a
 236 0031 0B       		.uleb128 0xb
 237 0032 3B       		.uleb128 0x3b
 238 0033 0B       		.uleb128 0xb
 239 0034 49       		.uleb128 0x49
 240 0035 13       		.uleb128 0x13
 241 0036 00       		.byte	0
 242 0037 00       		.byte	0
 243 0038 05       		.uleb128 0x5
 244 0039 35       		.uleb128 0x35
 245 003a 00       		.byte	0
 246 003b 49       		.uleb128 0x49
 247 003c 13       		.uleb128 0x13
 248 003d 00       		.byte	0
 249 003e 00       		.byte	0
 250 003f 06       		.uleb128 0x6
 251 0040 2E       		.uleb128 0x2e
 252 0041 01       		.byte	0x1
 253 0042 3F       		.uleb128 0x3f
 254 0043 0C       		.uleb128 0xc
 255 0044 03       		.uleb128 0x3
 256 0045 0E       		.uleb128 0xe
 257 0046 3A       		.uleb128 0x3a
 258 0047 0B       		.uleb128 0xb
 259 0048 3B       		.uleb128 0x3b
 260 0049 0B       		.uleb128 0xb
ARM GAS  C:\Users\Robert\AppData\Local\Temp\cc048NZ1.s 			page 7


 261 004a 27       		.uleb128 0x27
 262 004b 0C       		.uleb128 0xc
 263 004c 49       		.uleb128 0x49
 264 004d 13       		.uleb128 0x13
 265 004e 11       		.uleb128 0x11
 266 004f 01       		.uleb128 0x1
 267 0050 12       		.uleb128 0x12
 268 0051 01       		.uleb128 0x1
 269 0052 40       		.uleb128 0x40
 270 0053 06       		.uleb128 0x6
 271 0054 9742     		.uleb128 0x2117
 272 0056 0C       		.uleb128 0xc
 273 0057 00       		.byte	0
 274 0058 00       		.byte	0
 275 0059 07       		.uleb128 0x7
 276 005a 34       		.uleb128 0x34
 277 005b 00       		.byte	0
 278 005c 03       		.uleb128 0x3
 279 005d 0E       		.uleb128 0xe
 280 005e 3A       		.uleb128 0x3a
 281 005f 0B       		.uleb128 0xb
 282 0060 3B       		.uleb128 0x3b
 283 0061 0B       		.uleb128 0xb
 284 0062 49       		.uleb128 0x49
 285 0063 13       		.uleb128 0x13
 286 0064 02       		.uleb128 0x2
 287 0065 0A       		.uleb128 0xa
 288 0066 00       		.byte	0
 289 0067 00       		.byte	0
 290 0068 00       		.byte	0
 291              		.section	.debug_loc,"",%progbits
 292              	.Ldebug_loc0:
 293              	.LLST0:
 294 0000 00000000 		.4byte	.LFB0
 295 0004 02000000 		.4byte	.LCFI0
 296 0008 0200     		.2byte	0x2
 297 000a 7D       		.byte	0x7d
 298 000b 00       		.sleb128 0
 299 000c 02000000 		.4byte	.LCFI0
 300 0010 04000000 		.4byte	.LCFI1
 301 0014 0200     		.2byte	0x2
 302 0016 7D       		.byte	0x7d
 303 0017 04       		.sleb128 4
 304 0018 04000000 		.4byte	.LCFI1
 305 001c 06000000 		.4byte	.LCFI2
 306 0020 0200     		.2byte	0x2
 307 0022 7D       		.byte	0x7d
 308 0023 10       		.sleb128 16
 309 0024 06000000 		.4byte	.LCFI2
 310 0028 42000000 		.4byte	.LFE0
 311 002c 0200     		.2byte	0x2
 312 002e 77       		.byte	0x77
 313 002f 10       		.sleb128 16
 314 0030 00000000 		.4byte	0
 315 0034 00000000 		.4byte	0
 316              		.section	.debug_aranges,"",%progbits
 317 0000 1C000000 		.4byte	0x1c
ARM GAS  C:\Users\Robert\AppData\Local\Temp\cc048NZ1.s 			page 8


 318 0004 0200     		.2byte	0x2
 319 0006 00000000 		.4byte	.Ldebug_info0
 320 000a 04       		.byte	0x4
 321 000b 00       		.byte	0
 322 000c 0000     		.2byte	0
 323 000e 0000     		.2byte	0
 324 0010 00000000 		.4byte	.LFB0
 325 0014 42000000 		.4byte	.LFE0-.LFB0
 326 0018 00000000 		.4byte	0
 327 001c 00000000 		.4byte	0
 328              		.section	.debug_ranges,"",%progbits
 329              	.Ldebug_ranges0:
 330 0000 00000000 		.4byte	.LFB0
 331 0004 42000000 		.4byte	.LFE0
 332 0008 00000000 		.4byte	0
 333 000c 00000000 		.4byte	0
 334              		.section	.debug_line,"",%progbits
 335              	.Ldebug_line0:
 336 0000 68000000 		.section	.debug_str,"MS",%progbits,1
 336      02004800 
 336      00000201 
 336      FB0E0D00 
 336      01010101 
 337              	.LASF6:
 338 0000 6C6F6E67 		.ascii	"long long int\000"
 338      206C6F6E 
 338      6720696E 
 338      7400
 339              	.LASF8:
 340 000e 756E7369 		.ascii	"unsigned int\000"
 340      676E6564 
 340      20696E74 
 340      00
 341              	.LASF16:
 342 001b 2E5C4765 		.ascii	".\\Generated_Source\\PSoC5\\USBFS_vnd.c\000"
 342      6E657261 
 342      7465645F 
 342      536F7572 
 342      63655C50 
 343              	.LASF18:
 344 0040 55534246 		.ascii	"USBFS_HandleVendorRqst\000"
 344      535F4861 
 344      6E646C65 
 344      56656E64 
 344      6F725271 
 345              	.LASF15:
 346 0057 474E5520 		.ascii	"GNU C 4.7.3 20130312 (release) [ARM/embedded-4_7-br"
 346      4320342E 
 346      372E3320 
 346      32303133 
 346      30333132 
 347 008a 616E6368 		.ascii	"anch revision 196615]\000"
 347      20726576 
 347      6973696F 
 347      6E203139 
 347      36363135 
 348              	.LASF12:
ARM GAS  C:\Users\Robert\AppData\Local\Temp\cc048NZ1.s 			page 9


 349 00a0 75696E74 		.ascii	"uint8\000"
 349      3800
 350              	.LASF5:
 351 00a6 6C6F6E67 		.ascii	"long unsigned int\000"
 351      20756E73 
 351      69676E65 
 351      6420696E 
 351      7400
 352              	.LASF19:
 353 00b8 72657175 		.ascii	"requestHandled\000"
 353      65737448 
 353      616E646C 
 353      656400
 354              	.LASF7:
 355 00c7 6C6F6E67 		.ascii	"long long unsigned int\000"
 355      206C6F6E 
 355      6720756E 
 355      7369676E 
 355      65642069 
 356              	.LASF17:
 357 00de 433A5C55 		.ascii	"C:\\Users\\Robert\\workspace\\Embedit_git_projects\\"
 357      73657273 
 357      5C526F62 
 357      6572745C 
 357      776F726B 
 358 010d 426F6F74 		.ascii	"Bootloader_RPiSoC\\Bootloader_RPiSoC.cydsn\000"
 358      6C6F6164 
 358      65725F52 
 358      5069536F 
 358      435C426F 
 359              	.LASF1:
 360 0137 756E7369 		.ascii	"unsigned char\000"
 360      676E6564 
 360      20636861 
 360      7200
 361              	.LASF11:
 362 0145 63686172 		.ascii	"char\000"
 362      00
 363              	.LASF4:
 364 014a 6C6F6E67 		.ascii	"long int\000"
 364      20696E74 
 364      00
 365              	.LASF10:
 366 0153 646F7562 		.ascii	"double\000"
 366      6C6500
 367              	.LASF3:
 368 015a 73686F72 		.ascii	"short unsigned int\000"
 368      7420756E 
 368      7369676E 
 368      65642069 
 368      6E7400
 369              	.LASF0:
 370 016d 7369676E 		.ascii	"signed char\000"
 370      65642063 
 370      68617200 
 371              	.LASF9:
 372 0179 666C6F61 		.ascii	"float\000"
ARM GAS  C:\Users\Robert\AppData\Local\Temp\cc048NZ1.s 			page 10


 372      7400
 373              	.LASF2:
 374 017f 73686F72 		.ascii	"short int\000"
 374      7420696E 
 374      7400
 375              	.LASF13:
 376 0189 72656738 		.ascii	"reg8\000"
 376      00
 377              	.LASF14:
 378 018e 73697A65 		.ascii	"sizetype\000"
 378      74797065 
 378      00
 379              		.ident	"GCC: (GNU Tools for ARM Embedded Processors) 4.7.3 20130312 (release) [ARM/embedded-4_7-br
